Component: ARM Compiler 5.06 update 6 (build 750) Tool: armlink [4d35ed]

==============================================================================

Section Cross References

    main.o(i.AppInit) refers to store_app.o(i.InitSysParam) for InitSysParam
    main.o(i.DrvInit) refers to iap_drv.o(i.InitIrqAfterBoot) for InitIrqAfterBoot
    main.o(i.DrvInit) refers to delay.o(i.DelayInit) for DelayInit
    main.o(i.DrvInit) refers to led_drv.o(i.LedDrvInit) for LedDrvInit
    main.o(i.DrvInit) refers to key_drv.o(i.KeyDrvInit) for KeyDrvInit
    main.o(i.DrvInit) refers to systick.o(i.SystickInit) for SystickInit
    main.o(i.DrvInit) refers to usb2com_drv.o(i.Usb2ComDrvInit) for Usb2ComDrvInit
    main.o(i.DrvInit) refers to wifi_drv.o(i.WifiDrvInit) for WifiDrvInit
    main.o(i.DrvInit) refers to ntc_drv.o(i.TempDrvInit) for TempDrvInit
    main.o(i.DrvInit) refers to rh_drv.o(i.HumiDrvInit) for HumiDrvInit
    main.o(i.DrvInit) refers to rtc_drv.o(i.RtcDrvInit) for RtcDrvInit
    main.o(i.main) refers to main.o(i.DrvInit) for DrvInit
    main.o(i.main) refers to main.o(i.AppInit) for AppInit
    main.o(i.main) refers to printfa.o(i.__0printf) for __2printf
    main.o(i.main) refers to wifi_app.o(i.WifiNetworkTask) for WifiNetworkTask
    main.o(i.main) refers to key_drv.o(i.GetKeyVal) for GetKeyVal
    main.o(i.main) refers to store_app.o(i.SetUpdateFlag) for SetUpdateFlag
    main.o(i.main) refers to iap_drv.o(i.ResetToBoot) for ResetToBoot
    wifi_app.o(i.AtCmdHandle) refers to wifi_drv.o(i.SendWifiModuleStr) for SendWifiModuleStr
    wifi_app.o(i.AtCmdHandle) refers to systick.o(i.GetSysRunTime) for GetSysRunTime
    wifi_app.o(i.AtCmdHandle) refers to wifi_drv.o(i.RecvWifiModuleStr) for RecvWifiModuleStr
    wifi_app.o(i.AtCmdHandle) refers to strstr.o(.text) for strstr
    wifi_app.o(i.AtCmdHandle) refers to wifi_app.o(.data) for s_commState
    wifi_app.o(i.AtCmdHandle) refers to wifi_app.o(.bss) for g_recvStrBuf
    wifi_app.o(i.CaculateDownloadSplitSize) refers to wifi_app.o(.data) for g_otaBinSize
    wifi_app.o(i.ClearRecvWifiStr) refers to memseta.o(.text) for __aeabi_memclr4
    wifi_app.o(i.ClearRecvWifiStr) refers to wifi_app.o(.bss) for g_recvStrBuf
    wifi_app.o(i.ConnectIotServer) refers to memseta.o(.text) for __aeabi_memclr4
    wifi_app.o(i.ConnectIotServer) refers to wifi_app.o(i.AtCmdHandle) for AtCmdHandle
    wifi_app.o(i.ConnectIotServer) refers to wifi_app.o(i.ClearRecvWifiStr) for ClearRecvWifiStr
    wifi_app.o(i.ConnectIotServer) refers to store_app.o(i.GetSoftwareVersionParam) for GetSoftwareVersionParam
    wifi_app.o(i.ConnectIotServer) refers to printfa.o(i.__0sprintf) for __2sprintf
    wifi_app.o(i.ConnectIotServer) refers to strlen.o(.text) for strlen
    wifi_app.o(i.ConnectIotServer) refers to wifi_app.o(.data) for s_cmdType
    wifi_app.o(i.ConnectIotServer) refers to wifi_app.o(.bss) for g_httpPostBuf
    wifi_app.o(i.ConnectWifiHotspot) refers to wifi_app.o(i.AtCmdHandle) for AtCmdHandle
    wifi_app.o(i.ConnectWifiHotspot) refers to wifi_app.o(i.ClearRecvWifiStr) for ClearRecvWifiStr
    wifi_app.o(i.ConnectWifiHotspot) refers to wifi_app.o(.data) for s_cmdType
    wifi_app.o(i.InitWifiModule) refers to wifi_app.o(i.AtCmdHandle) for AtCmdHandle
    wifi_app.o(i.InitWifiModule) refers to wifi_app.o(i.ClearRecvWifiStr) for ClearRecvWifiStr
    wifi_app.o(i.InitWifiModule) refers to wifi_app.o(.data) for s_cmdType
    wifi_app.o(i.OtaCheckAndDownloadFw) refers to memseta.o(.text) for __aeabi_memclr4
    wifi_app.o(i.OtaCheckAndDownloadFw) refers to systick.o(i.GetSysRunTime) for GetSysRunTime
    wifi_app.o(i.OtaCheckAndDownloadFw) refers to strlen.o(.text) for strlen
    wifi_app.o(i.OtaCheckAndDownloadFw) refers to printfa.o(i.__0sprintf) for __2sprintf
    wifi_app.o(i.OtaCheckAndDownloadFw) refers to wifi_app.o(i.AtCmdHandle) for AtCmdHandle
    wifi_app.o(i.OtaCheckAndDownloadFw) refers to wifi_app.o(i.ClearRecvWifiStr) for ClearRecvWifiStr
    wifi_app.o(i.OtaCheckAndDownloadFw) refers to strstr.o(.text) for strstr
    wifi_app.o(i.OtaCheckAndDownloadFw) refers to wifi_app.o(i.ParaseFwInfo) for ParaseFwInfo
    wifi_app.o(i.OtaCheckAndDownloadFw) refers to md5.o(i.MD5Init) for MD5Init
    wifi_app.o(i.OtaCheckAndDownloadFw) refers to inflash_drv.o(i.FlashErase) for FlashErase
    wifi_app.o(i.OtaCheckAndDownloadFw) refers to wifi_app.o(i.CaculateDownloadSplitSize) for CaculateDownloadSplitSize
    wifi_app.o(i.OtaCheckAndDownloadFw) refers to printfa.o(i.__0printf) for __2printf
    wifi_app.o(i.OtaCheckAndDownloadFw) refers to wifi_app.o(i.VerifyFwMd5) for VerifyFwMd5
    wifi_app.o(i.OtaCheckAndDownloadFw) refers to inflash_drv.o(i.FlashWrite) for FlashWrite
    wifi_app.o(i.OtaCheckAndDownloadFw) refers to md5.o(i.MD5Update) for MD5Update
    wifi_app.o(i.OtaCheckAndDownloadFw) refers to store_app.o(i.WriteUpdateInfo) for WriteUpdateInfo
    wifi_app.o(i.OtaCheckAndDownloadFw) refers to wifi_app.o(.data) for s_cmdType
[...]
    .ARM.Collect$$$$0000000D                 0x08007140   Section        0  entry10a.o(.ARM.Collect$$$$0000000D)
    .ARM.Collect$$$$0000000F                 0x08007140   Section        0  entry11a.o(.ARM.Collect$$$$0000000F)
    .ARM.Collect$$$$00002712                 0x08007140   Section        4  entry2.o(.ARM.Collect$$$$00002712)
    __lit__00000000                          0x08007140   Data           4  entry2.o(.ARM.Collect$$$$00002712)
    .text                                    0x08007144   Section       36  startup_gd32f30x_hd.o(.text)
    $v0                                      0x08007144   Number         0  startup_gd32f30x_hd.o(.text)
    .text                                    0x08007168   Section        0  memcpya.o(.text)
    .text                                    0x0800718c   Section        0  memseta.o(.text)
    .text                                    0x080071b0   Section        0  strcat.o(.text)
    .text                                    0x080071c8   Section        0  strstr.o(.text)
    .text                                    0x080071ec   Section        0  strncpy.o(.text)
    .text                                    0x08007204   Section        0  strlen.o(.text)
    .text                                    0x08007212   Section        0  strcmp.o(.text)
    .text                                    0x0800722e   Section        0  strcpy.o(.text)
    .text                                    0x08007240   Section        0  __0sscanf.o(.text)
    .text                                    0x08007278   Section        0  _scanf_int.o(.text)
    .text                                    0x080073c4   Section        0  _scanf_str.o(.text)
    .text                                    0x080074a4   Section        0  uidiv.o(.text)
    .text                                    0x080074d0   Section        0  uldiv.o(.text)
    .text                                    0x08007532   Section        0  _chval.o(.text)
    .text                                    0x08007550   Section        0  scanf_char.o(.text)
    _scanf_char_input                        0x08007551   Thumb Code    12  scanf_char.o(.text)
    .text                                    0x08007578   Section        0  _sgetc.o(.text)
    .text                                    0x080075b8   Section        0  dadd.o(.text)
    .text                                    0x080075b8   Section        0  iusefp.o(.text)
    .text                                    0x08007706   Section        0  dmul.o(.text)
    .text                                    0x080077ea   Section        0  ddiv.o(.text)
    .text                                    0x080078c8   Section        0  dfixul.o(.text)
    .text                                    0x080078f8   Section       48  cdrcmple.o(.text)
    .text                                    0x08007928   Section       36  init.o(.text)
    .text                                    0x0800794c   Section        0  llshl.o(.text)
    .text                                    0x0800796a   Section        0  llushr.o(.text)
    .text                                    0x0800798a   Section        0  llsshr.o(.text)
    .text                                    0x080079ae   Section        0  isspace_c.o(.text)
    .text                                    0x080079b8   Section        0  _scanf.o(.text)
    .text                                    0x08007ce4   Section        0  depilogue.o(.text)
    .text                                    0x08007da0   Section        0  ctype_c.o(.text)
    .text                                    0x08007dc8   Section        0  __dczerorl2.o(.text)
    i.AcPowerProc                            0x08007e20   Section        0  rh_drv.o(i.AcPowerProc)
    AcPowerProc                              0x08007e21   Thumb Code    52  rh_drv.o(i.AcPowerProc)
    i.AdcInit                                0x08007e58   Section        0  ntc_drv.o(i.AdcInit)
    AdcInit                                  0x08007e59   Thumb Code   118  ntc_drv.o(i.AdcInit)
    i.AdcInit                                0x08007ed4   Section        0  rh_drv.o(i.AdcInit)
    AdcInit                                  0x08007ed5   Thumb Code   104  rh_drv.o(i.AdcInit)
    i.AppInit                                0x08007f40   Section        0  main.o(i.AppInit)
    AppInit                                  0x08007f41   Thumb Code     8  main.o(i.AppInit)
    i.AtCmdHandle                            0x08007f48   Section        0  wifi_app.o(i.AtCmdHandle)
    i.CaculateDownloadSplitSize              0x08008020   Section        0  wifi_app.o(i.CaculateDownloadSplitSize)
    CaculateDownloadSplitSize                0x08008021   Thumb Code    46  wifi_app.o(i.CaculateDownloadSplitSize)
    i.CalcCrc8                               0x08008054   Section        0  store_app.o(i.CalcCrc8)
    CalcCrc8                                 0x08008055   Thumb Code    58  store_app.o(i.CalcCrc8)
    i.ClearRecvWifiStr                       0x08008090   Section        0  wifi_app.o(i.ClearRecvWifiStr)
    ClearRecvWifiStr                         0x08008091   Thumb Code    14  wifi_app.o(i.ClearRecvWifiStr)
    i.ConnectIotServer                       0x080080a4   Section        0  wifi_app.o(i.ConnectIotServer)
    ConnectIotServer                         0x080080a5   Thumb Code   326  wifi_app.o(i.ConnectIotServer)
    i.ConnectWifiHotspot                     0x08008220   Section        0  wifi_app.o(i.ConnectWifiHotspot)
    ConnectWifiHotspot                       0x08008221   Thumb Code   120  wifi_app.o(i.ConnectWifiHotspot)
    i.DelayInit                              0x080082a0   Section        0  delay.o(i.DelayInit)
    i.DelayNms                               0x080082e8   Section        0  delay.o(i.DelayNms)
    i.DelayNus                               0x08008300   Section        0  delay.o(i.DelayNus)
    i.DisableWifiModule                      0x0800832c   Section        0  wifi_drv.o(i.DisableWifiModule)
    i.DmaInit                                0x0800833c   Section        0  usb2com_drv.o(i.DmaInit)
    DmaInit                                  0x0800833d   Thumb Code    90  usb2com_drv.o(i.DmaInit)
    i.DmaInit                                0x080083a4   Section        0  wifi_drv.o(i.DmaInit)
    DmaInit                                  0x080083a5   Thumb Code    90  wifi_drv.o(i.DmaInit)
    i.DrvInit                                0x0800840c   Section        0  main.o(i.DrvInit)
    DrvInit                                  0x0800840d   Thumb Code    44  main.o(i.DrvInit)
    i.EnableWifiModule                       0x08008438   Section        0  wifi_drv.o(i.EnableWifiModule)
    i.FlashErase                             0x08008448   Section        0  inflash_drv.o(i.FlashErase)
    i.FlashRead                              0x08008500   Section        0  inflash_drv.o(i.FlashRead)
    i.FlashWrite                             0x0800852c   Section        0  inflash_drv.o(i.FlashWrite)
    i.GetAdcVal                              0x080085b4   Section        0  rh_drv.o(i.GetAdcVal)
    GetAdcVal                                0x080085b5   Thumb Code    32  rh_drv.o(i.GetAdcVal)
    i.GetKeyVal                              0x080085d8   Section        0  key_drv.o(i.GetKeyVal)
    i.GetSoftwareVersionParam                0x08008618   Section        0  store_app.o(i.GetSoftwareVersionParam)
    i.GetSysRunTime                          0x08008630   Section        0  systick.o(i.GetSysRunTime)
    i.GpioInit                               0x0800863c   Section        0  usb2com_drv.o(i.GpioInit)
    GpioInit                                 0x0800863d   Thumb Code    40  usb2com_drv.o(i.GpioInit)
    i.GpioInit                               0x08008668   Section        0  wifi_drv.o(i.GpioInit)
    GpioInit                                 0x08008669   Thumb Code    60  wifi_drv.o(i.GpioInit)
    i.GpioInit                               0x080086ac   Section        0  ntc_drv.o(i.GpioInit)
    GpioInit                                 0x080086ad   Thumb Code    24  ntc_drv.o(i.GpioInit)
    i.GpioInit                               0x080086c8   Section        0  rh_drv.o(i.GpioInit)
    GpioInit                                 0x080086c9   Thumb Code    64  rh_drv.o(i.GpioInit)
    i.HumiDrvInit                            0x08008710   Section        0  rh_drv.o(i.HumiDrvInit)
    i.InitIrqAfterBoot                       0x08008724   Section        0  iap_drv.o(i.InitIrqAfterBoot)
    i.InitSysParam                           0x08008728   Section        0  store_app.o(i.InitSysParam)
    i.InitWifiModule                         0x08008754   Section        0  wifi_app.o(i.InitWifiModule)
    InitWifiModule                           0x08008755   Thumb Code   228  wifi_app.o(i.InitWifiModule)
    i.KeyDrvInit                             0x08008840   Section        0  key_drv.o(i.KeyDrvInit)
    i.KeyScan                                0x08008880   Section        0  key_drv.o(i.KeyScan)
    KeyScan                                  0x08008881   Thumb Code   412  key_drv.o(i.KeyScan)
    i.LedDrvInit                             0x08008a24   Section        0  led_drv.o(i.LedDrvInit)
    i.MD5Decode                              0x08008a64   Section        0  md5.o(i.MD5Decode)
    i.MD5Encode                              0x08008a96   Section        0  md5.o(i.MD5Encode)
    i.MD5Final                               0x08008ad4   Section        0  md5.o(i.MD5Final)
    i.MD5Init                                0x08008b28   Section        0  md5.o(i.MD5Init)
    i.MD5Transform                           0x08008b4c   Section        0  md5.o(i.MD5Transform)
    i.MD5Update                              0x08009320   Section        0  md5.o(i.MD5Update)
    i.OtaCheckAndDownloadFw                  0x080093ac   Section        0  wifi_app.o(i.OtaCheckAndDownloadFw)
    OtaCheckAndDownloadFw                    0x080093ad   Thumb Code   890  wifi_app.o(i.OtaCheckAndDownloadFw)
    i.ParaseFwInfo                           0x080097c4   Section        0  wifi_app.o(i.ParaseFwInfo)
    ParaseFwInfo                             0x080097c5   Thumb Code   148  wifi_app.o(i.ParaseFwInfo)
    i.ReadSysParam                           0x080098f8   Section        0  store_app.o(i.ReadSysParam)
    ReadSysParam                             0x080098f9   Thumb Code    88  store_app.o(i.ReadSysParam)
    i.ReadUpdateInfo                         0x0800995c   Section        0  store_app.o(i.ReadUpdateInfo)
    i.RecvWifiModuleStr                      0x080099a4   Section        0  wifi_drv.o(i.RecvWifiModuleStr)
    i.ResetToBoot                            0x08009a10   Section        0  iap_drv.o(i.ResetToBoot)
    i.RtcDrvInit                             0x08009a3c   Section        0  rtc_drv.o(i.RtcDrvInit)
    i.SendWifiModuleStr                      0x08009ad4   Section        0  wifi_drv.o(i.SendWifiModuleStr)
    i.SetUpdateFlag                          0x08009b1c   Section        0  store_app.o(i.SetUpdateFlag)
    i.SysTick_Handler                        0x08009b68   Section        0  systick.o(i.SysTick_Handler)
    i.SystemInit                             0x08009b80   Section        0  system_gd32f30x.o(i.SystemInit)
    i.SystickInit                            0x08009cc8   Section        0  systick.o(i.SystickInit)
    i.TIMER4_IRQHandler                      0x08009d24   Section        0  rh_drv.o(i.TIMER4_IRQHandler)
    i.TempDrvInit                            0x08009d80   Section        0  ntc_drv.o(i.TempDrvInit)
    i.TimerInit                              0x08009d8c   Section        0  rh_drv.o(i.TimerInit)
    TimerInit                                0x08009d8d   Thumb Code    68  rh_drv.o(i.TimerInit)
    i.USART0_IRQHandler                      0x08009dd4   Section        0  usb2com_drv.o(i.USART0_IRQHandler)
    i.USART2_IRQHandler                      0x08009e28   Section        0  wifi_drv.o(i.USART2_IRQHandler)
    i.UartInit                               0x08009e84   Section        0  usb2com_drv.o(i.UartInit)
    UartInit                                 0x08009e85   Thumb Code    78  usb2com_drv.o(i.UartInit)
    i.UartInit                               0x08009ed8   Section        0  wifi_drv.o(i.UartInit)
    UartInit                                 0x08009ed9   Thumb Code    78  wifi_drv.o(i.UartInit)
    i.Usb2ComDrvInit                         0x08009f2c   Section        0  usb2com_drv.o(i.Usb2ComDrvInit)
    i.VerifyFwMd5                            0x08009f40   Section        0  wifi_app.o(i.VerifyFwMd5)
    VerifyFwMd5                              0x08009f41   Thumb Code    80  wifi_app.o(i.VerifyFwMd5)
    i.WifiDrvInit                            0x08009f9c   Section        0  wifi_drv.o(i.WifiDrvInit)
    i.WifiNetworkTask                        0x08009fe4   Section        0  wifi_app.o(i.WifiNetworkTask)
    i.WriteUpdateInfo                        0x0800a0e8   Section        0  store_app.o(i.WriteUpdateInfo)
    i.__0printf                              0x0800a160   Section        0  printfa.o(i.__0printf)
    i.__0sprintf                             0x0800a180   Section        0  printfa.o(i.__0sprintf)
    i.__scatterload_copy                     0x0800a1a8   Section       14  handlers.o(i.__scatterload_copy)
    i.__scatterload_null                     0x0800a1b6   Section        2  handlers.o(i.__scatterload_null)
    i.__scatterload_zeroinit                 0x0800a1b8   Section       14  handlers.o(i.__scatterload_zeroinit)
    i._fp_digits                             0x0800a1c8   Section        0  printfa.o(i._fp_digits)
    _fp_digits                               0x0800a1c9   Thumb Code   366  printfa.o(i._fp_digits)
    i._printf_core                           0x0800a34c   Section        0  printfa.o(i._printf_core)
    _printf_core                             0x0800a34d   Thumb Code  1744  printfa.o(i._printf_core)
    i._printf_post_padding                   0x0800aa28   Section        0  printfa.o(i._printf_post_padding)
    _printf_post_padding                     0x0800aa29   Thumb Code    36  printfa.o(i._printf_post_padding)
    i._printf_pre_padding                    0x0800aa4c   Section        0  printfa.o(i._printf_pre_padding)
    _printf_pre_padding                      0x0800aa4d   Thumb Code    46  printfa.o(i._printf_pre_padding)
    i._soft_delay_                           0x0800aa7a   Section        0  system_gd32f30x.o(i._soft_delay_)
    _soft_delay_                             0x0800aa7b   Thumb Code    28  system_gd32f30x.o(i._soft_delay_)
    i._sputc                                 0x0800aa96   Section        0  printfa.o(i._sputc)
    _sputc                                   0x0800aa97   Thumb Code    10  printfa.o(i._sputc)
    i.adc_calibration_enable                 0x0800aaa0   Section        0  gd32f30x_adc.o(i.adc_calibration_enable)
    i.adc_channel_length_config              0x0800aaca   Section        0  gd32f30x_adc.o(i.adc_channel_length_config)
    i.adc_data_alignment_config              0x0800ab10   Section        0  gd32f30x_adc.o(i.adc_data_alignment_config)
    i.adc_dma_mode_enable                    0x0800ab26   Section        0  gd32f30x_adc.o(i.adc_dma_mode_enable)
    i.adc_enable                             0x0800ab30   Section        0  gd32f30x_adc.o(i.adc_enable)
    i.adc_external_trigger_config            0x0800ab42   Section        0  gd32f30x_adc.o(i.adc_external_trigger_config)
    i.adc_external_trigger_source_config     0x0800ab80   Section        0  gd32f30x_adc.o(i.adc_external_trigger_source_config)
    i.adc_flag_get                           0x0800abb0   Section        0  gd32f30x_adc.o(i.adc_flag_get)
    i.adc_mode_config                        0x0800abc0   Section        0  gd32f30x_adc.o(i.adc_mode_config)
    i.adc_regular_channel_config             0x0800abdc   Section        0  gd32f30x_adc.o(i.adc_regular_channel_config)
    i.adc_regular_data_read                  0x0800ac88   Section        0  gd32f30x_adc.o(i.adc_regular_data_read)
    i.adc_software_trigger_enable            0x0800ac90   Section        0  gd32f30x_adc.o(i.adc_software_trigger_enable)
    i.adc_special_function_config            0x0800acae   Section        0  gd32f30x_adc.o(i.adc_special_function_config)
    i.bkp_deinit                             0x0800ad08   Section        0  gd32f30x_bkp.o(i.bkp_deinit)
    i.bkp_read_data                          0x0800ad14   Section        0  gd32f30x_bkp.o(i.bkp_read_data)
    i.bkp_write_data                         0x0800ad4c   Section        0  gd32f30x_bkp.o(i.bkp_write_data)
    i.dma_channel_disable                    0x0800ad80   Section        0  gd32f30x_dma.o(i.dma_channel_disable)
    i.dma_channel_enable                     0x0800adb2   Section        0  gd32f30x_dma.o(i.dma_channel_enable)
    i.dma_deinit                             0x0800ade4   Section        0  gd32f30x_dma.o(i.dma_deinit)
    i.dma_init                               0x0800ae54   Section        0  gd32f30x_dma.o(i.dma_init)
    i.dma_periph_and_channel_check           0x0800af84   Section        0  gd32f30x_dma.o(i.dma_periph_and_channel_check)
    dma_periph_and_channel_check             0x0800af85   Thumb Code    18  gd32f30x_dma.o(i.dma_periph_and_channel_check)
    i.dma_struct_para_init                   0x0800af9c   Section        0  gd32f30x_dma.o(i.dma_struct_para_init)
    i.dma_transfer_number_config             0x0800afb8   Section        0  gd32f30x_dma.o(i.dma_transfer_number_config)
    i.dma_transfer_number_get                0x0800afde   Section        0  gd32f30x_dma.o(i.dma_transfer_number_get)
    i.fmc_bank0_ready_wait                   0x0800b000   Section        0  gd32f30x_fmc.o(i.fmc_bank0_ready_wait)
    i.fmc_bank0_state_get                    0x0800b024   Section        0  gd32f30x_fmc.o(i.fmc_bank0_state_get)
    i.fmc_bank1_ready_wait                   0x0800b054   Section        0  gd32f30x_fmc.o(i.fmc_bank1_ready_wait)
    i.fmc_bank1_state_get                    0x0800b078   Section        0  gd32f30x_fmc.o(i.fmc_bank1_state_get)
    i.fmc_flag_clear                         0x0800b0a8   Section        0  gd32f30x_fmc.o(i.fmc_flag_clear)
    i.fmc_halfword_program                   0x0800b0c8   Section        0  gd32f30x_fmc.o(i.fmc_halfword_program)
    i.fmc_lock                               0x0800b180   Section        0  gd32f30x_fmc.o(i.fmc_lock)
    i.fmc_page_erase                         0x0800b1ac   Section        0  gd32f30x_fmc.o(i.fmc_page_erase)
    i.fmc_unlock                             0x0800b29c   Section        0  gd32f30x_fmc.o(i.fmc_unlock)
    i.fputc                                  0x0800b2e0   Section        0  usb2com_drv.o(i.fputc)
    i.gpio_bit_reset                         0x0800b304   Section        0  gd32f30x_gpio.o(i.gpio_bit_reset)
    i.gpio_bit_set                           0x0800b308   Section        0  gd32f30x_gpio.o(i.gpio_bit_set)
    i.gpio_bit_write                         0x0800b30c   Section        0  gd32f30x_gpio.o(i.gpio_bit_write)
    i.gpio_init                              0x0800b316   Section        0  gd32f30x_gpio.o(i.gpio_init)
    i.gpio_input_bit_get                     0x0800b3d2   Section        0  gd32f30x_gpio.o(i.gpio_input_bit_get)
    i.gpio_output_bit_get                    0x0800b3e2   Section        0  gd32f30x_gpio.o(i.gpio_output_bit_get)
    i.main                                   0x0800b3f4   Section        0  main.o(i.main)
    i.nvic_irq_enable                        0x0800b530   Section        0  gd32f30x_misc.o(i.nvic_irq_enable)
    i.nvic_priority_group_set                0x0800b5f4   Section        0  gd32f30x_misc.o(i.nvic_priority_group_set)
    i.pmu_backup_write_enable                0x0800b608   Section        0  gd32f30x_pmu.o(i.pmu_backup_write_enable)
    i.rcu_adc_clock_config                   0x0800b61c   Section        0  gd32f30x_rcu.o(i.rcu_adc_clock_config)
    i.rcu_bkp_reset_disable                  0x0800b688   Section        0  gd32f30x_rcu.o(i.rcu_bkp_reset_disable)
    i.rcu_bkp_reset_enable                   0x0800b69c   Section        0  gd32f30x_rcu.o(i.rcu_bkp_reset_enable)
    i.rcu_clock_freq_get                     0x0800b6b0   Section        0  gd32f30x_rcu.o(i.rcu_clock_freq_get)
    i.rcu_flag_get                           0x0800b808   Section        0  gd32f30x_rcu.o(i.rcu_flag_get)
    i.rcu_osci_on                            0x0800b82c   Section        0  gd32f30x_rcu.o(i.rcu_osci_on)
    i.rcu_osci_stab_wait                     0x0800b84c   Section        0  gd32f30x_rcu.o(i.rcu_osci_stab_wait)
    i.rcu_periph_clock_enable                0x0800b95c   Section        0  gd32f30x_rcu.o(i.rcu_periph_clock_enable)
    i.rcu_periph_reset_disable               0x0800b97c   Section        0  gd32f30x_rcu.o(i.rcu_periph_reset_disable)
    i.rcu_periph_reset_enable                0x0800b99c   Section        0  gd32f30x_rcu.o(i.rcu_periph_reset_enable)
    i.rcu_rtc_clock_config                   0x0800b9bc   Section        0  gd32f30x_rcu.o(i.rcu_rtc_clock_config)
    i.rtc_configuration_mode_enter           0x0800b9d4   Section        0  gd32f30x_rtc.o(i.rtc_configuration_mode_enter)
    i.rtc_configuration_mode_exit            0x0800b9e8   Section        0  gd32f30x_rtc.o(i.rtc_configuration_mode_exit)
    i.rtc_counter_set                        0x0800b9fc   Section        0  gd32f30x_rtc.o(i.rtc_counter_set)
    i.rtc_lwoff_wait                         0x0800ba1c   Section        0  gd32f30x_rtc.o(i.rtc_lwoff_wait)
    i.rtc_prescaler_set                      0x0800ba30   Section        0  gd32f30x_rtc.o(i.rtc_prescaler_set)
    i.rtc_register_sync_wait                 0x0800ba50   Section        0  gd32f30x_rtc.o(i.rtc_register_sync_wait)
    i.system_clock_120m_hxtal                0x0800ba70   Section        0  system_gd32f30x.o(i.system_clock_120m_hxtal)
    system_clock_120m_hxtal                  0x0800ba71   Thumb Code   266  system_gd32f30x.o(i.system_clock_120m_hxtal)
    i.system_clock_config                    0x0800bb8c   Section        0  system_gd32f30x.o(i.system_clock_config)
    system_clock_config                      0x0800bb8d   Thumb Code     8  system_gd32f30x.o(i.system_clock_config)
    i.timer_deinit                           0x0800bb94   Section        0  gd32f30x_timer.o(i.timer_deinit)
    i.timer_enable                           0x0800bc70   Section        0  gd32f30x_timer.o(i.timer_enable)
    i.timer_init                             0x0800bc7c   Section        0  gd32f30x_timer.o(i.timer_init)
    i.timer_interrupt_enable                 0x0800bd14   Section        0  gd32f30x_timer.o(i.timer_interrupt_enable)
    i.timer_interrupt_flag_clear             0x0800bd1c   Section        0  gd32f30x_timer.o(i.timer_interrupt_flag_clear)
    i.timer_interrupt_flag_get               0x0800bd22   Section        0  gd32f30x_timer.o(i.timer_interrupt_flag_get)
    i.timer_struct_para_init                 0x0800bd3a   Section        0  gd32f30x_timer.o(i.timer_struct_para_init)
    i.usart_baudrate_set                     0x0800bd50   Section        0  gd32f30x_usart.o(i.usart_baudrate_set)
    i.usart_data_receive                     0x0800bde0   Section        0  gd32f30x_usart.o(i.usart_data_receive)
    i.usart_data_transmit                    0x0800bdea   Section        0  gd32f30x_usart.o(i.usart_data_transmit)
    i.usart_deinit                           0x0800bdf4   Section        0  gd32f30x_usart.o(i.usart_deinit)
    i.usart_dma_receive_config               0x0800be84   Section        0  gd32f30x_usart.o(i.usart_dma_receive_config)
    i.usart_enable                           0x0800be98   Section        0  gd32f30x_usart.o(i.usart_enable)
    i.usart_flag_get                         0x0800bea2   Section        0  gd32f30x_usart.o(i.usart_flag_get)
    i.usart_interrupt_enable                 0x0800bec0   Section        0  gd32f30x_usart.o(i.usart_interrupt_enable)
    i.usart_interrupt_flag_get               0x0800beda   Section        0  gd32f30x_usart.o(i.usart_interrupt_flag_get)
    i.usart_receive_config                   0x0800bf12   Section        0  gd32f30x_usart.o(i.usart_receive_config)
    i.usart_transmit_config                  0x0800bf26   Section        0  gd32f30x_usart.o(i.usart_transmit_config)
    .constdata                               0x0800bf3c   Section       36  led_drv.o(.constdata)
    g_ledCfgList                             0x0800bf3c   Data          36  led_drv.o(.constdata)
    .constdata                               0x0800bf60   Section       64  ctype_c.o(.constdata)
    .conststring                             0x0800bfa0   Section     1411  wifi_app.o(.conststring)
    .conststring                             0x0800c524   Section       96  store_app.o(.conststring)
    .data                                    0x20000000   Section      322  wifi_app.o(.data)
    g_pktRcvdLen                             0x20000000   Data           4  wifi_app.o(.data)
    g_initModuleCmd                          0x20000004   Data          64  wifi_app.o(.data)
    g_ConnectHotspotCmd                      0x20000044   Data          32  wifi_app.o(.data)
    g_connectServerCmd                       0x20000064   Data          64  wifi_app.o(.data)
    g_otaBinSize                             0x200000a4   Data           4  wifi_app.o(.data)
    g_SplitTotalNum                          0x200000a8   Data           4  wifi_app.o(.data)
    g_otaDownloadCmd                         0x200000ac   Data         112  wifi_app.o(.data)
    s_commState                              0x2000011c   Data           1  wifi_app.o(.data)
    s_sendCmdTime                            0x20000120   Data           8  wifi_app.o(.data)
    s_retryCount                             0x20000128   Data           1  wifi_app.o(.data)
    s_cmdType                                0x20000129   Data           1  wifi_app.o(.data)
    s_cmdType                                0x2000012a   Data           1  wifi_app.o(.data)
    s_cmdType                                0x2000012b   Data           1  wifi_app.o(.data)
    s_commState                              0x2000012c   Data           1  wifi_app.o(.data)
    s_cmdType                                0x2000012d   Data           1  wifi_app.o(.data)
    s_lastVersionSysTime                     0x20000130   Data           8  wifi_app.o(.data)
    s_splitCurrNum                           0x20000138   Data           4  wifi_app.o(.data)
    s_splitDownloadSize                      0x2000013c   Data           4  wifi_app.o(.data)
    s_workState                              0x20000140   Data           1  wifi_app.o(.data)
    s_hwresetCnt                             0x20000141   Data           1  wifi_app.o(.data)
    .data                                    0x20000142   Section       15  store_app.o(.data)
    g_sysParamDefault                        0x20000142   Data          15  store_app.o(.data)
    .data                                    0x20000154   Section        4  delay.o(.data)
    g_sysClock                               0x20000154   Data           4  delay.o(.data)
    .data                                    0x20000158   Section        7  usb2com_drv.o(.data)
    g_rcvDataBuf                             0x20000158   Data           6  usb2com_drv.o(.data)
    g_pktRcvd                                0x2000015e   Data           1  usb2com_drv.o(.data)
    .data                                    0x20000160   Section        8  systick.o(.data)
    g_sysRunTime                             0x20000160   Data           8  systick.o(.data)
    .data                                    0x20000168   Section       48  key_drv.o(.data)
    g_gpioList                               0x20000168   Data          48  key_drv.o(.data)
    .data                                    0x20000198   Section        5  wifi_drv.o(.data)
    g_pktLen                                 0x20000198   Data           4  wifi_drv.o(.data)
    g_pktRcvd                                0x2000019c   Data           1  wifi_drv.o(.data)
    .data                                    0x2000019e   Section        6  rh_drv.o(.data)
    g_adcVal                                 0x2000019e   Data           2  rh_drv.o(.data)
    g_humiData                               0x200001a0   Data           1  rh_drv.o(.data)
    g_timCount                               0x200001a2   Data           2  rh_drv.o(.data)
    .data                                    0x200001a4   Section       64  md5.o(.data)
    .data                                    0x200001e4   Section        4  stdout.o(.data)
    .bss                                     0x200001e8   Section     1672  wifi_app.o(.bss)
    g_md5c                                   0x200001e8   Data          88  wifi_app.o(.bss)
    g_recvStrBuf                             0x20000240   Data        1024  wifi_app.o(.bss)
    g_httpPostBuf                            0x20000640   Data         500  wifi_app.o(.bss)
    g_otaTid                                 0x20000834   Data          10  wifi_app.o(.bss)
    g_otaVerStr                              0x2000083e   Data          10  wifi_app.o(.bss)
    g_otaVerMd5                              0x20000848   Data          40  wifi_app.o(.bss)
    .bss                                     0x20000870   Section       15  store_app.o(.bss)
    g_sysParamCurrent                        0x20000870   Data          15  store_app.o(.bss)
    .bss                                     0x20000880   Section      128  key_drv.o(.bss)
    g_keyInfo                                0x20000880   Data         128  key_drv.o(.bss)
    .bss                                     0x20000900   Section     1024  wifi_drv.o(.bss)
    g_rcvDataBuf                             0x20000900   Data        1024  wifi_drv.o(.bss)
    STACK                                    0x20000d00   Section     2048  startup_gd32f30x_hd.o(STACK)

    Global Symbols

    Symbol Name                              Value     Ov Type        Size  Object(Section)

    BuildAttributes$$THM_ISAv4$E$P$D$K$B$S$7EM$VFPi3$EXTD16$VFPS$VFMA$PE$A:L22UL41UL21$X:L11$S22US41US21$IEEE1$IW$USESV6$~STKCKD$USESV7$~SHL$OSPACE$ROPI$EBA8$MICROLIB$REQ8$PRES8$EABIv2 0x00000000   Number         0  anon$$obj.o ABSOLUTE
    __ARM_use_no_argv                        0x00000000   Number         0  main.o ABSOLUTE
    _printf_a                                0x00000000   Number         0  stubs.o ABSOLUTE
    _printf_c                                0x00000000   Number         0  stubs.o ABSOLUTE
    _printf_charcount                        0x00000000   Number         0  stubs.o ABSOLUTE
    _printf_d                                0x00000000   Number         0  stubs.o ABSOLUTE
    _printf_e                                0x00000000   Number         0  stubs.o ABSOLUTE
    _printf_f                                0x00000000   Number         0  stubs.o ABSOLUTE
    _printf_flags                            0x00000000   Number         0  stubs.o ABSOLUTE
    _printf_fp_dec                           0x00000000   Number         0  stubs.o ABSOLUTE
    _printf_fp_hex                           0x00000000   Number         0  stubs.o ABSOLUTE
    _printf_g                                0x00000000   Number         0  stubs.o ABSOLUTE
    _printf_i                                0x00000000   Number         0  stubs.o ABSOLUTE
    _printf_int_dec                          0x00000000   Number         0  stubs.o ABSOLUTE
    _printf_l                                0x00000000   Number         0  stubs.o ABSOLUTE
    _printf_lc                               0x00000000   Number         0  stubs.o ABSOLUTE
    _printf_ll                               0x00000000   Number         0  stubs.o ABSOLUTE
    _printf_lld                              0x00000000   Number         0  stubs.o ABSOLUTE
    _printf_lli                              0x00000000   Number         0  stubs.o ABSOLUTE
    _printf_llo                              0x00000000   Number         0  stubs.o ABSOLUTE
    _printf_llu                              0x00000000   Number         0  stubs.o ABSOLUTE
    _printf_llx                              0x00000000   Number         0  stubs.o ABSOLUTE
    _printf_longlong_dec                     0x00000000   Number         0  stubs.o ABSOLUTE
    _printf_longlong_hex                     0x00000000   Number         0  stubs.o ABSOLUTE
    _printf_longlong_oct                     0x00000000   Number         0  stubs.o ABSOLUTE
    _printf_ls                               0x00000000   Number         0  stubs.o ABSOLUTE
    _printf_mbtowc                           0x00000000   Number         0  stubs.o ABSOLUTE
    _printf_n                                0x00000000   Number         0  stubs.o ABSOLUTE
    _printf_o                                0x00000000   Number         0  stubs.o ABSOLUTE
    _printf_p                                0x00000000   Number         0  stubs.o ABSOLUTE
    _printf_percent                          0x00000000   Number         0  stubs.o ABSOLUTE
    _printf_pre_padding                      0x00000000   Number         0  stubs.o ABSOLUTE
    _printf_return_value                     0x00000000   Number         0  stubs.o ABSOLUTE
    _printf_s                                0x00000000   Number         0  stubs.o ABSOLUTE
    _printf_sizespec                         0x00000000   Number         0  stubs.o ABSOLUTE
    _printf_str                              0x00000000   Number         0  stubs.o ABSOLUTE
    _printf_truncate_signed                  0x00000000   Number         0  stubs.o ABSOLUTE
    _printf_truncate_unsigned                0x00000000   Number         0  stubs.o ABSOLUTE
    _printf_u                                0x00000000   Number         0  stubs.o ABSOLUTE
    _printf_wc                               0x00000000   Number         0  stubs.o ABSOLUTE
    _printf_wctomb                           0x00000000   Number         0  stubs.o ABSOLUTE
    _printf_widthprec                        0x00000000   Number         0  stubs.o ABSOLUTE
    _printf_x                                0x00000000   Number         0  stubs.o ABSOLUTE
    __cpp_initialize__aeabi_                  - Undefined Weak Reference
    __cxa_finalize                            - Undefined Weak Reference
    _clock_init                               - Undefined Weak Reference
    _microlib_exit                            - Undefined Weak Reference
    _scanf_longlong                           - Undefined Weak Reference
    _scanf_real                               - Undefined Weak Reference
    __Vectors_Size                           0x00000130   Number         0  startup_gd32f30x_hd.o ABSOLUTE
    __Vectors                                0x08007000   Data           4  startup_gd32f30x_hd.o(RESET)
    __Vectors_End                            0x08007130   Data           0  startup_gd32f30x_hd.o(RESET)
    __main                                   0x08007131   Thumb Code     0  entry.o(.ARM.Collect$$$$00000000)
    _main_stk                                0x08007131   Thumb Code     0  entry2.o(.ARM.Collect$$$$00000001)
    _main_scatterload                        0x08007135   Thumb Code     0  entry5.o(.ARM.Collect$$$$00000004)
    __main_after_scatterload                 0x08007139   Thumb Code     0  entry5.o(.ARM.Collect$$$$00000004)
    _main_clock                              0x08007139   Thumb Code     0  entry7b.o(.ARM.Collect$$$$00000008)
    _main_cpp_init                           0x08007139   Thumb Code     0  entry8b.o(.ARM.Collect$$$$0000000A)
    _main_init                               0x08007139   Thumb Code     0  entry9a.o(.ARM.Collect$$$$0000000B)
    __rt_final_cpp                           0x08007141   Thumb Code     0  entry10a.o(.ARM.Collect$$$$0000000D)
    __rt_final_exit                          0x08007141   Thumb Code     0  entry11a.o(.ARM.Collect$$$$0000000F)
    Reset_Handler                            0x08007145   Thumb Code     8  startup_gd32f30x_hd.o(.text)
    NMI_Handler                              0x0800714d   Thumb Code     2  startup_gd32f30x_hd.o(.text)
    HardFault_Handler                        0x0800714f   Thumb Code     2  startup_gd32f30x_hd.o(.text)
    MemManage_Handler                        0x08007151   Thumb Code     2  startup_gd32f30x_hd.o(.text)
    BusFault_Handler                         0x08007153   Thumb Code     2  startup_gd32f30x_hd.o(.text)
    UsageFault_Handler                       0x08007155   Thumb Code     2  startup_gd32f30x_hd.o(.text)
    SVC_Handler                              0x08007157   Thumb Code     2  startup_gd32f30x_hd.o(.text)
    DebugMon_Handler                         0x08007159   Thumb Code     2  startup_gd32f30x_hd.o(.text)
    PendSV_Handler                           0x0800715b   Thumb Code     2  startup_gd32f30x_hd.o(.text)
    ADC0_1_IRQHandler                        0x0800715f   Thumb Code     0  startup_gd32f30x_hd.o(.text)
    ADC2_IRQHandler                          0x0800715f   Thumb Code     0  startup_gd32f30x_hd.o(.text)
    CAN0_EWMC_IRQHandler                     0x0800715f   Thumb Code     0  startup_gd32f30x_hd.o(.text)
    CAN0_RX1_IRQHandler                      0x0800715f   Thumb Code     0  startup_gd32f30x_hd.o(.text)
    DMA0_Channel0_IRQHandler                 0x0800715f   Thumb Code     0  startup_gd32f30x_hd.o(.text)
    DMA0_Channel1_IRQHandler                 0x0800715f   Thumb Code     0  startup_gd32f30x_hd.o(.text)
    DMA0_Channel2_IRQHandler                 0x0800715f   Thumb Code     0  startup_gd32f30x_hd.o(.text)
    DMA0_Channel3_IRQHandler                 0x0800715f   Thumb Code     0  startup_gd32f30x_hd.o(.text)
    DMA0_Channel4_IRQHandler                 0x0800715f   Thumb Code     0  startup_gd32f30x_hd.o(.text)
    DMA0_Channel5_IRQHandler                 0x0800715f   Thumb Code     0  startup_gd32f30x_hd.o(.text)
    DMA0_Channel6_IRQHandler                 0x0800715f   Thumb Code     0  startup_gd32f30x_hd.o(.text)
    DMA1_Channel0_IRQHandler                 0x0800715f   Thumb Code     0  startup_gd32f30x_hd.o(.text)
    DMA1_Channel1_IRQHandler                 0x0800715f   Thumb Code     0  startup_gd32f30x_hd.o(.text)
    DMA1_Channel2_IRQHandler                 0x0800715f   Thumb Code     0  startup_gd32f30x_hd.o(.text)
    DMA1_Channel3_4_IRQHandler               0x0800715f   Thumb Code     0  startup_gd32f30x_hd.o(.text)
    EXMC_IRQHandler                          0x0800715f   Thumb Code     0  startup_gd32f30x_hd.o(.text)
    EXTI0_IRQHandler                         0x0800715f   Thumb Code     0  startup_gd32f30x_hd.o(.text)
    EXTI10_15_IRQHandler                     0x0800715f   Thumb Code     0  startup_gd32f30x_hd.o(.text)
    EXTI1_IRQHandler                         0x0800715f   Thumb Code     0  startup_gd32f30x_hd.o(.text)
    EXTI2_IRQHandler                         0x0800715f   Thumb Code     0  startup_gd32f30x_hd.o(.text)
    EXTI3_IRQHandler                         0x0800715f   Thumb Code     0  startup_gd32f30x_hd.o(.text)
    EXTI4_IRQHandler                         0x0800715f   Thumb Code     0  startup_gd32f30x_hd.o(.text)
    EXTI5_9_IRQHandler                       0x0800715f   Thumb Code     0  startup_gd32f30x_hd.o(.text)
    FMC_IRQHandler                           0x0800715f   Thumb Code     0  startup_gd32f30x_hd.o(.text)
    I2C0_ER_IRQHandler                       0x0800715f   Thumb Code     0  startup_gd32f30x_hd.o(.text)
    I2C0_EV_IRQHandler                       0x0800715f   Thumb Code     0  startup_gd32f30x_hd.o(.text)
    I2C1_ER_IRQHandler                       0x0800715f   Thumb Code     0  startup_gd32f30x_hd.o(.text)
    I2C1_EV_IRQHandler                       0x0800715f   Thumb Code     0  startup_gd32f30x_hd.o(.text)
    LVD_IRQHandler                           0x0800715f   Thumb Code     0  startup_gd32f30x_hd.o(.text)
    RCU_CTC_IRQHandler                       0x0800715f   Thumb Code     0  startup_gd32f30x_hd.o(.text)
    RTC_Alarm_IRQHandler                     0x0800715f   Thumb Code     0  startup_gd32f30x_hd.o(.text)
    RTC_IRQHandler                           0x0800715f   Thumb Code     0  startup_gd32f30x_hd.o(.text)
    SDIO_IRQHandler                          0x0800715f   Thumb Code     0  startup_gd32f30x_hd.o(.text)
    SPI0_IRQHandler                          0x0800715f   Thumb Code     0  startup_gd32f30x_hd.o(.text)
    SPI1_IRQHandler                          0x0800715f   Thumb Code     0  startup_gd32f30x_hd.o(.text)
    SPI2_IRQHandler                          0x0800715f   Thumb Code     0  startup_gd32f30x_hd.o(.text)
    TAMPER_IRQHandler                        0x0800715f   Thumb Code     0  startup_gd32f30x_hd.o(.text)
    TIMER0_BRK_IRQHandler                    0x0800715f   Thumb Code     0  startup_gd32f30x_hd.o(.text)
    TIMER0_Channel_IRQHandler                0x0800715f   Thumb Code     0  startup_gd32f30x_hd.o(.text)
    TIMER0_TRG_CMT_IRQHandler                0x0800715f   Thumb Code     0  startup_gd32f30x_hd.o(.text)
    TIMER0_UP_IRQHandler                     0x0800715f   Thumb Code     0  startup_gd32f30x_hd.o(.text)
    TIMER1_IRQHandler                        0x0800715f   Thumb Code     0  startup_gd32f30x_hd.o(.text)
    TIMER2_IRQHandler                        0x0800715f   Thumb Code     0  startup_gd32f30x_hd.o(.text)
    TIMER3_IRQHandler                        0x0800715f   Thumb Code     0  startup_gd32f30x_hd.o(.text)
    TIMER5_IRQHandler                        0x0800715f   Thumb Code     0  startup_gd32f30x_hd.o(.text)
    TIMER6_IRQHandler                        0x0800715f   Thumb Code     0  startup_gd32f30x_hd.o(.text)
    TIMER7_BRK_IRQHandler                    0x0800715f   Thumb Code     0  startup_gd32f30x_hd.o(.text)
    TIMER7_Channel_IRQHandler                0x0800715f   Thumb Code     0  startup_gd32f30x_hd.o(.text)
    TIMER7_TRG_CMT_IRQHandler                0x0800715f   Thumb Code     0  startup_gd32f30x_hd.o(.text)
    TIMER7_UP_IRQHandler                     0x0800715f   Thumb Code     0  startup_gd32f30x_hd.o(.text)
    UART3_IRQHandler                         0x0800715f   Thumb Code     0  startup_gd32f30x_hd.o(.text)
    UART4_IRQHandler                         0x0800715f   Thumb Code     0  startup_gd32f30x_hd.o(.text)
    USART1_IRQHandler                        0x0800715f   Thumb Code     0  startup_gd32f30x_hd.o(.text)
    USBD_HP_CAN0_TX_IRQHandler               0x0800715f   Thumb Code     0  startup_gd32f30x_hd.o(.text)
    USBD_LP_CAN0_RX0_IRQHandler              0x0800715f   Thumb Code     0  startup_gd32f30x_hd.o(.text)
    USBD_WKUP_IRQHandler                     0x0800715f   Thumb Code     0  startup_gd32f30x_hd.o(.text)
    WWDGT_IRQHandler                         0x0800715f   Thumb Code     0  startup_gd32f30x_hd.o(.text)
    __aeabi_memcpy                           0x08007169   Thumb Code    36  memcpya.o(.text)
    __aeabi_memcpy4                          0x08007169   Thumb Code     0  memcpya.o(.text)
    __aeabi_memcpy8                          0x08007169   Thumb Code     0  memcpya.o(.text)
    __aeabi_memset                           0x0800718d   Thumb Code    14  memseta.o(.text)
    __aeabi_memset4                          0x0800718d   Thumb Code     0  memseta.o(.text)
    __aeabi_memset8                          0x0800718d   Thumb Code     0  memseta.o(.text)
    __aeabi_memclr                           0x0800719b   Thumb Code     4  memseta.o(.text)
    __aeabi_memclr4                          0x0800719b   Thumb Code     0  memseta.o(.text)
    __aeabi_memclr8                          0x0800719b   Thumb Code     0  memseta.o(.text)
    _memset$wrapper                          0x0800719f   Thumb Code    18  memseta.o(.text)
    strcat                                   0x080071b1   Thumb Code    24  strcat.o(.text)
    strstr                                   0x080071c9   Thumb Code    36  strstr.o(.text)
    strncpy                                  0x080071ed   Thumb Code    24  strncpy.o(.text)
    strlen                                   0x08007205   Thumb Code    14  strlen.o(.text)
    strcmp                                   0x08007213   Thumb Code    28  strcmp.o(.text)
    strcpy                                   0x0800722f   Thumb Code    18  strcpy.o(.text)
    __0sscanf                                0x08007241   Thumb Code    48  __0sscanf.o(.text)
    _scanf_int                               0x08007279   Thumb Code   332  _scanf_int.o(.text)
    _scanf_string                            0x080073c5   Thumb Code   224  _scanf_str.o(.text)
    __aeabi_uidiv                            0x080074a5   Thumb Code     0  uidiv.o(.text)
    __aeabi_uidivmod                         0x080074a5   Thumb Code    44  uidiv.o(.text)
    __aeabi_uldivmod                         0x080074d1   Thumb Code    98  uldiv.o(.text)
    _chval                                   0x08007533   Thumb Code    28  _chval.o(.text)
    __vfscanf_char                           0x0800755d   Thumb Code    20  scanf_char.o(.text)
    _sgetc                                   0x08007579   Thumb Code    30  _sgetc.o(.text)
    _sbackspace                              0x08007597   Thumb Code    34  _sgetc.o(.text)
    __I$use$fp                               0x080075b9   Thumb Code     0  iusefp.o(.text)
    __aeabi_dadd                             0x080075b9   Thumb Code   322  dadd.o(.text)
    __aeabi_dsub                             0x080076fb   Thumb Code     6  dadd.o(.text)
    __aeabi_drsub                            0x08007701   Thumb Code     6  dadd.o(.text)
    __aeabi_dmul                             0x08007707   Thumb Code   228  dmul.o(.text)
    __aeabi_ddiv                             0x080077eb   Thumb Code   222  ddiv.o(.text)
    __aeabi_d2ulz                            0x080078c9   Thumb Code    48  dfixul.o(.text)
    __aeabi_cdrcmple                         0x080078f9   Thumb Code    48  cdrcmple.o(.text)
    __scatterload                            0x08007929   Thumb Code    28  init.o(.text)
    __scatterload_rt2                        0x08007929   Thumb Code     0  init.o(.text)
    __aeabi_llsl                             0x0800794d   Thumb Code    30  llshl.o(.text)
    _ll_shift_l                              0x0800794d   Thumb Code     0  llshl.o(.text)
    __aeabi_llsr                             0x0800796b   Thumb Code    32  llushr.o(.text)
    _ll_ushift_r                             0x0800796b   Thumb Code     0  llushr.o(.text)
    __aeabi_lasr                             0x0800798b   Thumb Code    36  llsshr.o(.text)
    _ll_sshift_r                             0x0800798b   Thumb Code     0  llsshr.o(.text)
    isspace                                  0x080079af   Thumb Code    10  isspace_c.o(.text)
    __vfscanf                                0x080079b9   Thumb Code   808  _scanf.o(.text)
    _double_round                            0x08007ce5   Thumb Code    30  depilogue.o(.text)
    _double_epilogue                         0x08007d03   Thumb Code   156  depilogue.o(.text)
    __ctype_lookup                           0x08007da1   Thumb Code    34  ctype_c.o(.text)
    __decompress                             0x08007dc9   Thumb Code     0  __dczerorl2.o(.text)
    __decompress1                            0x08007dc9   Thumb Code    86  __dczerorl2.o(.text)
    AtCmdHandle                              0x08007f49   Thumb Code   194  wifi_app.o(i.AtCmdHandle)
    DelayInit                                0x080082a1   Thumb Code    60  delay.o(i.DelayInit)
    DelayNms                                 0x080082e9   Thumb Code    24  delay.o(i.DelayNms)
    DelayNus                                 0x08008301   Thumb Code    30  delay.o(i.DelayNus)
    DisableWifiModule                        0x0800832d   Thumb Code    12  wifi_drv.o(i.DisableWifiModule)
    EnableWifiModule                         0x08008439   Thumb Code    12  wifi_drv.o(i.EnableWifiModule)
    FlashErase                               0x08008449   Thumb Code   180  inflash_drv.o(i.FlashErase)
    FlashRead                                0x08008501   Thumb Code    40  inflash_drv.o(i.FlashRead)
    FlashWrite                               0x0800852d   Thumb Code   132  inflash_drv.o(i.FlashWrite)
    GetKeyVal                                0x080085d9   Thumb Code    64  key_drv.o(i.GetKeyVal)
    GetSoftwareVersionParam                  0x08008619   Thumb Code    20  store_app.o(i.GetSoftwareVersionParam)
    GetSysRunTime                            0x08008631   Thumb Code     6  systick.o(i.GetSysRunTime)
    HumiDrvInit                              0x08008711   Thumb Code    20  rh_drv.o(i.HumiDrvInit)
    InitIrqAfterBoot                         0x08008725   Thumb Code     4  iap_drv.o(i.InitIrqAfterBoot)
    InitSysParam                             0x08008729   Thumb Code    34  store_app.o(i.InitSysParam)
    KeyDrvInit                               0x08008841   Thumb Code    60  key_drv.o(i.KeyDrvInit)
    LedDrvInit                               0x08008a25   Thumb Code    60  led_drv.o(i.LedDrvInit)
    MD5Decode                                0x08008a65   Thumb Code    50  md5.o(i.MD5Decode)
    MD5Encode                                0x08008a97   Thumb Code    62  md5.o(i.MD5Encode)
    MD5Final                                 0x08008ad5   Thumb Code    80  md5.o(i.MD5Final)
    MD5Init                                  0x08008b29   Thumb Code    26  md5.o(i.MD5Init)
    MD5Transform                             0x08008b4d   Thumb Code  1898  md5.o(i.MD5Transform)
    MD5Update                                0x08009321   Thumb Code   140  md5.o(i.MD5Update)
    ReadUpdateInfo                           0x0800995d   Thumb Code    64  store_app.o(i.ReadUpdateInfo)
    RecvWifiModuleStr                        0x080099a5   Thumb Code    58  wifi_drv.o(i.RecvWifiModuleStr)
    ResetToBoot                              0x08009a11   Thumb Code    36  iap_drv.o(i.ResetToBoot)
    RtcDrvInit                               0x08009a3d   Thumb Code   150  rtc_drv.o(i.RtcDrvInit)
    SendWifiModuleStr                        0x08009ad5   Thumb Code    46  wifi_drv.o(i.SendWifiModuleStr)
    SetUpdateFlag                            0x08009b1d   Thumb Code    70  store_app.o(i.SetUpdateFlag)
    SysTick_Handler                          0x08009b69   Thumb Code    20  systick.o(i.SysTick_Handler)
    SystemInit                               0x08009b81   Thumb Code   316  system_gd32f30x.o(i.SystemInit)
    SystickInit                              0x08009cc9   Thumb Code    84  systick.o(i.SystickInit)
    TIMER4_IRQHandler                        0x08009d25   Thumb Code    80  rh_drv.o(i.TIMER4_IRQHandler)
    TempDrvInit                              0x08009d81   Thumb Code    12  ntc_drv.o(i.TempDrvInit)
    USART0_IRQHandler                        0x08009dd5   Thumb Code    68  usb2com_drv.o(i.USART0_IRQHandler)
    USART2_IRQHandler                        0x08009e29   Thumb Code    70  wifi_drv.o(i.USART2_IRQHandler)
    Usb2ComDrvInit                           0x08009f2d   Thumb Code    20  usb2com_drv.o(i.Usb2ComDrvInit)
    WifiDrvInit                              0x08009f9d   Thumb Code    40  wifi_drv.o(i.WifiDrvInit)
    WifiNetworkTask                          0x08009fe5   Thumb Code   218  wifi_app.o(i.WifiNetworkTask)
    WriteUpdateInfo                          0x0800a0e9   Thumb Code   112  store_app.o(i.WriteUpdateInfo)
    __0printf                                0x0800a161   Thumb Code    22  printfa.o(i.__0printf)
    __1printf                                0x0800a161   Thumb Code     0  printfa.o(i.__0printf)
    __2printf                                0x0800a161   Thumb Code     0  printfa.o(i.__0printf)
    __c89printf                              0x0800a161   Thumb Code     0  printfa.o(i.__0printf)
    printf                                   0x0800a161   Thumb Code     0  printfa.o(i.__0printf)
    __0sprintf                               0x0800a181   Thumb Code    34  printfa.o(i.__0sprintf)
    __1sprintf                               0x0800a181   Thumb Code     0  printfa.o(i.__0sprintf)
    __2sprintf                               0x0800a181   Thumb Code     0  printfa.o(i.__0sprintf)
    __c89sprintf                             0x0800a181   Thumb Code     0  printfa.o(i.__0sprintf)
    sprintf                                  0x0800a181   Thumb Code     0  printfa.o(i.__0sprintf)
    __scatterload_copy                       0x0800a1a9   Thumb Code    14  handlers.o(i.__scatterload_copy)
    __scatterload_null                       0x0800a1b7   Thumb Code     2  handlers.o(i.__scatterload_null)
    __scatterload_zeroinit                   0x0800a1b9   Thumb Code    14  handlers.o(i.__scatterload_zeroinit)
    adc_calibration_enable                   0x0800aaa1   Thumb Code    42  gd32f30x_adc.o(i.adc_calibration_enable)
    adc_channel_length_config                0x0800aacb   Thumb Code    70  gd32f30x_adc.o(i.adc_channel_length_config)
    adc_data_alignment_config                0x0800ab11   Thumb Code    22  gd32f30x_adc.o(i.adc_data_alignment_config)
    adc_dma_mode_enable                      0x0800ab27   Thumb Code    10  gd32f30x_adc.o(i.adc_dma_mode_enable)
    adc_enable                               0x0800ab31   Thumb Code    18  gd32f30x_adc.o(i.adc_enable)
    adc_external_trigger_config              0x0800ab43   Thumb Code    62  gd32f30x_adc.o(i.adc_external_trigger_config)
    adc_external_trigger_source_config       0x0800ab81   Thumb Code    48  gd32f30x_adc.o(i.adc_external_trigger_source_config)
    adc_flag_get                             0x0800abb1   Thumb Code    14  gd32f30x_adc.o(i.adc_flag_get)
    adc_mode_config                          0x0800abc1   Thumb Code    22  gd32f30x_adc.o(i.adc_mode_config)
    adc_regular_channel_config               0x0800abdd   Thumb Code   172  gd32f30x_adc.o(i.adc_regular_channel_config)
    adc_regular_data_read                    0x0800ac89   Thumb Code     8  gd32f30x_adc.o(i.adc_regular_data_read)
    adc_software_trigger_enable              0x0800ac91   Thumb Code    30  gd32f30x_adc.o(i.adc_software_trigger_enable)
    adc_special_function_config              0x0800acaf   Thumb Code    90  gd32f30x_adc.o(i.adc_special_function_config)
    bkp_deinit                               0x0800ad09   Thumb Code    12  gd32f30x_bkp.o(i.bkp_deinit)
    bkp_read_data                            0x0800ad15   Thumb Code    50  gd32f30x_bkp.o(i.bkp_read_data)
    bkp_write_data                           0x0800ad4d   Thumb Code    46  gd32f30x_bkp.o(i.bkp_write_data)
    dma_channel_disable                      0x0800ad81   Thumb Code    50  gd32f30x_dma.o(i.dma_channel_disable)
    dma_channel_enable                       0x0800adb3   Thumb Code    50  gd32f30x_dma.o(i.dma_channel_enable)
    dma_deinit                               0x0800ade5   Thumb Code   112  gd32f30x_dma.o(i.dma_deinit)
    dma_init                                 0x0800ae55   Thumb Code   302  gd32f30x_dma.o(i.dma_init)
    dma_struct_para_init                     0x0800af9d   Thumb Code    28  gd32f30x_dma.o(i.dma_struct_para_init)
    dma_transfer_number_config               0x0800afb9   Thumb Code    38  gd32f30x_dma.o(i.dma_transfer_number_config)
    dma_transfer_number_get                  0x0800afdf   Thumb Code    34  gd32f30x_dma.o(i.dma_transfer_number_get)
    fmc_bank0_ready_wait                     0x0800b001   Thumb Code    34  gd32f30x_fmc.o(i.fmc_bank0_ready_wait)
    fmc_bank0_state_get                      0x0800b025   Thumb Code    44  gd32f30x_fmc.o(i.fmc_bank0_state_get)
    fmc_bank1_ready_wait                     0x0800b055   Thumb Code    34  gd32f30x_fmc.o(i.fmc_bank1_ready_wait)
    fmc_bank1_state_get                      0x0800b079   Thumb Code    44  gd32f30x_fmc.o(i.fmc_bank1_state_get)
    fmc_flag_clear                           0x0800b0a9   Thumb Code    28  gd32f30x_fmc.o(i.fmc_flag_clear)
    fmc_halfword_program                     0x0800b0c9   Thumb Code   166  gd32f30x_fmc.o(i.fmc_halfword_program)
    fmc_lock                                 0x0800b181   Thumb Code    34  gd32f30x_fmc.o(i.fmc_lock)
    fmc_page_erase                           0x0800b1ad   Thumb Code   222  gd32f30x_fmc.o(i.fmc_page_erase)
    fmc_unlock                               0x0800b29d   Thumb Code    52  gd32f30x_fmc.o(i.fmc_unlock)
    fputc                                    0x0800b2e1   Thumb Code    32  usb2com_drv.o(i.fputc)
    gpio_bit_reset                           0x0800b305   Thumb Code     4  gd32f30x_gpio.o(i.gpio_bit_reset)
    gpio_bit_set                             0x0800b309   Thumb Code     4  gd32f30x_gpio.o(i.gpio_bit_set)
    gpio_bit_write                           0x0800b30d   Thumb Code    10  gd32f30x_gpio.o(i.gpio_bit_write)
    gpio_init                                0x0800b317   Thumb Code   188  gd32f30x_gpio.o(i.gpio_init)
    gpio_input_bit_get                       0x0800b3d3   Thumb Code    16  gd32f30x_gpio.o(i.gpio_input_bit_get)
    gpio_output_bit_get                      0x0800b3e3   Thumb Code    16  gd32f30x_gpio.o(i.gpio_output_bit_get)
    main                                     0x0800b3f5   Thumb Code    82  main.o(i.main)
    nvic_irq_enable                          0x0800b531   Thumb Code   186  gd32f30x_misc.o(i.nvic_irq_enable)
    nvic_priority_group_set                  0x0800b5f5   Thumb Code    10  gd32f30x_misc.o(i.nvic_priority_group_set)
    pmu_backup_write_enable                  0x0800b609   Thumb Code    14  gd32f30x_pmu.o(i.pmu_backup_write_enable)
    rcu_adc_clock_config                     0x0800b61d   Thumb Code    98  gd32f30x_rcu.o(i.rcu_adc_clock_config)
    rcu_bkp_reset_disable                    0x0800b689   Thumb Code    14  gd32f30x_rcu.o(i.rcu_bkp_reset_disable)
    rcu_bkp_reset_enable                     0x0800b69d   Thumb Code    14  gd32f30x_rcu.o(i.rcu_bkp_reset_enable)
    rcu_clock_freq_get                       0x0800b6b1   Thumb Code   310  gd32f30x_rcu.o(i.rcu_clock_freq_get)
    rcu_flag_get                             0x0800b809   Thumb Code    30  gd32f30x_rcu.o(i.rcu_flag_get)
    rcu_osci_on                              0x0800b82d   Thumb Code    28  gd32f30x_rcu.o(i.rcu_osci_on)
    rcu_osci_stab_wait                       0x0800b84d   Thumb Code   268  gd32f30x_rcu.o(i.rcu_osci_stab_wait)
    rcu_periph_clock_enable                  0x0800b95d   Thumb Code    28  gd32f30x_rcu.o(i.rcu_periph_clock_enable)
    rcu_periph_reset_disable                 0x0800b97d   Thumb Code    28  gd32f30x_rcu.o(i.rcu_periph_reset_disable)
    rcu_periph_reset_enable                  0x0800b99d   Thumb Code    28  gd32f30x_rcu.o(i.rcu_periph_reset_enable)
    rcu_rtc_clock_config                     0x0800b9bd   Thumb Code    18  gd32f30x_rcu.o(i.rcu_rtc_clock_config)
    rtc_configuration_mode_enter             0x0800b9d5   Thumb Code    14  gd32f30x_rtc.o(i.rtc_configuration_mode_enter)
    rtc_configuration_mode_exit              0x0800b9e9   Thumb Code    14  gd32f30x_rtc.o(i.rtc_configuration_mode_exit)
    rtc_counter_set                          0x0800b9fd   Thumb Code    26  gd32f30x_rtc.o(i.rtc_counter_set)
    rtc_lwoff_wait                           0x0800ba1d   Thumb Code    16  gd32f30x_rtc.o(i.rtc_lwoff_wait)
    rtc_prescaler_set                        0x0800ba31   Thumb Code    28  gd32f30x_rtc.o(i.rtc_prescaler_set)
    rtc_register_sync_wait                   0x0800ba51   Thumb Code    28  gd32f30x_rtc.o(i.rtc_register_sync_wait)
    timer_deinit                             0x0800bb95   Thumb Code   210  gd32f30x_timer.o(i.timer_deinit)
    timer_enable                             0x0800bc71   Thumb Code    10  gd32f30x_timer.o(i.timer_enable)
    timer_init                               0x0800bc7d   Thumb Code   122  gd32f30x_timer.o(i.timer_init)
    timer_interrupt_enable                   0x0800bd15   Thumb Code     8  gd32f30x_timer.o(i.timer_interrupt_enable)
    timer_interrupt_flag_clear               0x0800bd1d   Thumb Code     6  gd32f30x_timer.o(i.timer_interrupt_flag_clear)
    timer_interrupt_flag_get                 0x0800bd23   Thumb Code    24  gd32f30x_timer.o(i.timer_interrupt_flag_get)
    timer_struct_para_init                   0x0800bd3b   Thumb Code    22  gd32f30x_timer.o(i.timer_struct_para_init)
    usart_baudrate_set                       0x0800bd51   Thumb Code   136  gd32f30x_usart.o(i.usart_baudrate_set)
    usart_data_receive                       0x0800bde1   Thumb Code    10  gd32f30x_usart.o(i.usart_data_receive)
    usart_data_transmit                      0x0800bdeb   Thumb Code     8  gd32f30x_usart.o(i.usart_data_transmit)
    usart_deinit                             0x0800bdf5   Thumb Code   136  gd32f30x_usart.o(i.usart_deinit)
    usart_dma_receive_config                 0x0800be85   Thumb Code    20  gd32f30x_usart.o(i.usart_dma_receive_config)
    usart_enable                             0x0800be99   Thumb Code    10  gd32f30x_usart.o(i.usart_enable)
    usart_flag_get                           0x0800bea3   Thumb Code    30  gd32f30x_usart.o(i.usart_flag_get)
    usart_interrupt_enable                   0x0800bec1   Thumb Code    26  gd32f30x_usart.o(i.usart_interrupt_enable)
    usart_interrupt_flag_get                 0x0800bedb   Thumb Code    56  gd32f30x_usart.o(i.usart_interrupt_flag_get)
    usart_receive_config                     0x0800bf13   Thumb Code    20  gd32f30x_usart.o(i.usart_receive_config)
    usart_transmit_config                    0x0800bf27   Thumb Code    20  gd32f30x_usart.o(i.usart_transmit_config)
    __ctype_categories                       0x0800bf60   Data          64  ctype_c.o(.constdata)
    Region$$Table$$Base                      0x0800c584   Number         0  anon$$obj.o(Region$$Table)
    Region$$Table$$Limit                     0x0800c5a4   Number         0  anon$$obj.o(Region$$Table)
    PADDING                                  0x200001a4   Data          64  md5.o(.data)
    __stdout                                 0x200001e4   Data           4  stdout.o(.data)
    __initial_sp                             0x20001500   Data           0  startup_gd32f30x_hd.o(STACK)



==============================================================================

Memory Map of the image

  Image Entry point : 0x08007131

  Load Region LR_IROM1 (Base: 0x08007000, Size: 0x0000578c, Max: 0x00080000, ABSOLUTE, COMPRESSED[0x00005634])

    Execution Region ER_IROM1 (Exec base: 0x08007000, Load base: 0x08007000, Size: 0x000055a4, Max: 0x00080000, ABSOLUTE)

    Exec Addr    Load Addr    Size         Type   Attr      Idx    E Section Name        Object

    0x08007000   0x08007000   0x00000130   Data   RO          958    RESET               startup_gd32f30x_hd.o
    0x08007130   0x08007130   0x00000000   Code   RO         3402  * .ARM.Collect$$$$00000000  mc_w.l(entry.o)
    0x08007130   0x08007130   0x00000004   Code   RO         3699    .ARM.Collect$$$$00000001  mc_w.l(entry2.o)
    0x08007134   0x08007134   0x00000004   Code   RO         3702    .ARM.Collect$$$$00000004  mc_w.l(entry5.o)
    0x08007138   0x08007138   0x00000000   Code   RO         3704    .ARM.Collect$$$$00000008  mc_w.l(entry7b.o)
    0x08007138   0x08007138   0x00000000   Code   RO         3706    .ARM.Collect$$$$0000000A  mc_w.l(entry8b.o)
    0x08007138   0x08007138   0x00000008   Code   RO         3707    .ARM.Collect$$$$0000000B  mc_w.l(entry9a.o)
    0x08007140   0x08007140   0x00000000   Code   RO         3709    .ARM.Collect$$$$0000000D  mc_w.l(entry10a.o)
    0x08007140   0x08007140   0x00000000   Code   RO         3711    .ARM.Collect$$$$0000000F  mc_w.l(entry11a.o)
    0x08007140   0x08007140   0x00000004   Code   RO         3700    .ARM.Collect$$$$00002712  mc_w.l(entry2.o)
    0x08007144   0x08007144   0x00000024   Code   RO          959    .text               startup_gd32f30x_hd.o
    0x08007168   0x08007168   0x00000024   Code   RO         3412    .text               mc_w.l(memcpya.o)
    0x0800718c   0x0800718c   0x00000024   Code   RO         3414    .text               mc_w.l(memseta.o)
    0x080071b0   0x080071b0   0x00000018   Code   RO         3416    .text               mc_w.l(strcat.o)
    0x080071c8   0x080071c8   0x00000024   Code   RO         3418    .text               mc_w.l(strstr.o)
    0x080071ec   0x080071ec   0x00000018   Code   RO         3420    .text               mc_w.l(strncpy.o)
    0x08007204   0x08007204   0x0000000e   Code   RO         3422    .text               mc_w.l(strlen.o)
    0x08007212   0x08007212   0x0000001c   Code   RO         3424    .text               mc_w.l(strcmp.o)
    0x0800722e   0x0800722e   0x00000012   Code   RO         3426    .text               mc_w.l(strcpy.o)
    0x08007240   0x08007240   0x00000038   Code   RO         3691    .text               mc_w.l(__0sscanf.o)
    0x08007278   0x08007278   0x0000014c   Code   RO         3693    .text               mc_w.l(_scanf_int.o)
    0x080073c4   0x080073c4   0x000000e0   Code   RO         3695    .text               mc_w.l(_scanf_str.o)
    0x080074a4   0x080074a4   0x0000002c   Code   RO         3714    .text               mc_w.l(uidiv.o)
    0x080074d0   0x080074d0   0x00000062   Code   RO         3716    .text               mc_w.l(uldiv.o)
    0x08007532   0x08007532   0x0000001c   Code   RO         3724    .text               mc_w.l(_chval.o)
    0x0800754e   0x0800754e   0x00000002   PAD
    0x08007550   0x08007550   0x00000028   Code   RO         3726    .text               mc_w.l(scanf_char.o)
    0x08007578   0x08007578   0x00000040   Code   RO         3728    .text               mc_w.l(_sgetc.o)
    0x080075b8   0x080075b8   0x00000000   Code   RO         3730    .text               mc_w.l(iusefp.o)
    0x080075b8   0x080075b8   0x0000014e   Code   RO         3731    .text               mf_w.l(dadd.o)
    0x08007706   0x08007706   0x000000e4   Code   RO         3733    .text               mf_w.l(dmul.o)
    0x080077ea   0x080077ea   0x000000de   Code   RO         3735    .text               mf_w.l(ddiv.o)
    0x080078c8   0x080078c8   0x00000030   Code   RO         3737    .text               mf_w.l(dfixul.o)
    0x080078f8   0x080078f8   0x00000030   Code   RO         3739    .text               mf_w.l(cdrcmple.o)
    0x08007928   0x08007928   0x00000024   Code   RO         3741    .text               mc_w.l(init.o)
    0x0800794c   0x0800794c   0x0000001e   Code   RO         3743    .text               mc_w.l(llshl.o)
    0x0800796a   0x0800796a   0x00000020   Code   RO         3745    .text               mc_w.l(llushr.o)
    0x0800798a   0x0800798a   0x00000024   Code   RO         3747    .text               mc_w.l(llsshr.o)
    0x080079ae   0x080079ae   0x0000000a   Code   RO         3749    .text               mc_w.l(isspace_c.o)
    0x080079b8   0x080079b8   0x0000032c   Code   RO         3751    .text               mc_w.l(_scanf.o)
    0x08007ce4   0x08007ce4   0x000000ba   Code   RO         3753    .text               mf_w.l(depilogue.o)
    0x08007d9e   0x08007d9e   0x00000002   PAD
    0x08007da0   0x08007da0   0x00000028   Code   RO         3755    .text               mc_w.l(ctype_c.o)
    0x08007dc8   0x08007dc8   0x00000056   Code   RO         3766    .text               mc_w.l(__dczerorl2.o)
    0x08007e1e   0x08007e1e   0x00000002   PAD
    0x08007e20   0x08007e20   0x00000038   Code   RO          704    i.AcPowerProc       rh_drv.o
    0x08007e58   0x08007e58   0x0000007c   Code   RO          617    i.AdcInit           ntc_drv.o
    0x08007ed4   0x08007ed4   0x0000006c   Code   RO          705    i.AdcInit           rh_drv.o
    0x08007f40   0x08007f40   0x00000008   Code   RO            1    i.AppInit           main.o
    0x08007f48   0x08007f48   0x000000d8   Code   RO           74    i.AtCmdHandle       wifi_app.o
    0x08008020   0x08008020   0x00000034   Code   RO           75    i.CaculateDownloadSplitSize  wifi_app.o
    0x08008054   0x08008054   0x0000003a   Code   RO          163    i.CalcCrc8          store_app.o
    0x0800808e   0x0800808e   0x00000002   PAD
    0x08008090   0x08008090   0x00000014   Code   RO           76    i.ClearRecvWifiStr  wifi_app.o
    0x080080a4   0x080080a4   0x0000017c   Code   RO           77    i.ConnectIotServer  wifi_app.o
    0x08008220   0x08008220   0x00000080   Code   RO           78    i.ConnectWifiHotspot  wifi_app.o
    0x080082a0   0x080082a0   0x00000048   Code   RO          232    i.DelayInit         delay.o
    0x080082e8   0x080082e8   0x00000018   Code   RO          233    i.DelayNms          delay.o
    0x08008300   0x08008300   0x0000002c   Code   RO          234    i.DelayNus          delay.o
    0x0800832c   0x0800832c   0x00000010   Code   RO          546    i.DisableWifiModule  wifi_drv.o
    0x0800833c   0x0800833c   0x00000068   Code   RO          366    i.DmaInit           usb2com_drv.o
    0x080083a4   0x080083a4   0x00000068   Code   RO          547    i.DmaInit           wifi_drv.o
    0x0800840c   0x0800840c   0x0000002c   Code   RO            2    i.DrvInit           main.o
    0x08008438   0x08008438   0x00000010   Code   RO          548    i.EnableWifiModule  wifi_drv.o
    0x08008448   0x08008448   0x000000b8   Code   RO          875    i.FlashErase        inflash_drv.o
    0x08008500   0x08008500   0x0000002c   Code   RO          876    i.FlashRead         inflash_drv.o
    0x0800852c   0x0800852c   0x00000088   Code   RO          877    i.FlashWrite        inflash_drv.o
    0x080085b4   0x080085b4   0x00000024   Code   RO          709    i.GetAdcVal         rh_drv.o
    0x080085d8   0x080085d8   0x00000040   Code   RO          472    i.GetKeyVal         key_drv.o
    0x08008618   0x08008618   0x00000018   Code   RO          165    i.GetSoftwareVersionParam  store_app.o
    0x08008630   0x08008630   0x0000000c   Code   RO          431    i.GetSysRunTime     systick.o
    0x0800863c   0x0800863c   0x0000002c   Code   RO          367    i.GpioInit          usb2com_drv.o
    0x08008668   0x08008668   0x00000044   Code   RO          549    i.GpioInit          wifi_drv.o
    0x080086ac   0x080086ac   0x0000001c   Code   RO          624    i.GpioInit          ntc_drv.o
    0x080086c8   0x080086c8   0x00000048   Code   RO          711    i.GpioInit          rh_drv.o
    0x08008710   0x08008710   0x00000014   Code   RO          713    i.HumiDrvInit       rh_drv.o
    0x08008724   0x08008724   0x00000004   Code   RO          842    i.InitIrqAfterBoot  iap_drv.o
    0x08008728   0x08008728   0x0000002c   Code   RO          166    i.InitSysParam      store_app.o
    0x08008754   0x08008754   0x000000ec   Code   RO           79    i.InitWifiModule    wifi_app.o
    0x08008840   0x08008840   0x00000040   Code   RO          473    i.KeyDrvInit        key_drv.o
    0x08008880   0x08008880   0x000001a4   Code   RO          474    i.KeyScan           key_drv.o
    0x08008a24   0x08008a24   0x00000040   Code   RO          506    i.LedDrvInit        led_drv.o
    0x08008a64   0x08008a64   0x00000032   Code   RO          908    i.MD5Decode         md5.o
    0x08008a96   0x08008a96   0x0000003e   Code   RO          909    i.MD5Encode         md5.o
    0x08008ad4   0x08008ad4   0x00000054   Code   RO          910    i.MD5Final          md5.o
    0x08008b28   0x08008b28   0x00000024   Code   RO          911    i.MD5Init           md5.o
    0x08008b4c   0x08008b4c   0x000007d4   Code   RO          912    i.MD5Transform      md5.o
    0x08009320   0x08009320   0x0000008c   Code   RO          913    i.MD5Update         md5.o
    0x080093ac   0x080093ac   0x00000418   Code   RO           80    i.OtaCheckAndDownloadFw  wifi_app.o
    0x080097c4   0x080097c4   0x00000134   Code   RO           81    i.ParaseFwInfo      wifi_app.o
    0x080098f8   0x080098f8   0x00000064   Code   RO          167    i.ReadSysParam      store_app.o
    0x0800995c   0x0800995c   0x00000048   Code   RO          168    i.ReadUpdateInfo    store_app.o
    0x080099a4   0x080099a4   0x0000006c   Code   RO          550    i.RecvWifiModuleStr  wifi_drv.o
    0x08009a10   0x08009a10   0x0000002c   Code   RO          843    i.ResetToBoot       iap_drv.o
    0x08009a3c   0x08009a3c   0x00000096   Code   RO          805    i.RtcDrvInit        rtc_drv.o
    0x08009ad2   0x08009ad2   0x00000002   PAD
    0x08009ad4   0x08009ad4   0x00000048   Code   RO          551    i.SendWifiModuleStr  wifi_drv.o
    0x08009b1c   0x08009b1c   0x0000004c   Code   RO          170    i.SetUpdateFlag     store_app.o
    0x08009b68   0x08009b68   0x00000018   Code   RO          432    i.SysTick_Handler   systick.o
    0x08009b80   0x08009b80   0x00000148   Code   RO          966    i.SystemInit        system_gd32f30x.o
    0x08009cc8   0x08009cc8   0x0000005c   Code   RO          433    i.SystickInit       systick.o
    0x08009d24   0x08009d24   0x0000005c   Code   RO          715    i.TIMER4_IRQHandler  rh_drv.o
    0x08009d80   0x08009d80   0x0000000c   Code   RO          628    i.TempDrvInit       ntc_drv.o
    0x08009d8c   0x08009d8c   0x00000048   Code   RO          716    i.TimerInit         rh_drv.o
    0x08009dd4   0x08009dd4   0x00000054   Code   RO          368    i.USART0_IRQHandler  usb2com_drv.o
    0x08009e28   0x08009e28   0x0000005c   Code   RO          552    i.USART2_IRQHandler  wifi_drv.o
    0x08009e84   0x08009e84   0x00000054   Code   RO          369    i.UartInit          usb2com_drv.o
    0x08009ed8   0x08009ed8   0x00000054   Code   RO          553    i.UartInit          wifi_drv.o
    0x08009f2c   0x08009f2c   0x00000014   Code   RO          370    i.Usb2ComDrvInit    usb2com_drv.o
    0x08009f40   0x08009f40   0x0000005c   Code   RO           82    i.VerifyFwMd5       wifi_app.o
    0x08009f9c   0x08009f9c   0x00000048   Code   RO          554    i.WifiDrvInit       wifi_drv.o
    0x08009fe4   0x08009fe4   0x00000104   Code   RO           83    i.WifiNetworkTask   wifi_app.o
    0x0800a0e8   0x0800a0e8   0x00000078   Code   RO          172    i.WriteUpdateInfo   store_app.o
    0x0800a160   0x0800a160   0x00000020   Code   RO         3663    i.__0printf         mc_w.l(printfa.o)
    0x0800a180   0x0800a180   0x00000028   Code   RO         3665    i.__0sprintf        mc_w.l(printfa.o)
    0x0800a1a8   0x0800a1a8   0x0000000e   Code   RO         3760    i.__scatterload_copy  mc_w.l(handlers.o)
    0x0800a1b6   0x0800a1b6   0x00000002   Code   RO         3761    i.__scatterload_null  mc_w.l(handlers.o)
    0x0800a1b8   0x0800a1b8   0x0000000e   Code   RO         3762    i.__scatterload_zeroinit  mc_w.l(handlers.o)
    0x0800a1c6   0x0800a1c6   0x00000002   PAD
    0x0800a1c8   0x0800a1c8   0x00000184   Code   RO         3670    i._fp_digits        mc_w.l(printfa.o)
    0x0800a34c   0x0800a34c   0x000006dc   Code   RO         3671    i._printf_core      mc_w.l(printfa.o)
    0x0800aa28   0x0800aa28   0x00000024   Code   RO         3672    i._printf_post_padding  mc_w.l(printfa.o)
    0x0800aa4c   0x0800aa4c   0x0000002e   Code   RO         3673    i._printf_pre_padding  mc_w.l(printfa.o)
    0x0800aa7a   0x0800aa7a   0x0000001c   Code   RO          967    i._soft_delay_      system_gd32f30x.o
    0x0800aa96   0x0800aa96   0x0000000a   Code   RO         3675    i._sputc            mc_w.l(printfa.o)
    0x0800aaa0   0x0800aaa0   0x0000002a   Code   RO         2577    i.adc_calibration_enable  gd32f30x_adc.o
    0x0800aaca   0x0800aaca   0x00000046   Code   RO         2578    i.adc_channel_length_config  gd32f30x_adc.o
    0x0800ab10   0x0800ab10   0x00000016   Code   RO         2579    i.adc_data_alignment_config  gd32f30x_adc.o
    0x0800ab26   0x0800ab26   0x0000000a   Code   RO         2584    i.adc_dma_mode_enable  gd32f30x_adc.o
    0x0800ab30   0x0800ab30   0x00000012   Code   RO         2585    i.adc_enable        gd32f30x_adc.o
    0x0800ab42   0x0800ab42   0x0000003e   Code   RO         2586    i.adc_external_trigger_config  gd32f30x_adc.o
    0x0800ab80   0x0800ab80   0x00000030   Code   RO         2587    i.adc_external_trigger_source_config  gd32f30x_adc.o
    0x0800abb0   0x0800abb0   0x0000000e   Code   RO         2589    i.adc_flag_get      gd32f30x_adc.o
    0x0800abbe   0x0800abbe   0x00000002   PAD
    0x0800abc0   0x0800abc0   0x0000001c   Code   RO         2597    i.adc_mode_config   gd32f30x_adc.o
    0x0800abdc   0x0800abdc   0x000000ac   Code   RO         2601    i.adc_regular_channel_config  gd32f30x_adc.o
    0x0800ac88   0x0800ac88   0x00000008   Code   RO         2602    i.adc_regular_data_read  gd32f30x_adc.o
    0x0800ac90   0x0800ac90   0x0000001e   Code   RO         2604    i.adc_software_trigger_enable  gd32f30x_adc.o
    0x0800acae   0x0800acae   0x0000005a   Code   RO         2605    i.adc_special_function_config  gd32f30x_adc.o
    0x0800ad08   0x0800ad08   0x0000000c   Code   RO         2807    i.bkp_deinit        gd32f30x_bkp.o
    0x0800ad14   0x0800ad14   0x00000038   Code   RO         2812    i.bkp_read_data     gd32f30x_bkp.o
    0x0800ad4c   0x0800ad4c   0x00000034   Code   RO         2826    i.bkp_write_data    gd32f30x_bkp.o
    0x0800ad80   0x0800ad80   0x00000032   Code   RO         1947    i.dma_channel_disable  gd32f30x_dma.o
    0x0800adb2   0x0800adb2   0x00000032   Code   RO         1948    i.dma_channel_enable  gd32f30x_dma.o
    0x0800ade4   0x0800ade4   0x00000070   Code   RO         1951    i.dma_deinit        gd32f30x_dma.o
    0x0800ae54   0x0800ae54   0x0000012e   Code   RO         1954    i.dma_init          gd32f30x_dma.o
    0x0800af82   0x0800af82   0x00000002   PAD
    0x0800af84   0x0800af84   0x00000018   Code   RO         1966    i.dma_periph_and_channel_check  gd32f30x_dma.o
    0x0800af9c   0x0800af9c   0x0000001c   Code   RO         1971    i.dma_struct_para_init  gd32f30x_dma.o
    0x0800afb8   0x0800afb8   0x00000026   Code   RO         1973    i.dma_transfer_number_config  gd32f30x_dma.o
    0x0800afde   0x0800afde   0x00000022   Code   RO         1974    i.dma_transfer_number_get  gd32f30x_dma.o
    0x0800b000   0x0800b000   0x00000022   Code   RO         3179    i.fmc_bank0_ready_wait  gd32f30x_fmc.o
    0x0800b022   0x0800b022   0x00000002   PAD
    0x0800b024   0x0800b024   0x00000030   Code   RO         3180    i.fmc_bank0_state_get  gd32f30x_fmc.o
    0x0800b054   0x0800b054   0x00000022   Code   RO         3184    i.fmc_bank1_ready_wait  gd32f30x_fmc.o
    0x0800b076   0x0800b076   0x00000002   PAD
    0x0800b078   0x0800b078   0x00000030   Code   RO         3185    i.fmc_bank1_state_get  gd32f30x_fmc.o
    0x0800b0a8   0x0800b0a8   0x00000020   Code   RO         3187    i.fmc_flag_clear    gd32f30x_fmc.o
    0x0800b0c8   0x0800b0c8   0x000000b8   Code   RO         3189    i.fmc_halfword_program  gd32f30x_fmc.o
    0x0800b180   0x0800b180   0x0000002c   Code   RO         3194    i.fmc_lock          gd32f30x_fmc.o
    0x0800b1ac   0x0800b1ac   0x000000f0   Code   RO         3196    i.fmc_page_erase    gd32f30x_fmc.o
    0x0800b29c   0x0800b29c   0x00000044   Code   RO         3197    i.fmc_unlock        gd32f30x_fmc.o
    0x0800b2e0   0x0800b2e0   0x00000024   Code   RO          372    i.fputc             usb2com_drv.o
    0x0800b304   0x0800b304   0x00000004   Code   RO         1032    i.gpio_bit_reset    gd32f30x_gpio.o
    0x0800b308   0x0800b308   0x00000004   Code   RO         1033    i.gpio_bit_set      gd32f30x_gpio.o
    0x0800b30c   0x0800b30c   0x0000000a   Code   RO         1034    i.gpio_bit_write    gd32f30x_gpio.o
    0x0800b316   0x0800b316   0x000000bc   Code   RO         1042    i.gpio_init         gd32f30x_gpio.o
    0x0800b3d2   0x0800b3d2   0x00000010   Code   RO         1043    i.gpio_input_bit_get  gd32f30x_gpio.o
    0x0800b3e2   0x0800b3e2   0x00000010   Code   RO         1045    i.gpio_output_bit_get  gd32f30x_gpio.o
    0x0800b3f2   0x0800b3f2   0x00000002   PAD
    0x0800b3f4   0x0800b3f4   0x0000013c   Code   RO            3    i.main              main.o
    0x0800b530   0x0800b530   0x000000c4   Code   RO         1575    i.nvic_irq_enable   gd32f30x_misc.o
    0x0800b5f4   0x0800b5f4   0x00000014   Code   RO         1576    i.nvic_priority_group_set  gd32f30x_misc.o
    0x0800b608   0x0800b608   0x00000014   Code   RO         2945    i.pmu_backup_write_enable  gd32f30x_pmu.o
    0x0800b61c   0x0800b61c   0x0000006c   Code   RO         1231    i.rcu_adc_clock_config  gd32f30x_rcu.o
    0x0800b688   0x0800b688   0x00000014   Code   RO         1236    i.rcu_bkp_reset_disable  gd32f30x_rcu.o
    0x0800b69c   0x0800b69c   0x00000014   Code   RO         1237    i.rcu_bkp_reset_enable  gd32f30x_rcu.o
    0x0800b6b0   0x0800b6b0   0x00000158   Code   RO         1240    i.rcu_clock_freq_get  gd32f30x_rcu.o
    0x0800b808   0x0800b808   0x00000024   Code   RO         1243    i.rcu_flag_get      gd32f30x_rcu.o
    0x0800b82c   0x0800b82c   0x00000020   Code   RO         1255    i.rcu_osci_on       gd32f30x_rcu.o
    0x0800b84c   0x0800b84c   0x00000110   Code   RO         1256    i.rcu_osci_stab_wait  gd32f30x_rcu.o
    0x0800b95c   0x0800b95c   0x00000020   Code   RO         1258    i.rcu_periph_clock_enable  gd32f30x_rcu.o
    0x0800b97c   0x0800b97c   0x00000020   Code   RO         1261    i.rcu_periph_reset_disable  gd32f30x_rcu.o
    0x0800b99c   0x0800b99c   0x00000020   Code   RO         1262    i.rcu_periph_reset_enable  gd32f30x_rcu.o
    0x0800b9bc   0x0800b9bc   0x00000018   Code   RO         1266    i.rcu_rtc_clock_config  gd32f30x_rcu.o
    0x0800b9d4   0x0800b9d4   0x00000014   Code   RO         3086    i.rtc_configuration_mode_enter  gd32f30x_rtc.o
    0x0800b9e8   0x0800b9e8   0x00000014   Code   RO         3087    i.rtc_configuration_mode_exit  gd32f30x_rtc.o
    0x0800b9fc   0x0800b9fc   0x00000020   Code   RO         3089    i.rtc_counter_set   gd32f30x_rtc.o
    0x0800ba1c   0x0800ba1c   0x00000014   Code   RO         3095    i.rtc_lwoff_wait    gd32f30x_rtc.o
    0x0800ba30   0x0800ba30   0x00000020   Code   RO         3096    i.rtc_prescaler_set  gd32f30x_rtc.o
    0x0800ba50   0x0800ba50   0x00000020   Code   RO         3097    i.rtc_register_sync_wait  gd32f30x_rtc.o
    0x0800ba70   0x0800ba70   0x0000011c   Code   RO          969    i.system_clock_120m_hxtal  system_gd32f30x.o
    0x0800bb8c   0x0800bb8c   0x00000008   Code   RO          970    i.system_clock_config  system_gd32f30x.o
    0x0800bb94   0x0800bb94   0x000000dc   Code   RO         2165    i.timer_deinit      gd32f30x_timer.o
    0x0800bc70   0x0800bc70   0x0000000a   Code   RO         2170    i.timer_enable      gd32f30x_timer.o
    0x0800bc7a   0x0800bc7a   0x00000002   PAD
    0x0800bc7c   0x0800bc7c   0x00000098   Code   RO         2180    i.timer_init        gd32f30x_timer.o
    0x0800bd14   0x0800bd14   0x00000008   Code   RO         2187    i.timer_interrupt_enable  gd32f30x_timer.o
    0x0800bd1c   0x0800bd1c   0x00000006   Code   RO         2188    i.timer_interrupt_flag_clear  gd32f30x_timer.o
    0x0800bd22   0x0800bd22   0x00000018   Code   RO         2189    i.timer_interrupt_flag_get  gd32f30x_timer.o
    0x0800bd3a   0x0800bd3a   0x00000016   Code   RO         2200    i.timer_struct_para_init  gd32f30x_timer.o
    0x0800bd50   0x0800bd50   0x00000090   Code   RO         1631    i.usart_baudrate_set  gd32f30x_usart.o
    0x0800bde0   0x0800bde0   0x0000000a   Code   RO         1634    i.usart_data_receive  gd32f30x_usart.o
    0x0800bdea   0x0800bdea   0x00000008   Code   RO         1635    i.usart_data_transmit  gd32f30x_usart.o
    0x0800bdf2   0x0800bdf2   0x00000002   PAD
    0x0800bdf4   0x0800bdf4   0x00000090   Code   RO         1636    i.usart_deinit      gd32f30x_usart.o
    0x0800be84   0x0800be84   0x00000014   Code   RO         1638    i.usart_dma_receive_config  gd32f30x_usart.o
    0x0800be98   0x0800be98   0x0000000a   Code   RO         1640    i.usart_enable      gd32f30x_usart.o
    0x0800bea2   0x0800bea2   0x0000001e   Code   RO         1642    i.usart_flag_get    gd32f30x_usart.o
    0x0800bec0   0x0800bec0   0x0000001a   Code   RO         1649    i.usart_interrupt_enable  gd32f30x_usart.o
    0x0800beda   0x0800beda   0x00000038   Code   RO         1651    i.usart_interrupt_flag_get  gd32f30x_usart.o
    0x0800bf12   0x0800bf12   0x00000014   Code   RO         1664    i.usart_receive_config  gd32f30x_usart.o
    0x0800bf26   0x0800bf26   0x00000014   Code   RO         1678    i.usart_transmit_config  gd32f30x_usart.o
    0x0800bf3a   0x0800bf3a   0x00000002   PAD
    0x0800bf3c   0x0800bf3c   0x00000024   Data   RO          510    .constdata          led_drv.o
    0x0800bf60   0x0800bf60   0x00000040   Data   RO         3756    .constdata          mc_w.l(ctype_c.o)
    0x0800bfa0   0x0800bfa0   0x00000583   Data   RO           85    .conststring        wifi_app.o
    0x0800c523   0x0800c523   0x00000001   PAD
    0x0800c524   0x0800c524   0x00000060   Data   RO          174    .conststring        store_app.o
    0x0800c584   0x0800c584   0x00000020   Data   RO         3758    Region$$Table       anon$$obj.o


    Execution Region RW_IRAM1 (Exec base: 0x20000000, Load base: 0x0800c5a4, Size: 0x00001500, Max: 0x00010000, ABSOLUTE, COMPRESSED[0x00000090])

    Exec Addr    Load Addr    Size         Type   Attr      Idx    E Section Name        Object

    0x20000000   COMPRESSED   0x00000142   Data   RW           86    .data               wifi_app.o
    0x20000142   COMPRESSED   0x0000000f   Data   RW          175    .data               store_app.o
    0x20000151   COMPRESSED   0x00000003   PAD
    0x20000154   COMPRESSED   0x00000004   Data   RW          235    .data               delay.o
    0x20000158   COMPRESSED   0x00000007   Data   RW          373    .data               usb2com_drv.o
    0x2000015f   COMPRESSED   0x00000001   PAD
    0x20000160   COMPRESSED   0x00000008   Data   RW          434    .data               systick.o
    0x20000168   COMPRESSED   0x00000030   Data   RW          476    .data               key_drv.o
    0x20000198   COMPRESSED   0x00000005   Data   RW          556    .data               wifi_drv.o
    0x2000019d   COMPRESSED   0x00000001   PAD
    0x2000019e   COMPRESSED   0x00000006   Data   RW          718    .data               rh_drv.o
    0x200001a4   COMPRESSED   0x00000040   Data   RW          914    .data               md5.o
    0x200001e4   COMPRESSED   0x00000004   Data   RW         3713    .data               mc_w.l(stdout.o)
    0x200001e8        -       0x00000688   Zero   RW           84    .bss                wifi_app.o
    0x20000870        -       0x0000000f   Zero   RW          173    .bss                store_app.o
    0x2000087f   COMPRESSED   0x00000001   PAD
    0x20000880        -       0x00000080   Zero   RW          475    .bss                key_drv.o
    0x20000900        -       0x00000400   Zero   RW          555    .bss                wifi_drv.o
    0x20000d00        -       0x00000800   Zero   RW          956    STACK               startup_gd32f30x_hd.o


==============================================================================

Image component sizes


      Code (inc. data)   RO Data    RW Data    ZI Data      Debug   Object Name

       140         26          0          4          0      48538   delay.o
       614          6          0          0          0       8553   gd32f30x_adc.o
       120         12          0          0          0       5350   gd32f30x_bkp.o
       638          6          0          0          0      10497   gd32f30x_dma.o
       732         74          0          0          0      11319   gd32f30x_fmc.o
       238          0          0          0          0      16100   gd32f30x_gpio.o
       216         20          0          0          0       1448   gd32f30x_misc.o
        20          6          0          0          0        530   gd32f30x_pmu.o
       952        100          0          0          0      24359   gd32f30x_rcu.o
       156         30          0          0          0       3321   gd32f30x_rtc.o
       442         40          0          0          0      20057   gd32f30x_timer.o
       488         16          0          0          0      13777   gd32f30x_usart.o
        48          8          0          0          0      27456   iap_drv.o
       364         12          0          0          0       3086   inflash_drv.o
       548         12          0         48        128       3065   key_drv.o
        64          4         36          0          0       1293   led_drv.o
       368        234          0          0          0       7231   main.o
      2376        268          0         64          0       6250   md5.o
       164         10          0          0          0       1494   ntc_drv.o
       456         36          0          6          0       4506   rh_drv.o
       150          0          0          0          0        589   rtc_drv.o
        36          8        304          0       2048        860   startup_gd32f30x_hd.o
       494         48         96         15         15       5456   store_app.o
       648         30          0          0          0       3561   system_gd32f30x.o
       128         18          0          8          0      28363   systick.o
       372         44          0          7          0       4197   usb2com_drv.o
      2740        490       1411        322       1672      11652   wifi_app.o
       632        166          0          5       1024       5713   wifi_drv.o

    ----------------------------------------------------------------------
     14364       1724       1880        484       4888     278621   Object Totals
         0          0         32          0          0          0   (incl. Generated)
        20          0          1          5          1          0   (incl. Padding)

    ----------------------------------------------------------------------

      Code (inc. data)   RO Data    RW Data    ZI Data      Debug   Library Member Name

        56          8          0          0          0         84   __0sscanf.o
        86          0          0          0          0          0   __dczerorl2.o
        28          0          0          0          0         68   _chval.o
       812          4          0          0          0        112   _scanf.o
       332          0          0          0          0         96   _scanf_int.o
       224          0          0          0          0         96   _scanf_str.o
        64          0          0          0          0         84   _sgetc.o
        40          6         64          0          0         68   ctype_c.o
         0          0          0          0          0          0   entry.o
         0          0          0          0          0          0   entry10a.o
         0          0          0          0          0          0   entry11a.o
         8          4          0          0          0          0   entry2.o
         4          0          0          0          0          0   entry5.o
         0          0          0          0          0          0   entry7b.o
         0          0          0          0          0          0   entry8b.o
         8          4          0          0          0          0   entry9a.o
        30          0          0          0          0          0   handlers.o
        36          8          0          0          0         68   init.o
        10          0          0          0          0         68   isspace_c.o
         0          0          0          0          0          0   iusefp.o
        30          0          0          0          0         68   llshl.o
        36          0          0          0          0         68   llsshr.o
        32          0          0          0          0         68   llushr.o
        36          0          0          0          0         68   memcpya.o
        36          0          0          0          0        108   memseta.o
      2308         96          0          0          0        604   printfa.o
        40          8          0          0          0         84   scanf_char.o
         0          0          0          4          0          0   stdout.o
        24          0          0          0          0         68   strcat.o
        28          0          0          0          0         76   strcmp.o
        18          0          0          0          0         68   strcpy.o
        14          0          0          0          0         68   strlen.o
        24          0          0          0          0         76   strncpy.o
        36          0          0          0          0         80   strstr.o
        44          0          0          0          0         80   uidiv.o
        98          0          0          0          0         92   uldiv.o
        48          0          0          0          0         68   cdrcmple.o
       334          0          0          0          0        148   dadd.o
       222          0          0          0          0        100   ddiv.o
       186          0          0          0          0        176   depilogue.o
        48          0          0          0          0         68   dfixul.o
       228          0          0          0          0         96   dmul.o

    ----------------------------------------------------------------------
      5616        138         64          4          0       3076   Library Totals
         8          0          0          0          0          0   (incl. Padding)

    ----------------------------------------------------------------------

      Code (inc. data)   RO Data    RW Data    ZI Data      Debug   Library Name

      4542        138         64          4          0       2420   mc_w.l
      1066          0          0          0          0        656   mf_w.l

    ----------------------------------------------------------------------
      5616        138         64          4          0       3076   Library Totals

    ----------------------------------------------------------------------

==============================================================================


      Code (inc. data)   RO Data    RW Data    ZI Data      Debug   

     19980       1862       1944        488       4888     266065   Grand Totals
     19980       1862       1944        144       4888     266065   ELF Image Totals (compressed)
     19980       1862       1944        144          0          0   ROM Totals

==============================================================================

    Total RO  Size (Code + RO Data)                21924 (  21.41kB)
    Total RW  Size (RW Data + ZI Data)              5376 (   5.25kB)
    Total ROM Size (Code + RO Data + RW Data)      22068 (  21.55kB)

==============================================================================

