Component: ARM Compiler 5.06 update 6 (build 750) Tool: armlink [4d35ed]

==============================================================================

Section Cross References

    main.o(i.AppInit) refers to store_app.o(i.InitSysParam) for InitSysParam
    main.o(i.DrvInit) refers to led_drv.o(i.LedDrvInit) for LedDrvInit
    main.o(i.DrvInit) refers to delay.o(i.DelayInit) for DelayInit
    main.o(i.DrvInit) refers to usb2com_drv.o(i.Usb2ComDrvInit) for Usb2ComDrvInit
    main.o(i.main) refers to main.o(i.DrvInit) for DrvInit
    main.o(i.main) refers to main.o(i.AppInit) for AppInit
    main.o(i.main) refers to printf8.o(i.__0printf$8) for __2printf
    main.o(i.main) refers to store_app.o(i.ReadUpdateInfo) for ReadUpdateInfo
    main.o(i.main) refers to store_app.o(i.CheckNeedUpdate) for CheckNeedUpdate
    main.o(i.main) refers to store_app.o(i.UpdateAppFromDownloadArea) for UpdateAppFromDownloadArea
    main.o(i.main) refers to store_app.o(i.SetSoftwareVersionParam) for SetSoftwareVersionParam
    main.o(i.main) refers to store_app.o(i.ClearUpdateInfo) for ClearUpdateInfo
    main.o(i.main) refers to iap_drv.o(i.BootToApp) for BootToApp
    store_app.o(i.ClearUpdateInfo) refers to inflash_drv.o(i.FlashErase) for FlashErase
    store_app.o(i.GetSoftwareVersionParam) refers to strcpy.o(.text) for strcpy
    store_app.o(i.GetSoftwareVersionParam) refers to store_app.o(.bss) for g_sysParamCurrent
    store_app.o(i.InitSysParam) refers to store_app.o(i.ReadSysParam) for ReadSysParam
    store_app.o(i.InitSysParam) refers to memcpya.o(.text) for __aeabi_memcpy
    store_app.o(i.InitSysParam) refers to store_app.o(.bss) for g_sysParamCurrent
    store_app.o(i.InitSysParam) refers to store_app.o(.data) for g_sysParamDefault
    store_app.o(i.Md5DigestMatch) refers to memseta.o(.text) for __aeabi_memclr4
    store_app.o(i.Md5DigestMatch) refers to printf8.o(i.__0sprintf$8) for __2sprintf
    store_app.o(i.Md5DigestMatch) refers to strcmp.o(.text) for strcmp
    store_app.o(i.ReadSysParam) refers to inflash_drv.o(i.FlashRead) for FlashRead
    store_app.o(i.ReadSysParam) refers to store_app.o(i.CalcCrc8) for CalcCrc8
    store_app.o(i.ReadUpdateInfo) refers to inflash_drv.o(i.FlashRead) for FlashRead
    store_app.o(i.ReadUpdateInfo) refers to store_app.o(i.CalcCrc8) for CalcCrc8
    store_app.o(i.SetSoftwareVersionParam) refers to strcmp.o(.text) for strcmp
    store_app.o(i.SetSoftwareVersionParam) refers to memcpya.o(.text) for __aeabi_memcpy
    store_app.o(i.SetSoftwareVersionParam) refers to memseta.o(.text) for __aeabi_memclr4
    store_app.o(i.SetSoftwareVersionParam) refers to strcpy.o(.text) for strcpy
    store_app.o(i.SetSoftwareVersionParam) refers to store_app.o(i.WriteSysParam) for WriteSysParam
    store_app.o(i.SetSoftwareVersionParam) refers to store_app.o(.bss) for g_sysParamCurrent
    store_app.o(i.UpdateAppFromDownloadArea) refers to printf8.o(i.__0printf$8) for __2printf
    store_app.o(i.UpdateAppFromDownloadArea) refers to inflash_drv.o(i.FlashErase) for FlashErase
    store_app.o(i.UpdateAppFromDownloadArea) refers to md5.o(i.MD5Init) for MD5Init
    store_app.o(i.UpdateAppFromDownloadArea) refers to inflash_drv.o(i.FlashRead) for FlashRead
    store_app.o(i.UpdateAppFromDownloadArea) refers to inflash_drv.o(i.FlashWrite) for FlashWrite
    store_app.o(i.UpdateAppFromDownloadArea) refers to md5.o(i.MD5Update) for MD5Update
    store_app.o(i.UpdateAppFromDownloadArea) refers to md5.o(i.MD5Final) for MD5Final
    store_app.o(i.UpdateAppFromDownloadArea) refers to store_app.o(i.Md5DigestMatch) for Md5DigestMatch
    store_app.o(i.WriteSysParam) refers to store_app.o(i.CalcCrc8) for CalcCrc8
    store_app.o(i.WriteSysParam) refers to inflash_drv.o(i.FlashErase) for FlashErase
    store_app.o(i.WriteSysParam) refers to inflash_drv.o(i.FlashWrite) for FlashWrite
    store_app.o(i.WriteUpdateInfo) refers to memseta.o(.text) for __aeabi_memclr4
    store_app.o(i.WriteUpdateInfo) refers to strncpy.o(.text) for strncpy
    store_app.o(i.WriteUpdateInfo) refers to store_app.o(i.CalcCrc8) for CalcCrc8
    store_app.o(i.WriteUpdateInfo) refers to inflash_drv.o(i.FlashErase) for FlashErase
    store_app.o(i.WriteUpdateInfo) refers to inflash_drv.o(i.FlashWrite) for FlashWrite
    delay.o(i.DelayInit) refers to gd32f30x_rcu.o(i.rcu_clock_freq_get) for rcu_clock_freq_get
    delay.o(i.DelayInit) refers to delay.o(.data) for g_sysClock
    delay.o(i.DelayNms) refers to delay.o(i.DelayNus) for DelayNus
    delay.o(i.DelayNus) refers to delay.o(.data) for g_sysClock
    usb2com_drv.o(i.GpioInit) refers to gd32f30x_rcu.o(i.rcu_periph_clock_enable) for rcu_periph_clock_enable
    usb2com_drv.o(i.GpioInit) refers to gd32f30x_gpio.o(i.gpio_init) for gpio_init
    usb2com_drv.o(i.UartInit) refers to gd32f30x_rcu.o(i.rcu_periph_clock_enable) for rcu_periph_clock_enable
    usb2com_drv.o(i.UartInit) refers to gd32f30x_usart.o(i.usart_deinit) for usart_deinit
    usb2com_drv.o(i.UartInit) refers to gd32f30x_usart.o(i.usart_baudrate_set) for usart_baudrate_set
    usb2com_drv.o(i.UartInit) refers to gd32f30x_usart.o(i.usart_transmit_config) for usart_transmit_config
    usb2com_drv.o(i.UartInit) refers to gd32f30x_usart.o(i.usart_enable) for usart_enable
    usb2com_drv.o(i.Usb2ComDrvInit) refers to usb2com_drv.o(i.GpioInit) for GpioInit
    usb2com_drv.o(i.Usb2ComDrvInit) refers to usb2com_drv.o(i.UartInit) for UartInit
    usb2com_drv.o(i.fputc) refers to gd32f30x_usart.o(i.usart_data_transmit) for usart_data_transmit
    usb2com_drv.o(i.fputc) refers to gd32f30x_usart.o(i.usart_flag_get) for usart_flag_get
    led_drv.o(i.LedDrvInit) refers to gd32f30x_rcu.o(i.rcu_periph_clock_enable) for rcu_periph_clock_enable
    led_drv.o(i.LedDrvInit) refers to gd32f30x_gpio.o(i.gpio_init) for gpio_init
    led_drv.o(i.LedDrvInit) refers to led_drv.o(.constdata) for g_ledCfgList
    led_drv.o(i.ToggleLed) refers to gd32f30x_gpio.o(i.gpio_input_bit_get) for gpio_input_bit_get
    led_drv.o(i.ToggleLed) refers to gd32f30x_gpio.o(i.gpio_bit_write) for gpio_bit_write
    led_drv.o(i.ToggleLed) refers to led_drv.o(.constdata) for g_ledCfgList
    led_drv.o(i.TurnOffLed) refers to gd32f30x_gpio.o(i.gpio_bit_write) for gpio_bit_write
    led_drv.o(i.TurnOffLed) refers to led_drv.o(.constdata) for g_ledCfgList
    led_drv.o(i.TurnOnLed) refers to gd32f30x_gpio.o(i.gpio_bit_write) for gpio_bit_write
    led_drv.o(i.TurnOnLed) refers to led_drv.o(.constdata) for g_ledCfgList
    iap_drv.o(i.BootToApp) refers to gd32f30x_misc.o(i.nvic_vector_table_set) for nvic_vector_table_set
    inflash_drv.o(i.FlashErase) refers to gd32f30x_fmc.o(i.fmc_unlock) for fmc_unlock
    inflash_drv.o(i.FlashErase) refers to gd32f30x_fmc.o(i.fmc_flag_clear) for fmc_flag_clear
    inflash_drv.o(i.FlashErase) refers to gd32f30x_fmc.o(i.fmc_page_erase) for fmc_page_erase
    inflash_drv.o(i.FlashErase) refers to gd32f30x_fmc.o(i.fmc_lock) for fmc_lock
    inflash_drv.o(i.FlashWrite) refers to gd32f30x_fmc.o(i.fmc_unlock) for fmc_unlock
    inflash_drv.o(i.FlashWrite) refers to gd32f30x_fmc.o(i.fmc_flag_clear) for fmc_flag_clear
    inflash_drv.o(i.FlashWrite) refers to gd32f30x_fmc.o(i.fmc_halfword_program) for fmc_halfword_program
    inflash_drv.o(i.FlashWrite) refers to gd32f30x_fmc.o(i.fmc_lock) for fmc_lock
    md5.o(i.MD5Final) refers to md5.o(i.MD5Encode) for MD5Encode
    md5.o(i.MD5Final) refers to md5.o(i.MD5Update) for MD5Update
    md5.o(i.MD5Final) refers to md5.o(.data) for PADDING
    md5.o(i.MD5Transform) refers to md5.o(i.MD5Decode) for MD5Decode
    md5.o(i.MD5Update) refers to memcpya.o(.text) for __aeabi_memcpy
    md5.o(i.MD5Update) refers to md5.o(i.MD5Transform) for MD5Transform
    startup_gd32f30x_hd.o(RESET) refers to startup_gd32f30x_hd.o(STACK) for __initial_sp
    startup_gd32f30x_hd.o(RESET) refers to startup_gd32f30x_hd.o(.text) for Reset_Handler
    startup_gd32f30x_hd.o(.text) refers to system_gd32f30x.o(i.SystemInit) for SystemInit
    startup_gd32f30x_hd.o(.text) refers to entry.o(.ARM.Collect$$$$00000000) for __main
    system_gd32f30x.o(i.SystemCoreClockUpdate) refers to system_gd32f30x.o(.data) for SystemCoreClock
    system_gd32f30x.o(i.SystemInit) refers to system_gd32f30x.o(i._soft_delay_) for _soft_delay_
    system_gd32f30x.o(i.SystemInit) refers to system_gd32f30x.o(i.system_clock_config) for system_clock_config
    system_gd32f30x.o(i.system_clock_config) refers to system_gd32f30x.o(i.system_clock_120m_hxtal) for system_clock_120m_hxtal
    gd32f30x_gpio.o(i.gpio_afio_deinit) refers to gd32f30x_rcu.o(i.rcu_periph_reset_enable) for rcu_periph_reset_enable
    gd32f30x_gpio.o(i.gpio_afio_deinit) refers to gd32f30x_rcu.o(i.rcu_periph_reset_disable) for rcu_periph_reset_disable
    gd32f30x_gpio.o(i.gpio_deinit) refers to gd32f30x_rcu.o(i.rcu_periph_reset_enable) for rcu_periph_reset_enable
    gd32f30x_gpio.o(i.gpio_deinit) refers to gd32f30x_rcu.o(i.rcu_periph_reset_disable) for rcu_periph_reset_disable
    gd32f30x_rcu.o(i.rcu_deinit) refers to gd32f30x_rcu.o(i.rcu_osci_stab_wait) for rcu_osci_stab_wait
    gd32f30x_rcu.o(i.rcu_osci_stab_wait) refers to gd32f30x_rcu.o(i.rcu_flag_get) for rcu_flag_get
    gd32f30x_misc.o(i.nvic_irq_enable) refers to gd32f30x_misc.o(i.nvic_priority_group_set) for nvic_priority_group_set
    gd32f30x_usart.o(i.usart_baudrate_set) refers to gd32f30x_rcu.o(i.rcu_clock_freq_get) for rcu_clock_freq_get
    gd32f30x_usart.o(i.usart_deinit) refers to gd32f30x_rcu.o(i.rcu_periph_reset_enable) for rcu_periph_reset_enable
    gd32f30x_usart.o(i.usart_deinit) refers to gd32f30x_rcu.o(i.rcu_periph_reset_disable) for rcu_periph_reset_disable
    gd32f30x_fmc.o(i.fmc_bank0_erase) refers to gd32f30x_fmc.o(i.fmc_bank0_ready_wait) for fmc_bank0_ready_wait
    gd32f30x_fmc.o(i.fmc_bank0_ready_wait) refers to gd32f30x_fmc.o(i.fmc_bank0_state_get) for fmc_bank0_state_get
    gd32f30x_fmc.o(i.fmc_bank1_erase) refers to gd32f30x_fmc.o(i.fmc_bank1_ready_wait) for fmc_bank1_ready_wait
    gd32f30x_fmc.o(i.fmc_bank1_ready_wait) refers to gd32f30x_fmc.o(i.fmc_bank1_state_get) for fmc_bank1_state_get
    gd32f30x_fmc.o(i.fmc_halfword_program) refers to gd32f30x_fmc.o(i.fmc_bank0_ready_wait) for fmc_bank0_ready_wait
    gd32f30x_fmc.o(i.fmc_halfword_program) refers to gd32f30x_fmc.o(i.fmc_bank1_ready_wait) for fmc_bank1_ready_wait
    gd32f30x_fmc.o(i.fmc_mass_erase) refers to gd32f30x_fmc.o(i.fmc_bank0_ready_wait) for fmc_bank0_ready_wait
    gd32f30x_fmc.o(i.fmc_mass_erase) refers to gd32f30x_fmc.o(i.fmc_bank1_ready_wait) for fmc_bank1_ready_wait
    gd32f30x_fmc.o(i.fmc_page_erase) refers to gd32f30x_fmc.o(i.fmc_bank0_ready_wait) for fmc_bank0_ready_wait
    gd32f30x_fmc.o(i.fmc_page_erase) refers to gd32f30x_fmc.o(i.fmc_bank1_ready_wait) for fmc_bank1_ready_wait
    gd32f30x_fmc.o(i.fmc_word_program) refers to gd32f30x_fmc.o(i.fmc_bank0_ready_wait) for fmc_bank0_ready_wait
    gd32f30x_fmc.o(i.fmc_word_program) refers to gd32f30x_fmc.o(i.fmc_bank1_ready_wait) for fmc_bank1_ready_wait
    gd32f30x_fmc.o(i.fmc_word_reprogram) refers to gd32f30x_fmc.o(i.fmc_bank0_ready_wait) for fmc_bank0_ready_wait
    gd32f30x_fmc.o(i.fmc_word_reprogram) refers to gd32f30x_fmc.o(i.fmc_bank1_ready_wait) for fmc_bank1_ready_wait
    gd32f30x_fmc.o(i.ob_data_program) refers to gd32f30x_fmc.o(i.fmc_bank0_ready_wait) for fmc_bank0_ready_wait
    gd32f30x_fmc.o(i.ob_erase) refers to gd32f30x_fmc.o(i.fmc_bank0_ready_wait) for fmc_bank0_ready_wait
    gd32f30x_fmc.o(i.ob_erase) refers to gd32f30x_fmc.o(i.ob_spc_get) for ob_spc_get
    gd32f30x_fmc.o(i.ob_security_protection_config) refers to gd32f30x_fmc.o(i.fmc_bank0_ready_wait) for fmc_bank0_ready_wait
    gd32f30x_fmc.o(i.ob_user_write) refers to gd32f30x_fmc.o(i.fmc_bank0_ready_wait) for fmc_bank0_ready_wait
    gd32f30x_fmc.o(i.ob_write_protection_enable) refers to gd32f30x_fmc.o(i.fmc_bank0_ready_wait) for fmc_bank0_ready_wait
    entry.o(.ARM.Collect$$$$00000000) refers (Special) to entry10a.o(.ARM.Collect$$$$0000000D) for __rt_final_cpp
    entry.o(.ARM.Collect$$$$00000000) refers (Special) to entry11a.o(.ARM.Collect$$$$0000000F) for __rt_final_exit
    entry.o(.ARM.Collect$$$$00000000) refers (Special) to entry7b.o(.ARM.Collect$$$$00000008) for _main_clock
    entry.o(.ARM.Collect$$$$00000000) refers (Special) to entry8b.o(.ARM.Collect$$$$0000000A) for _main_cpp_init
    entry.o(.ARM.Collect$$$$00000000) refers (Special) to entry9a.o(.ARM.Collect$$$$0000000B) for _main_init
    entry.o(.ARM.Collect$$$$00000000) refers (Special) to entry5.o(.ARM.Collect$$$$00000004) for _main_scatterload
    entry.o(.ARM.Collect$$$$00000000) refers (Special) to entry2.o(.ARM.Collect$$$$00000001) for _main_stk
    printfb.o(i.__0fprintf$bare) refers to printfb.o(i._printf_core) for _printf_core
    printfb.o(i.__0fprintf$bare) refers to usb2com_drv.o(i.fputc) for fputc
    printfb.o(i.__0printf$bare) refers to printfb.o(i._printf_core) for _printf_core
    printfb.o(i.__0printf$bare) refers to usb2com_drv.o(i.fputc) for fputc
    printfb.o(i.__0printf$bare) refers to stdout.o(.data) for __stdout
    printfb.o(i.__0snprintf$bare) refers to printfb.o(i._printf_core) for _printf_core
    printfb.o(i.__0snprintf$bare) refers to printfb.o(i._snputc) for _snputc
    printfb.o(i.__0sprintf$bare) refers to printfb.o(i._printf_core) for _printf_core
    printfb.o(i.__0sprintf$bare) refers to printfb.o(i._sputc) for _sputc
    printfb.o(i.__0vfprintf$bare) refers to printfb.o(i._printf_core) for _printf_core
    printfb.o(i.__0vfprintf$bare) refers to usb2com_drv.o(i.fputc) for fputc
    printfb.o(i.__0vprintf$bare) refers to printfb.o(i._printf_core) for _printf_core
    printfb.o(i.__0vprintf$bare) refers to usb2com_drv.o(i.fputc) for fputc
    printfb.o(i.__0vprintf$bare) refers to stdout.o(.data) for __stdout
    printfb.o(i.__0vsnprintf$bare) refers to printfb.o(i._printf_core) for _printf_core
    printfb.o(i.__0vsnprintf$bare) refers to printfb.o(i._snputc) for _snputc
    printfb.o(i.__0vsprintf$bare) refers to printfb.o(i._printf_core) for _printf_core
    printfb.o(i.__0vsprintf$bare) refers to printfb.o(i._sputc) for _sputc
    printf0.o(i.__0fprintf$0) refers to printf0.o(i._printf_core) for _printf_core
    printf0.o(i.__0fprintf$0) refers to usb2com_drv.o(i.fputc) for fputc
    printf0.o(i.__0printf$0) refers to printf0.o(i._printf_core) for _printf_core
    printf0.o(i.__0printf$0) refers to usb2com_drv.o(i.fputc) for fputc
    printf0.o(i.__0printf$0) refers to stdout.o(.data) for __stdout
    printf0.o(i.__0snprintf$0) refers to printf0.o(i._printf_core) for _printf_core
    printf0.o(i.__0snprintf$0) refers to printf0.o(i._snputc) for _snputc
    printf0.o(i.__0sprintf$0) refers to printf0.o(i._printf_core) for _printf_core
    printf0.o(i.__0sprintf$0) refers to printf0.o(i._sputc) for _sputc
    printf0.o(i.__0vfprintf$0) refers to printf0.o(i._printf_core) for _printf_core
    printf0.o(i.__0vfprintf$0) refers to usb2com_drv.o(i.fputc) for fputc
    printf0.o(i.__0vprintf$0) refers to printf0.o(i._printf_core) for _printf_core
    printf0.o(i.__0vprintf$0) refers to usb2com_drv.o(i.fputc) for fputc
    printf0.o(i.__0vprintf$0) refers to stdout.o(.data) for __stdout
    printf0.o(i.__0vsnprintf$0) refers to printf0.o(i._printf_core) for _printf_core
    printf0.o(i.__0vsnprintf$0) refers to printf0.o(i._snputc) for _snputc
    printf0.o(i.__0vsprintf$0) refers to printf0.o(i._printf_core) for _printf_core
    printf0.o(i.__0vsprintf$0) refers to printf0.o(i._sputc) for _sputc
    printf1.o(i.__0fprintf$1) refers to printf1.o(i._printf_core) for _printf_core
    printf1.o(i.__0fprintf$1) refers to usb2com_drv.o(i.fputc) for fputc
    printf1.o(i.__0printf$1) refers to printf1.o(i._printf_core) for _printf_core
    printf1.o(i.__0printf$1) refers to usb2com_drv.o(i.fputc) for fputc
    printf1.o(i.__0printf$1) refers to stdout.o(.data) for __stdout
    printf1.o(i.__0snprintf$1) refers to printf1.o(i._printf_core) for _printf_core
    printf1.o(i.__0snprintf$1) refers to printf1.o(i._snputc) for _snputc
    printf1.o(i.__0sprintf$1) refers to printf1.o(i._printf_core) for _printf_core
    printf1.o(i.__0sprintf$1) refers to printf1.o(i._sputc) for _sputc
    printf1.o(i.__0vfprintf$1) refers to printf1.o(i._printf_core) for _printf_core
    printf1.o(i.__0vfprintf$1) refers to usb2com_drv.o(i.fputc) for fputc
    printf1.o(i.__0vprintf$1) refers to printf1.o(i._printf_core) for _printf_core
    printf1.o(i.__0vprintf$1) refers to usb2com_drv.o(i.fputc) for fputc
    printf1.o(i.__0vprintf$1) refers to stdout.o(.data) for __stdout
    printf1.o(i.__0vsnprintf$1) refers to printf1.o(i._printf_core) for _printf_core
    printf1.o(i.__0vsnprintf$1) refers to printf1.o(i._snputc) for _snputc
    printf1.o(i.__0vsprintf$1) refers to printf1.o(i._printf_core) for _printf_core
    printf1.o(i.__0vsprintf$1) refers to printf1.o(i._sputc) for _sputc
    printf1.o(i._printf_core) refers to uidiv.o(.text) for __aeabi_uidivmod
    printf2.o(i.__0fprintf$2) refers to printf2.o(i._printf_core) for _printf_core
    printf2.o(i.__0fprintf$2) refers to usb2com_drv.o(i.fputc) for fputc
    printf2.o(i.__0printf$2) refers to printf2.o(i._printf_core) for _printf_core
    printf2.o(i.__0printf$2) refers to usb2com_drv.o(i.fputc) for fputc
    printf2.o(i.__0printf$2) refers to stdout.o(.data) for __stdout
    printf2.o(i.__0snprintf$2) refers to printf2.o(i._printf_core) for _printf_core
    printf2.o(i.__0snprintf$2) refers to printf2.o(i._snputc) for _snputc
    printf2.o(i.__0sprintf$2) refers to printf2.o(i._printf_core) for _printf_core
    printf2.o(i.__0sprintf$2) refers to printf2.o(i._sputc) for _sputc
    printf2.o(i.__0vfprintf$2) refers to printf2.o(i._printf_core) for _printf_core
    printf2.o(i.__0vfprintf$2) refers to usb2com_drv.o(i.fputc) for fputc
    printf2.o(i.__0vprintf$2) refers to printf2.o(i._printf_core) for _printf_core
    printf2.o(i.__0vprintf$2) refers to usb2com_drv.o(i.fputc) for fputc
    printf2.o(i.__0vprintf$2) refers to stdout.o(.data) for __stdout
    printf2.o(i.__0vsnprintf$2) refers to printf2.o(i._printf_core) for _printf_core
    printf2.o(i.__0vsnprintf$2) refers to printf2.o(i._snputc) for _snputc
    printf2.o(i.__0vsprintf$2) refers to printf2.o(i._printf_core) for _printf_core
    printf2.o(i.__0vsprintf$2) refers to printf2.o(i._sputc) for _sputc
    printf3.o(i.__0fprintf$3) refers to printf3.o(i._printf_core) for _printf_core
    printf3.o(i.__0fprintf$3) refers to usb2com_drv.o(i.fputc) for fputc
    printf3.o(i.__0printf$3) refers to printf3.o(i._printf_core) for _printf_core
    printf3.o(i.__0printf$3) refers to usb2com_drv.o(i.fputc) for fputc
    printf3.o(i.__0printf$3) refers to stdout.o(.data) for __stdout
    printf3.o(i.__0snprintf$3) refers to printf3.o(i._printf_core) for _printf_core
    printf3.o(i.__0snprintf$3) refers to printf3.o(i._snputc) for _snputc
    printf3.o(i.__0sprintf$3) refers to printf3.o(i._printf_core) for _printf_core
    printf3.o(i.__0sprintf$3) refers to printf3.o(i._sputc) for _sputc
    printf3.o(i.__0vfprintf$3) refers to printf3.o(i._printf_core) for _printf_core
    printf3.o(i.__0vfprintf$3) refers to usb2com_drv.o(i.fputc) for fputc
    printf3.o(i.__0vprintf$3) refers to printf3.o(i._printf_core) for _printf_core
    printf3.o(i.__0vprintf$3) refers to usb2com_drv.o(i.fputc) for fputc
    printf3.o(i.__0vprintf$3) refers to stdout.o(.data) for __stdout
    printf3.o(i.__0vsnprintf$3) refers to printf3.o(i._printf_core) for _printf_core
    printf3.o(i.__0vsnprintf$3) refers to printf3.o(i._snputc) for _snputc
    printf3.o(i.__0vsprintf$3) refers to printf3.o(i._printf_core) for _printf_core
    printf3.o(i.__0vsprintf$3) refers to printf3.o(i._sputc) for _sputc
    printf3.o(i._printf_core) refers to uidiv.o(.text) for __aeabi_uidivmod
    printf4.o(i.__0fprintf$4) refers to printf4.o(i._printf_core) for _printf_core
    printf4.o(i.__0fprintf$4) refers to usb2com_drv.o(i.fputc) for fputc
    printf4.o(i.__0printf$4) refers to printf4.o(i._printf_core) for _printf_core
    printf4.o(i.__0printf$4) refers to usb2com_drv.o(i.fputc) for fputc
    printf4.o(i.__0printf$4) refers to stdout.o(.data) for __stdout
    printf4.o(i.__0snprintf$4) refers to printf4.o(i._printf_core) for _printf_core
    printf4.o(i.__0snprintf$4) refers to printf4.o(i._snputc) for _snputc
    printf4.o(i.__0sprintf$4) refers to printf4.o(i._printf_core) for _printf_core
    printf4.o(i.__0sprintf$4) refers to printf4.o(i._sputc) for _sputc
    printf4.o(i.__0vfprintf$4) refers to printf4.o(i._printf_core) for _printf_core
    printf4.o(i.__0vfprintf$4) refers to usb2com_drv.o(i.fputc) for fputc
    printf4.o(i.__0vprintf$4) refers to printf4.o(i._printf_core) for _printf_core
    printf4.o(i.__0vprintf$4) refers to usb2com_drv.o(i.fputc) for fputc
    printf4.o(i.__0vprintf$4) refers to stdout.o(.data) for __stdout
    printf4.o(i.__0vsnprintf$4) refers to printf4.o(i._printf_core) for _printf_core
    printf4.o(i.__0vsnprintf$4) refers to printf4.o(i._snputc) for _snputc
    printf4.o(i.__0vsprintf$4) refers to printf4.o(i._printf_core) for _printf_core
    printf4.o(i.__0vsprintf$4) refers to printf4.o(i._sputc) for _sputc
    printf4.o(i._printf_core) refers to uldiv.o(.text) for __aeabi_uldivmod
    printf5.o(i.__0fprintf$5) refers to printf5.o(i._printf_core) for _printf_core
    printf5.o(i.__0fprintf$5) refers to usb2com_drv.o(i.fputc) for fputc
    printf5.o(i.__0printf$5) refers to printf5.o(i._printf_core) for _printf_core
    printf5.o(i.__0printf$5) refers to usb2com_drv.o(i.fputc) for fputc
    printf5.o(i.__0printf$5) refers to stdout.o(.data) for __stdout
    printf5.o(i.__0snprintf$5) refers to printf5.o(i._printf_core) for _printf_core
    printf5.o(i.__0snprintf$5) refers to printf5.o(i._snputc) for _snputc
    printf5.o(i.__0sprintf$5) refers to printf5.o(i._printf_core) for _printf_core
    printf5.o(i.__0sprintf$5) refers to printf5.o(i._sputc) for _sputc
    printf5.o(i.__0vfprintf$5) refers to printf5.o(i._printf_core) for _printf_core
    printf5.o(i.__0vfprintf$5) refers to usb2com_drv.o(i.fputc) for fputc
    printf5.o(i.__0vprintf$5) refers to printf5.o(i._printf_core) for _printf_core
    printf5.o(i.__0vprintf$5) refers to usb2com_drv.o(i.fputc) for fputc
    printf5.o(i.__0vprintf$5) refers to stdout.o(.data) for __stdout
    printf5.o(i.__0vsnprintf$5) refers to printf5.o(i._printf_core) for _printf_core
    printf5.o(i.__0vsnprintf$5) refers to printf5.o(i._snputc) for _snputc
    printf5.o(i.__0vsprintf$5) refers to printf5.o(i._printf_core) for _printf_core
    printf5.o(i.__0vsprintf$5) refers to printf5.o(i._sputc) for _sputc
    printf5.o(i._printf_core) refers to uldiv.o(.text) for __aeabi_uldivmod
    printf6.o(i.__0fprintf$6) refers to printf6.o(i._printf_core) for _printf_core
    printf6.o(i.__0fprintf$6) refers to usb2com_drv.o(i.fputc) for fputc
    printf6.o(i.__0printf$6) refers to printf6.o(i._printf_core) for _printf_core
    printf6.o(i.__0printf$6) refers to usb2com_drv.o(i.fputc) for fputc
    printf6.o(i.__0printf$6) refers to stdout.o(.data) for __stdout
    printf6.o(i.__0snprintf$6) refers to printf6.o(i._printf_core) for _printf_core
    printf6.o(i.__0snprintf$6) refers to printf6.o(i._snputc) for _snputc
    printf6.o(i.__0sprintf$6) refers to printf6.o(i._printf_core) for _printf_core
    printf6.o(i.__0sprintf$6) refers to printf6.o(i._sputc) for _sputc
    printf6.o(i.__0vfprintf$6) refers to printf6.o(i._printf_core) for _printf_core
    printf6.o(i.__0vfprintf$6) refers to usb2com_drv.o(i.fputc) for fputc
    printf6.o(i.__0vprintf$6) refers to printf6.o(i._printf_core) for _printf_core
    printf6.o(i.__0vprintf$6) refers to usb2com_drv.o(i.fputc) for fputc
    printf6.o(i.__0vprintf$6) refers to stdout.o(.data) for __stdout
    printf6.o(i.__0vsnprintf$6) refers to printf6.o(i._printf_core) for _printf_core
    printf6.o(i.__0vsnprintf$6) refers to printf6.o(i._snputc) for _snputc
    printf6.o(i.__0vsprintf$6) refers to printf6.o(i._printf_core) for _printf_core
    printf6.o(i.__0vsprintf$6) refers to printf6.o(i._sputc) for _sputc
    printf6.o(i._printf_core) refers to printf6.o(i._printf_pre_padding) for _printf_pre_padding
    printf6.o(i._printf_core) refers to uidiv.o(.text) for __aeabi_uidivmod
    printf6.o(i._printf_core) refers to printf6.o(i._printf_post_padding) for _printf_post_padding
    printf7.o(i.__0fprintf$7) refers to printf7.o(i._printf_core) for _printf_core
    printf7.o(i.__0fprintf$7) refers to usb2com_drv.o(i.fputc) for fputc
    printf7.o(i.__0printf$7) refers to printf7.o(i._printf_core) for _printf_core
    printf7.o(i.__0printf$7) refers to usb2com_drv.o(i.fputc) for fputc
    printf7.o(i.__0printf$7) refers to stdout.o(.data) for __stdout
    printf7.o(i.__0snprintf$7) refers to printf7.o(i._printf_core) for _printf_core
    printf7.o(i.__0snprintf$7) refers to printf7.o(i._snputc) for _snputc
    printf7.o(i.__0sprintf$7) refers to printf7.o(i._printf_core) for _printf_core
    printf7.o(i.__0sprintf$7) refers to printf7.o(i._sputc) for _sputc
    printf7.o(i.__0vfprintf$7) refers to printf7.o(i._printf_core) for _printf_core
    printf7.o(i.__0vfprintf$7) refers to usb2com_drv.o(i.fputc) for fputc
    printf7.o(i.__0vprintf$7) refers to printf7.o(i._printf_core) for _printf_core
    printf7.o(i.__0vprintf$7) refers to usb2com_drv.o(i.fputc) for fputc
    printf7.o(i.__0vprintf$7) refers to stdout.o(.data) for __stdout
    printf7.o(i.__0vsnprintf$7) refers to printf7.o(i._printf_core) for _printf_core
    printf7.o(i.__0vsnprintf$7) refers to printf7.o(i._snputc) for _snputc
    printf7.o(i.__0vsprintf$7) refers to printf7.o(i._printf_core) for _printf_core
    printf7.o(i.__0vsprintf$7) refers to printf7.o(i._sputc) for _sputc
    printf7.o(i._printf_core) refers to printf7.o(i._printf_pre_padding) for _printf_pre_padding
    printf7.o(i._printf_core) refers to uldiv.o(.text) for __aeabi_uldivmod
    printf7.o(i._printf_core) refers to printf7.o(i._printf_post_padding) for _printf_post_padding
    printf8.o(i.__0fprintf$8) refers to printf8.o(i._printf_core) for _printf_core
    printf8.o(i.__0fprintf$8) refers to usb2com_drv.o(i.fputc) for fputc
    printf8.o(i.__0printf$8) refers to printf8.o(i._printf_core) for _printf_core
    printf8.o(i.__0printf$8) refers to usb2com_drv.o(i.fputc) for fputc
    printf8.o(i.__0printf$8) refers to stdout.o(.data) for __stdout
    printf8.o(i.__0snprintf$8) refers to printf8.o(i._printf_core) for _printf_core
    printf8.o(i.__0snprintf$8) refers to printf8.o(i._snputc) for _snputc
    printf8.o(i.__0sprintf$8) refers to printf8.o(i._printf_core) for _printf_core
    printf8.o(i.__0sprintf$8) refers to printf8.o(i._sputc) for _sputc
    printf8.o(i.__0vfprintf$8) refers to printf8.o(i._printf_core) for _printf_core
    printf8.o(i.__0vfprintf$8) refers to usb2com_drv.o(i.fputc) for fputc
    printf8.o(i.__0vprintf$8) refers to printf8.o(i._printf_core) for _printf_core
    printf8.o(i.__0vprintf$8) refers to usb2com_drv.o(i.fputc) for fputc
    printf8.o(i.__0vprintf$8) refers to stdout.o(.data) for __stdout
    printf8.o(i.__0vsnprintf$8) refers to printf8.o(i._printf_core) for _printf_core
    printf8.o(i.__0vsnprintf$8) refers to printf8.o(i._snputc) for _snputc
    printf8.o(i.__0vsprintf$8) refers to printf8.o(i._printf_core) for _printf_core
    printf8.o(i.__0vsprintf$8) refers to printf8.o(i._sputc) for _sputc
    printf8.o(i._printf_core) refers to printf8.o(i._printf_pre_padding) for _printf_pre_padding
    printf8.o(i._printf_core) refers to uldiv.o(.text) for __aeabi_uldivmod
    printf8.o(i._printf_core) refers to printf8.o(i._printf_post_padding) for _printf_post_padding
    printfa.o(i.__0fprintf) refers (Special) to iusefp.o(.text) for __I$use$fp
    printfa.o(i.__0fprintf) refers to printfa.o(i._printf_core) for _printf_core
    printfa.o(i.__0fprintf) refers to usb2com_drv.o(i.fputc) for fputc
    printfa.o(i.__0printf) refers (Special) to iusefp.o(.text) for __I$use$fp
    printfa.o(i.__0printf) refers to printfa.o(i._printf_core) for _printf_core
    printfa.o(i.__0printf) refers to usb2com_drv.o(i.fputc) for fputc
    printfa.o(i.__0printf) refers to stdout.o(.data) for __stdout
    printfa.o(i.__0snprintf) refers (Special) to iusefp.o(.text) for __I$use$fp
    printfa.o(i.__0snprintf) refers to printfa.o(i._printf_core) for _printf_core
    printfa.o(i.__0snprintf) refers to printfa.o(i._snputc) for _snputc
    printfa.o(i.__0sprintf) refers (Special) to iusefp.o(.text) for __I$use$fp
    printfa.o(i.__0sprintf) refers to printfa.o(i._printf_core) for _printf_core
    printfa.o(i.__0sprintf) refers to printfa.o(i._sputc) for _sputc
    printfa.o(i.__0vfprintf) refers (Special) to iusefp.o(.text) for __I$use$fp
    printfa.o(i.__0vfprintf) refers to printfa.o(i._printf_core) for _printf_core
    printfa.o(i.__0vfprintf) refers to usb2com_drv.o(i.fputc) for fputc
    printfa.o(i.__0vprintf) refers (Special) to iusefp.o(.text) for __I$use$fp
    printfa.o(i.__0vprintf) refers to printfa.o(i._printf_core) for _printf_core
    printfa.o(i.__0vprintf) refers to usb2com_drv.o(i.fputc) for fputc
    printfa.o(i.__0vprintf) refers to stdout.o(.data) for __stdout
    printfa.o(i.__0vsnprintf) refers (Special) to iusefp.o(.text) for __I$use$fp
    printfa.o(i.__0vsnprintf) refers to printfa.o(i._printf_core) for _printf_core
    printfa.o(i.__0vsnprintf) refers to printfa.o(i._snputc) for _snputc
    printfa.o(i.__0vsprintf) refers (Special) to iusefp.o(.text) for __I$use$fp
    printfa.o(i.__0vsprintf) refers to printfa.o(i._printf_core) for _printf_core
    printfa.o(i.__0vsprintf) refers to printfa.o(i._sputc) for _sputc
    printfa.o(i._fp_digits) refers (Special) to iusefp.o(.text) for __I$use$fp
    printfa.o(i._fp_digits) refers to dmul.o(.text) for __aeabi_dmul
    printfa.o(i._fp_digits) refers to ddiv.o(.text) for __aeabi_ddiv
    printfa.o(i._fp_digits) refers to cdrcmple.o(.text) for __aeabi_cdrcmple
    printfa.o(i._fp_digits) refers to dadd.o(.text) for __aeabi_dadd
    printfa.o(i._fp_digits) refers to dfixul.o(.text) for __aeabi_d2ulz
    printfa.o(i._fp_digits) refers to uldiv.o(.text) for __aeabi_uldivmod
    printfa.o(i._printf_core) refers (Special) to iusefp.o(.text) for __I$use$fp
    printfa.o(i._printf_core) refers to printfa.o(i._printf_pre_padding) for _printf_pre_padding
    printfa.o(i._printf_core) refers to uldiv.o(.text) for __aeabi_uldivmod
    printfa.o(i._printf_core) refers to printfa.o(i._printf_post_padding) for _printf_post_padding
    printfa.o(i._printf_core) refers to printfa.o(i._fp_digits) for _fp_digits
    printfa.o(i._printf_core) refers to uidiv.o(.text) for __aeabi_uidivmod
    printfa.o(i._printf_post_padding) refers (Special) to iusefp.o(.text) for __I$use$fp
    printfa.o(i._printf_pre_padding) refers (Special) to iusefp.o(.text) for __I$use$fp
    printfa.o(i._snputc) refers (Special) to iusefp.o(.text) for __I$use$fp
    printfa.o(i._sputc) refers (Special) to iusefp.o(.text) for __I$use$fp
    entry2.o(.ARM.Collect$$$$00000001) refers to entry2.o(.ARM.Collect$$$$00002712) for __lit__00000000
    entry2.o(.ARM.Collect$$$$00002712) refers to startup_gd32f30x_hd.o(STACK) for __initial_sp
    entry2.o(__vectab_stack_and_reset_area) refers to startup_gd32f30x_hd.o(STACK) for __initial_sp
    entry2.o(__vectab_stack_and_reset_area) refers to entry.o(.ARM.Collect$$$$00000000) for __main
    entry5.o(.ARM.Collect$$$$00000004) refers to init.o(.text) for __scatterload
    entry9a.o(.ARM.Collect$$$$0000000B) refers to main.o(i.main) for main
    entry9b.o(.ARM.Collect$$$$0000000C) refers to main.o(i.main) for main
    uldiv.o(.text) refers to llushr.o(.text) for __aeabi_llsr
    uldiv.o(.text) refers to llshl.o(.text) for __aeabi_llsl
    dadd.o(.text) refers to llshl.o(.text) for __aeabi_llsl
    dadd.o(.text) refers to llsshr.o(.text) for __aeabi_lasr
    dadd.o(.text) refers to depilogue.o(.text) for _double_epilogue
    dmul.o(.text) refers to depilogue.o(.text) for _double_epilogue
    ddiv.o(.text) refers to depilogue.o(.text) for _double_round
    dfixul.o(.text) refers to llushr.o(.text) for __aeabi_llsr
    dfixul.o(.text) refers to llshl.o(.text) for __aeabi_llsl
    init.o(.text) refers to entry5.o(.ARM.Collect$$$$00000004) for __main_after_scatterload
    depilogue.o(.text) refers to llshl.o(.text) for __aeabi_llsl
    depilogue.o(.text) refers to llushr.o(.text) for __aeabi_llsr


==============================================================================

Removing Unused input sections from the image.

    Removing store_app.o(.rev16_text), (4 bytes).
    Removing store_app.o(.revsh_text), (4 bytes).
    Removing store_app.o(i.GetSoftwareVersionParam), (24 bytes).
    Removing store_app.o(i.WriteUpdateInfo), (120 bytes).
    Removing delay.o(.rev16_text), (4 bytes).
    Removing delay.o(.revsh_text), (4 bytes).
    Removing delay.o(i.DelayNms), (24 bytes).
    Removing delay.o(i.DelayNus), (44 bytes).
    Removing usb2com_drv.o(.rev16_text), (4 bytes).
    Removing usb2com_drv.o(.revsh_text), (4 bytes).
    Removing led_drv.o(.rev16_text), (4 bytes).
    Removing led_drv.o(.revsh_text), (4 bytes).
    Removing led_drv.o(i.ToggleLed), (84 bytes).
    Removing led_drv.o(i.TurnOffLed), (48 bytes).
    Removing led_drv.o(i.TurnOnLed), (48 bytes).
    Removing iap_drv.o(.rev16_text), (4 bytes).
    Removing iap_drv.o(.revsh_text), (4 bytes).
    Removing inflash_drv.o(.rev16_text), (4 bytes).
    Removing inflash_drv.o(.revsh_text), (4 bytes).
    Removing startup_gd32f30x_hd.o(HEAP), (1024 bytes).
    Removing system_gd32f30x.o(.rev16_text), (4 bytes).
    Removing system_gd32f30x.o(.revsh_text), (4 bytes).
    Removing system_gd32f30x.o(i.SystemCoreClockUpdate), (316 bytes).
    Removing system_gd32f30x.o(i.gd32f30x_firmware_version_get), (6 bytes).
    Removing system_gd32f30x.o(.data), (4 bytes).
    Removing gd32f30x_gpio.o(.rev16_text), (4 bytes).
    Removing gd32f30x_gpio.o(.revsh_text), (4 bytes).
    Removing gd32f30x_gpio.o(i.gpio_afio_deinit), (20 bytes).
    Removing gd32f30x_gpio.o(i.gpio_bit_reset), (4 bytes).
    Removing gd32f30x_gpio.o(i.gpio_bit_set), (4 bytes).
    Removing gd32f30x_gpio.o(i.gpio_bit_write), (10 bytes).
    Removing gd32f30x_gpio.o(i.gpio_compensation_config), (24 bytes).
    Removing gd32f30x_gpio.o(i.gpio_compensation_flag_get), (24 bytes).
    Removing gd32f30x_gpio.o(i.gpio_deinit), (196 bytes).
    Removing gd32f30x_gpio.o(i.gpio_event_output_config), (28 bytes).
    Removing gd32f30x_gpio.o(i.gpio_event_output_disable), (20 bytes).
    Removing gd32f30x_gpio.o(i.gpio_event_output_enable), (20 bytes).
    Removing gd32f30x_gpio.o(i.gpio_exti_source_select), (152 bytes).
    Removing gd32f30x_gpio.o(i.gpio_input_bit_get), (16 bytes).
    Removing gd32f30x_gpio.o(i.gpio_input_port_get), (8 bytes).
    Removing gd32f30x_gpio.o(i.gpio_output_bit_get), (16 bytes).
    Removing gd32f30x_gpio.o(i.gpio_output_port_get), (8 bytes).
    Removing gd32f30x_gpio.o(i.gpio_pin_lock), (18 bytes).
    Removing gd32f30x_gpio.o(i.gpio_pin_remap_config), (144 bytes).
    Removing gd32f30x_gpio.o(i.gpio_port_write), (4 bytes).
    Removing gd32f30x_rcu.o(.rev16_text), (4 bytes).
    Removing gd32f30x_rcu.o(.revsh_text), (4 bytes).
    Removing gd32f30x_rcu.o(i.rcu_adc_clock_config), (108 bytes).
    Removing gd32f30x_rcu.o(i.rcu_ahb_clock_config), (24 bytes).
    Removing gd32f30x_rcu.o(i.rcu_all_reset_flag_clear), (20 bytes).
    Removing gd32f30x_rcu.o(i.rcu_apb1_clock_config), (24 bytes).
    Removing gd32f30x_rcu.o(i.rcu_apb2_clock_config), (24 bytes).
    Removing gd32f30x_rcu.o(i.rcu_bkp_reset_disable), (20 bytes).
    Removing gd32f30x_rcu.o(i.rcu_bkp_reset_enable), (20 bytes).
    Removing gd32f30x_rcu.o(i.rcu_ck48m_clock_config), (28 bytes).
    Removing gd32f30x_rcu.o(i.rcu_ckout0_config), (24 bytes).
    Removing gd32f30x_rcu.o(i.rcu_deepsleep_voltage_set), (16 bytes).
    Removing gd32f30x_rcu.o(i.rcu_deinit), (120 bytes).
    Removing gd32f30x_rcu.o(i.rcu_flag_get), (36 bytes).
    Removing gd32f30x_rcu.o(i.rcu_hxtal_clock_monitor_disable), (20 bytes).
    Removing gd32f30x_rcu.o(i.rcu_hxtal_clock_monitor_enable), (20 bytes).
    Removing gd32f30x_rcu.o(i.rcu_interrupt_disable), (32 bytes).
    Removing gd32f30x_rcu.o(i.rcu_interrupt_enable), (32 bytes).
    Removing gd32f30x_rcu.o(i.rcu_interrupt_flag_clear), (32 bytes).
    Removing gd32f30x_rcu.o(i.rcu_interrupt_flag_get), (36 bytes).
    Removing gd32f30x_rcu.o(i.rcu_irc8m_adjust_value_set), (28 bytes).
    Removing gd32f30x_rcu.o(i.rcu_lxtal_drive_capability_config), (24 bytes).
    Removing gd32f30x_rcu.o(i.rcu_osci_bypass_mode_disable), (100 bytes).
    Removing gd32f30x_rcu.o(i.rcu_osci_bypass_mode_enable), (100 bytes).
    Removing gd32f30x_rcu.o(i.rcu_osci_off), (32 bytes).
    Removing gd32f30x_rcu.o(i.rcu_osci_on), (32 bytes).
    Removing gd32f30x_rcu.o(i.rcu_osci_stab_wait), (272 bytes).
    Removing gd32f30x_rcu.o(i.rcu_periph_clock_disable), (32 bytes).
    Removing gd32f30x_rcu.o(i.rcu_periph_clock_sleep_disable), (32 bytes).
    Removing gd32f30x_rcu.o(i.rcu_periph_clock_sleep_enable), (32 bytes).
    Removing gd32f30x_rcu.o(i.rcu_pll_config), (32 bytes).
    Removing gd32f30x_rcu.o(i.rcu_pllpresel_config), (24 bytes).
    Removing gd32f30x_rcu.o(i.rcu_predv0_config), (32 bytes).
    Removing gd32f30x_rcu.o(i.rcu_rtc_clock_config), (24 bytes).
    Removing gd32f30x_rcu.o(i.rcu_system_clock_source_config), (24 bytes).
    Removing gd32f30x_rcu.o(i.rcu_system_clock_source_get), (16 bytes).
    Removing gd32f30x_rcu.o(i.rcu_usb_clock_config), (24 bytes).
    Removing gd32f30x_misc.o(.rev16_text), (4 bytes).
    Removing gd32f30x_misc.o(.revsh_text), (4 bytes).
    Removing gd32f30x_misc.o(i.nvic_irq_disable), (24 bytes).
    Removing gd32f30x_misc.o(i.nvic_irq_enable), (196 bytes).
    Removing gd32f30x_misc.o(i.nvic_priority_group_set), (20 bytes).
    Removing gd32f30x_misc.o(i.system_lowpower_reset), (16 bytes).
    Removing gd32f30x_misc.o(i.system_lowpower_set), (16 bytes).
    Removing gd32f30x_misc.o(i.systick_clksource_set), (40 bytes).
    Removing gd32f30x_usart.o(.rev16_text), (4 bytes).
    Removing gd32f30x_usart.o(.revsh_text), (4 bytes).
    Removing gd32f30x_usart.o(i.usart_address_config), (20 bytes).
    Removing gd32f30x_usart.o(i.usart_block_length_config), (28 bytes).
    Removing gd32f30x_usart.o(i.usart_data_first_config), (20 bytes).
    Removing gd32f30x_usart.o(i.usart_data_receive), (10 bytes).
    Removing gd32f30x_usart.o(i.usart_disable), (10 bytes).
    Removing gd32f30x_usart.o(i.usart_dma_receive_config), (20 bytes).
    Removing gd32f30x_usart.o(i.usart_dma_transmit_config), (20 bytes).
    Removing gd32f30x_usart.o(i.usart_flag_clear), (18 bytes).
    Removing gd32f30x_usart.o(i.usart_guard_time_config), (24 bytes).
    Removing gd32f30x_usart.o(i.usart_halfduplex_disable), (10 bytes).
    Removing gd32f30x_usart.o(i.usart_halfduplex_enable), (10 bytes).
    Removing gd32f30x_usart.o(i.usart_hardware_flow_cts_config), (20 bytes).
    Removing gd32f30x_usart.o(i.usart_hardware_flow_rts_config), (20 bytes).
    Removing gd32f30x_usart.o(i.usart_interrupt_disable), (26 bytes).
    Removing gd32f30x_usart.o(i.usart_interrupt_enable), (26 bytes).
    Removing gd32f30x_usart.o(i.usart_interrupt_flag_clear), (18 bytes).
    Removing gd32f30x_usart.o(i.usart_interrupt_flag_get), (56 bytes).
    Removing gd32f30x_usart.o(i.usart_invert_config), (104 bytes).
    Removing gd32f30x_usart.o(i.usart_irda_lowpower_config), (20 bytes).
    Removing gd32f30x_usart.o(i.usart_irda_mode_disable), (10 bytes).
    Removing gd32f30x_usart.o(i.usart_irda_mode_enable), (10 bytes).
    Removing gd32f30x_usart.o(i.usart_lin_break_detection_length_config), (20 bytes).
    Removing gd32f30x_usart.o(i.usart_lin_mode_disable), (10 bytes).
    Removing gd32f30x_usart.o(i.usart_lin_mode_enable), (10 bytes).
    Removing gd32f30x_usart.o(i.usart_mute_mode_disable), (10 bytes).
    Removing gd32f30x_usart.o(i.usart_mute_mode_enable), (10 bytes).
    Removing gd32f30x_usart.o(i.usart_mute_mode_wakeup_config), (16 bytes).
    Removing gd32f30x_usart.o(i.usart_parity_config), (16 bytes).
    Removing gd32f30x_usart.o(i.usart_prescaler_config), (16 bytes).
    Removing gd32f30x_usart.o(i.usart_receive_config), (20 bytes).
    Removing gd32f30x_usart.o(i.usart_receiver_timeout_disable), (14 bytes).
    Removing gd32f30x_usart.o(i.usart_receiver_timeout_enable), (14 bytes).
    Removing gd32f30x_usart.o(i.usart_receiver_timeout_threshold_config), (20 bytes).
    Removing gd32f30x_usart.o(i.usart_send_break), (10 bytes).
    Removing gd32f30x_usart.o(i.usart_smartcard_autoretry_config), (26 bytes).
    Removing gd32f30x_usart.o(i.usart_smartcard_mode_disable), (10 bytes).
    Removing gd32f30x_usart.o(i.usart_smartcard_mode_enable), (10 bytes).
    Removing gd32f30x_usart.o(i.usart_smartcard_mode_nack_disable), (10 bytes).
    Removing gd32f30x_usart.o(i.usart_smartcard_mode_nack_enable), (10 bytes).
    Removing gd32f30x_usart.o(i.usart_stop_bit_set), (16 bytes).
    Removing gd32f30x_usart.o(i.usart_synchronous_clock_config), (34 bytes).
    Removing gd32f30x_usart.o(i.usart_synchronous_clock_disable), (10 bytes).
    Removing gd32f30x_usart.o(i.usart_synchronous_clock_enable), (10 bytes).
    Removing gd32f30x_usart.o(i.usart_word_length_set), (16 bytes).
    Removing gd32f30x_fmc.o(.rev16_text), (4 bytes).
    Removing gd32f30x_fmc.o(.revsh_text), (4 bytes).
    Removing gd32f30x_fmc.o(i.fmc_bank0_erase), (68 bytes).
    Removing gd32f30x_fmc.o(i.fmc_bank0_lock), (20 bytes).
    Removing gd32f30x_fmc.o(i.fmc_bank0_unlock), (36 bytes).
    Removing gd32f30x_fmc.o(i.fmc_bank1_erase), (68 bytes).
    Removing gd32f30x_fmc.o(i.fmc_bank1_lock), (20 bytes).
    Removing gd32f30x_fmc.o(i.fmc_bank1_unlock), (36 bytes).
    Removing gd32f30x_fmc.o(i.fmc_flag_get), (36 bytes).
    Removing gd32f30x_fmc.o(i.fmc_interrupt_disable), (32 bytes).
    Removing gd32f30x_fmc.o(i.fmc_interrupt_enable), (32 bytes).
    Removing gd32f30x_fmc.o(i.fmc_interrupt_flag_clear), (32 bytes).
    Removing gd32f30x_fmc.o(i.fmc_interrupt_flag_get), (108 bytes).
    Removing gd32f30x_fmc.o(i.fmc_mass_erase), (192 bytes).
    Removing gd32f30x_fmc.o(i.fmc_word_program), (184 bytes).
    Removing gd32f30x_fmc.o(i.fmc_word_reprogram), (236 bytes).
    Removing gd32f30x_fmc.o(i.fmc_wscnt_set), (24 bytes).
    Removing gd32f30x_fmc.o(i.ob_data_get), (16 bytes).
    Removing gd32f30x_fmc.o(i.ob_data_program), (68 bytes).
    Removing gd32f30x_fmc.o(i.ob_erase), (140 bytes).
    Removing gd32f30x_fmc.o(i.ob_lock), (20 bytes).
    Removing gd32f30x_fmc.o(i.ob_security_protection_config), (132 bytes).
    Removing gd32f30x_fmc.o(i.ob_spc_get), (24 bytes).
    Removing gd32f30x_fmc.o(i.ob_unlock), (36 bytes).
    Removing gd32f30x_fmc.o(i.ob_user_get), (16 bytes).
    Removing gd32f30x_fmc.o(i.ob_user_write), (96 bytes).
    Removing gd32f30x_fmc.o(i.ob_write_protection_enable), (164 bytes).
    Removing gd32f30x_fmc.o(i.ob_write_protection_get), (12 bytes).
    Removing dadd.o(.text), (334 bytes).
    Removing dmul.o(.text), (228 bytes).
    Removing ddiv.o(.text), (222 bytes).
    Removing dfixul.o(.text), (48 bytes).
    Removing cdrcmple.o(.text), (48 bytes).
    Removing depilogue.o(.text), (186 bytes).

170 unused section(s) (total 8114 bytes) removed from the image.

==============================================================================

Image Symbol Table

    Local Symbols

    Symbol Name                              Value     Ov Type        Size  Object(Section)

    ../clib/microlib/division.c              0x00000000   Number         0  uldiv.o ABSOLUTE
    ../clib/microlib/division.c              0x00000000   Number         0  uidiv.o ABSOLUTE
    ../clib/microlib/init/entry.s            0x00000000   Number         0  entry10a.o ABSOLUTE
    ../clib/microlib/init/entry.s            0x00000000   Number         0  entry.o ABSOLUTE
    ../clib/microlib/init/entry.s            0x00000000   Number         0  entry11a.o ABSOLUTE
    ../clib/microlib/init/entry.s            0x00000000   Number         0  entry11b.o ABSOLUTE
    ../clib/microlib/init/entry.s            0x00000000   Number         0  entry10b.o ABSOLUTE
    ../clib/microlib/init/entry.s            0x00000000   Number         0  entry9b.o ABSOLUTE
    ../clib/microlib/init/entry.s            0x00000000   Number         0  entry9a.o ABSOLUTE
    ../clib/microlib/init/entry.s            0x00000000   Number         0  entry8b.o ABSOLUTE
    ../clib/microlib/init/entry.s            0x00000000   Number         0  entry8a.o ABSOLUTE
    ../clib/microlib/init/entry.s            0x00000000   Number         0  entry7b.o ABSOLUTE
    ../clib/microlib/init/entry.s            0x00000000   Number         0  entry7a.o ABSOLUTE
    ../clib/microlib/init/entry.s            0x00000000   Number         0  entry5.o ABSOLUTE
    ../clib/microlib/init/entry.s            0x00000000   Number         0  entry2.o ABSOLUTE
    ../clib/microlib/longlong.c              0x00000000   Number         0  llshl.o ABSOLUTE
    ../clib/microlib/longlong.c              0x00000000   Number         0  llushr.o ABSOLUTE
    ../clib/microlib/longlong.c              0x00000000   Number         0  llsshr.o ABSOLUTE
    ../clib/microlib/printf/printf.c         0x00000000   Number         0  printf6.o ABSOLUTE
    ../clib/microlib/printf/printf.c         0x00000000   Number         0  printf7.o ABSOLUTE
    ../clib/microlib/printf/printf.c         0x00000000   Number         0  printf1.o ABSOLUTE
    ../clib/microlib/printf/printf.c         0x00000000   Number         0  printf8.o ABSOLUTE
    ../clib/microlib/printf/printf.c         0x00000000   Number         0  printf0.o ABSOLUTE
    ../clib/microlib/printf/printf.c         0x00000000   Number         0  printfb.o ABSOLUTE
    ../clib/microlib/printf/printf.c         0x00000000   Number         0  printfa.o ABSOLUTE
    ../clib/microlib/printf/printf.c         0x00000000   Number         0  printf5.o ABSOLUTE
    ../clib/microlib/printf/printf.c         0x00000000   Number         0  printf2.o ABSOLUTE
    ../clib/microlib/printf/printf.c         0x00000000   Number         0  printf3.o ABSOLUTE
    ../clib/microlib/printf/printf.c         0x00000000   Number         0  printf4.o ABSOLUTE
    ../clib/microlib/printf/stubs.s          0x00000000   Number         0  stubs.o ABSOLUTE
    ../clib/microlib/stdio/streams.c         0x00000000   Number         0  stdout.o ABSOLUTE
    ../clib/microlib/string/memcpy.c         0x00000000   Number         0  memcpya.o ABSOLUTE
    ../clib/microlib/string/memcpy.c         0x00000000   Number         0  memcpyb.o ABSOLUTE
    ../clib/microlib/string/memset.c         0x00000000   Number         0  memseta.o ABSOLUTE
    ../clib/microlib/string/strcmp.c         0x00000000   Number         0  strcmp.o ABSOLUTE
    ../clib/microlib/string/strcpy.c         0x00000000   Number         0  strcpy.o ABSOLUTE
    ../clib/microlib/string/strncpy.c        0x00000000   Number         0  strncpy.o ABSOLUTE
    ../clib/microlib/stubs.s                 0x00000000   Number         0  iusefp.o ABSOLUTE
    ../fplib/microlib/fpadd.c                0x00000000   Number         0  dadd.o ABSOLUTE
    ../fplib/microlib/fpdiv.c                0x00000000   Number         0  ddiv.o ABSOLUTE
    ../fplib/microlib/fpepilogue.c           0x00000000   Number         0  depilogue.o ABSOLUTE
    ../fplib/microlib/fpfix.c                0x00000000   Number         0  dfixul.o ABSOLUTE
    ../fplib/microlib/fpmul.c                0x00000000   Number         0  dmul.o ABSOLUTE
    App\\store_app.c                         0x00000000   Number         0  store_app.o ABSOLUTE
    App\main.c                               0x00000000   Number         0  main.o ABSOLUTE
    App\store_app.c                          0x00000000   Number         0  store_app.o ABSOLUTE
    Arm_kernel\\system_gd32f30x.c            0x00000000   Number         0  system_gd32f30x.o ABSOLUTE
    Arm_kernel\startup_gd32f30x_hd.s         0x00000000   Number         0  startup_gd32f30x_hd.o ABSOLUTE
    Arm_kernel\system_gd32f30x.c             0x00000000   Number         0  system_gd32f30x.o ABSOLUTE
    Driver\\delay.c                          0x00000000   Number         0  delay.o ABSOLUTE
    Driver\\iap_drv.c                        0x00000000   Number         0  iap_drv.o ABSOLUTE
    Driver\\inflash_drv.c                    0x00000000   Number         0  inflash_drv.o ABSOLUTE
    Driver\\led_drv.c                        0x00000000   Number         0  led_drv.o ABSOLUTE
    Driver\\usb2com_drv.c                    0x00000000   Number         0  usb2com_drv.o ABSOLUTE
    Driver\delay.c                           0x00000000   Number         0  delay.o ABSOLUTE
    Driver\iap_drv.c                         0x00000000   Number         0  iap_drv.o ABSOLUTE
    Driver\inflash_drv.c                     0x00000000   Number         0  inflash_drv.o ABSOLUTE
    Driver\led_drv.c                         0x00000000   Number         0  led_drv.o ABSOLUTE
    Driver\md5.c                             0x00000000   Number         0  md5.o ABSOLUTE
    Driver\usb2com_drv.c                     0x00000000   Number         0  usb2com_drv.o ABSOLUTE
    GD32_lib\Source\gd32f30x_fmc.c           0x00000000   Number         0  gd32f30x_fmc.o ABSOLUTE
    GD32_lib\Source\gd32f30x_gpio.c          0x00000000   Number         0  gd32f30x_gpio.o ABSOLUTE
    GD32_lib\Source\gd32f30x_misc.c          0x00000000   Number         0  gd32f30x_misc.o ABSOLUTE
    GD32_lib\Source\gd32f30x_rcu.c           0x00000000   Number         0  gd32f30x_rcu.o ABSOLUTE
    GD32_lib\Source\gd32f30x_usart.c         0x00000000   Number         0  gd32f30x_usart.o ABSOLUTE
    GD32_lib\\Source\\gd32f30x_fmc.c         0x00000000   Number         0  gd32f30x_fmc.o ABSOLUTE
    GD32_lib\\Source\\gd32f30x_gpio.c        0x00000000   Number         0  gd32f30x_gpio.o ABSOLUTE
    GD32_lib\\Source\\gd32f30x_misc.c        0x00000000   Number         0  gd32f30x_misc.o ABSOLUTE
    GD32_lib\\Source\\gd32f30x_rcu.c         0x00000000   Number         0  gd32f30x_rcu.o ABSOLUTE
    GD32_lib\\Source\\gd32f30x_usart.c       0x00000000   Number         0  gd32f30x_usart.o ABSOLUTE
    cdrcmple.s                               0x00000000   Number         0  cdrcmple.o ABSOLUTE
    dc.s                                     0x00000000   Number         0  dc.o ABSOLUTE
    handlers.s                               0x00000000   Number         0  handlers.o ABSOLUTE
    init.s                                   0x00000000   Number         0  init.o ABSOLUTE
    RESET                                    0x08000000   Section      304  startup_gd32f30x_hd.o(RESET)
    .ARM.Collect$$$$00000000                 0x08000130   Section        0  entry.o(.ARM.Collect$$$$00000000)
    .ARM.Collect$$$$00000001                 0x08000130   Section        4  entry2.o(.ARM.Collect$$$$00000001)
    .ARM.Collect$$$$00000004                 0x08000134   Section        4  entry5.o(.ARM.Collect$$$$00000004)
    .ARM.Collect$$$$00000008                 0x08000138   Section        0  entry7b.o(.ARM.Collect$$$$00000008)
    .ARM.Collect$$$$0000000A                 0x08000138   Section        0  entry8b.o(.ARM.Collect$$$$0000000A)
    .ARM.Collect$$$$0000000B                 0x08000138   Section        8  entry9a.o(.ARM.Collect$$$$0000000B)
    .ARM.Collect$$$$0000000D                 0x08000140   Section        0  entry10a.o(.ARM.Collect$$$$0000000D)
    .ARM.Collect$$$$0000000F                 0x08000140   Section        0  entry11a.o(.ARM.Collect$$$$0000000F)
    .ARM.Collect$$$$00002712                 0x08000140   Section        4  entry2.o(.ARM.Collect$$$$00002712)
    __lit__00000000                          0x08000140   Data           4  entry2.o(.ARM.Collect$$$$00002712)
    .text                                    0x08000144   Section       36  startup_gd32f30x_hd.o(.text)
    $v0                                      0x08000144   Number         0  startup_gd32f30x_hd.o(.text)
    .text                                    0x08000168   Section        0  memcpya.o(.text)
    .text                                    0x0800018c   Section        0  memseta.o(.text)
    .text                                    0x080001b0   Section        0  strcmp.o(.text)
    .text                                    0x080001cc   Section        0  strcpy.o(.text)
    .text                                    0x080001de   Section        0  uldiv.o(.text)
    .text                                    0x08000240   Section       36  init.o(.text)
    .text                                    0x08000264   Section        0  llshl.o(.text)
    .text                                    0x08000282   Section        0  llushr.o(.text)
    i.AppInit                                0x080002a2   Section        0  main.o(i.AppInit)
    AppInit                                  0x080002a3   Thumb Code     8  main.o(i.AppInit)
    i.BootToApp                              0x080002ac   Section        0  iap_drv.o(i.BootToApp)
    i.CalcCrc8                               0x080002e4   Section        0  store_app.o(i.CalcCrc8)
    CalcCrc8                                 0x080002e5   Thumb Code    58  store_app.o(i.CalcCrc8)
    i.CheckNeedUpdate                        0x0800031e   Section        0  store_app.o(i.CheckNeedUpdate)
    i.ClearUpdateInfo                        0x08000348   Section        0  store_app.o(i.ClearUpdateInfo)
    i.DelayInit                              0x08000358   Section        0  delay.o(i.DelayInit)
    i.DrvInit                                0x080003a0   Section        0  main.o(i.DrvInit)
    DrvInit                                  0x080003a1   Thumb Code    16  main.o(i.DrvInit)
    i.FlashErase                             0x080003b0   Section        0  inflash_drv.o(i.FlashErase)
    i.FlashRead                              0x08000468   Section        0  inflash_drv.o(i.FlashRead)
    i.FlashWrite                             0x08000494   Section        0  inflash_drv.o(i.FlashWrite)
    i.GpioInit                               0x0800051c   Section        0  usb2com_drv.o(i.GpioInit)
    GpioInit                                 0x0800051d   Thumb Code    40  usb2com_drv.o(i.GpioInit)
    i.InitSysParam                           0x08000548   Section        0  store_app.o(i.InitSysParam)
    i.LedDrvInit                             0x08000574   Section        0  led_drv.o(i.LedDrvInit)
    i.MD5Decode                              0x080005b4   Section        0  md5.o(i.MD5Decode)
    i.MD5Encode                              0x080005e6   Section        0  md5.o(i.MD5Encode)
    i.MD5Final                               0x08000624   Section        0  md5.o(i.MD5Final)
    i.MD5Init                                0x08000678   Section        0  md5.o(i.MD5Init)
    i.MD5Transform                           0x0800069c   Section        0  md5.o(i.MD5Transform)
    i.MD5Update                              0x08000e70   Section        0  md5.o(i.MD5Update)
    i.Md5DigestMatch                         0x08000efc   Section        0  store_app.o(i.Md5DigestMatch)
    Md5DigestMatch                           0x08000efd   Thumb Code    62  store_app.o(i.Md5DigestMatch)
    i.ReadSysParam                           0x08000f44   Section        0  store_app.o(i.ReadSysParam)
    ReadSysParam                             0x08000f45   Thumb Code    56  store_app.o(i.ReadSysParam)
    i.ReadUpdateInfo                         0x08000f84   Section        0  store_app.o(i.ReadUpdateInfo)
    i.SetSoftwareVersionParam                0x08000fcc   Section        0  store_app.o(i.SetSoftwareVersionParam)
    i.SystemInit                             0x08001024   Section        0  system_gd32f30x.o(i.SystemInit)
    i.UartInit                               0x0800116c   Section        0  usb2com_drv.o(i.UartInit)
    UartInit                                 0x0800116d   Thumb Code    42  usb2com_drv.o(i.UartInit)
    i.UpdateAppFromDownloadArea              0x0800119c   Section        0  store_app.o(i.UpdateAppFromDownloadArea)
    i.Usb2ComDrvInit                         0x080012ac   Section        0  usb2com_drv.o(i.Usb2ComDrvInit)
    i.WriteSysParam                          0x080012bc   Section        0  store_app.o(i.WriteSysParam)
    WriteSysParam                            0x080012bd   Thumb Code    60  store_app.o(i.WriteSysParam)
    i.__0printf$8                            0x080012fc   Section        0  printf8.o(i.__0printf$8)
    i.__0sprintf$8                           0x0800131c   Section        0  printf8.o(i.__0sprintf$8)
    i.__scatterload_copy                     0x08001344   Section       14  handlers.o(i.__scatterload_copy)
    i.__scatterload_null                     0x08001352   Section        2  handlers.o(i.__scatterload_null)
    i.__scatterload_zeroinit                 0x08001354   Section       14  handlers.o(i.__scatterload_zeroinit)
    i._printf_core                           0x08001364   Section        0  printf8.o(i._printf_core)
    _printf_core                             0x08001365   Thumb Code   996  printf8.o(i._printf_core)
    i._printf_post_padding                   0x08001774   Section        0  printf8.o(i._printf_post_padding)
    _printf_post_padding                     0x08001775   Thumb Code    36  printf8.o(i._printf_post_padding)
    i._printf_pre_padding                    0x08001798   Section        0  printf8.o(i._printf_pre_padding)
    _printf_pre_padding                      0x08001799   Thumb Code    46  printf8.o(i._printf_pre_padding)
    i._soft_delay_                           0x080017c6   Section        0  system_gd32f30x.o(i._soft_delay_)
    _soft_delay_                             0x080017c7   Thumb Code    28  system_gd32f30x.o(i._soft_delay_)
    i._sputc                                 0x080017e2   Section        0  printf8.o(i._sputc)
    _sputc                                   0x080017e3   Thumb Code    10  printf8.o(i._sputc)
    i.fmc_bank0_ready_wait                   0x080017ec   Section        0  gd32f30x_fmc.o(i.fmc_bank0_ready_wait)
    i.fmc_bank0_state_get                    0x08001810   Section        0  gd32f30x_fmc.o(i.fmc_bank0_state_get)
    i.fmc_bank1_ready_wait                   0x08001840   Section        0  gd32f30x_fmc.o(i.fmc_bank1_ready_wait)
    i.fmc_bank1_state_get                    0x08001864   Section        0  gd32f30x_fmc.o(i.fmc_bank1_state_get)
    i.fmc_flag_clear                         0x08001894   Section        0  gd32f30x_fmc.o(i.fmc_flag_clear)
    i.fmc_halfword_program                   0x080018b4   Section        0  gd32f30x_fmc.o(i.fmc_halfword_program)
    i.fmc_lock                               0x0800196c   Section        0  gd32f30x_fmc.o(i.fmc_lock)
    i.fmc_page_erase                         0x08001998   Section        0  gd32f30x_fmc.o(i.fmc_page_erase)
    i.fmc_unlock                             0x08001a88   Section        0  gd32f30x_fmc.o(i.fmc_unlock)
    i.fputc                                  0x08001acc   Section        0  usb2com_drv.o(i.fputc)
    i.gpio_init                              0x08001af0   Section        0  gd32f30x_gpio.o(i.gpio_init)
    i.main                                   0x08001bac   Section        0  main.o(i.main)
    i.nvic_vector_table_set                  0x08001c8c   Section        0  gd32f30x_misc.o(i.nvic_vector_table_set)
    i.rcu_clock_freq_get                     0x08001ca4   Section        0  gd32f30x_rcu.o(i.rcu_clock_freq_get)
    i.rcu_periph_clock_enable                0x08001dfc   Section        0  gd32f30x_rcu.o(i.rcu_periph_clock_enable)
    i.rcu_periph_reset_disable               0x08001e1c   Section        0  gd32f30x_rcu.o(i.rcu_periph_reset_disable)
    i.rcu_periph_reset_enable                0x08001e3c   Section        0  gd32f30x_rcu.o(i.rcu_periph_reset_enable)
    i.system_clock_120m_hxtal                0x08001e5c   Section        0  system_gd32f30x.o(i.system_clock_120m_hxtal)
    system_clock_120m_hxtal                  0x08001e5d   Thumb Code   266  system_gd32f30x.o(i.system_clock_120m_hxtal)
    i.system_clock_config                    0x08001f78   Section        0  system_gd32f30x.o(i.system_clock_config)
    system_clock_config                      0x08001f79   Thumb Code     8  system_gd32f30x.o(i.system_clock_config)
    i.usart_baudrate_set                     0x08001f80   Section        0  gd32f30x_usart.o(i.usart_baudrate_set)
    i.usart_data_transmit                    0x08002010   Section        0  gd32f30x_usart.o(i.usart_data_transmit)
    i.usart_deinit                           0x08002018   Section        0  gd32f30x_usart.o(i.usart_deinit)
    i.usart_enable                           0x080020a8   Section        0  gd32f30x_usart.o(i.usart_enable)
    i.usart_flag_get                         0x080020b2   Section        0  gd32f30x_usart.o(i.usart_flag_get)
    i.usart_transmit_config                  0x080020d0   Section        0  gd32f30x_usart.o(i.usart_transmit_config)
    .constdata                               0x080020e4   Section       36  led_drv.o(.constdata)
    g_ledCfgList                             0x080020e4   Data          36  led_drv.o(.constdata)
    .data                                    0x20000000   Section       15  store_app.o(.data)
    g_sysParamDefault                        0x20000000   Data          15  store_app.o(.data)
    .data                                    0x20000010   Section        4  delay.o(.data)
    g_sysClock                               0x20000010   Data           4  delay.o(.data)
    .data                                    0x20000014   Section       64  md5.o(.data)
    .data                                    0x20000054   Section        4  stdout.o(.data)
    .bss                                     0x20000058   Section       15  store_app.o(.bss)
    g_sysParamCurrent                        0x20000058   Data          15  store_app.o(.bss)
    STACK                                    0x20000068   Section     2048  startup_gd32f30x_hd.o(STACK)

    Global Symbols

    Symbol Name                              Value     Ov Type        Size  Object(Section)

    BuildAttributes$$THM_ISAv4$E$P$D$K$B$S$7EM$VFPi3$EXTD16$VFPS$VFMA$PE$A:L22UL41UL21$X:L11$S22US41US21$IEEE1$IW$USESV6$~STKCKD$USESV7$~SHL$OSPACE$ROPI$EBA8$MICROLIB$REQ8$PRES8$EABIv2 0x00000000   Number         0  anon$$obj.o ABSOLUTE
    __ARM_use_no_argv                        0x00000000   Number         0  main.o ABSOLUTE
    _printf_a                                0x00000000   Number         0  stubs.o ABSOLUTE
    _printf_c                                0x00000000   Number         0  stubs.o ABSOLUTE
    _printf_charcount                        0x00000000   Number         0  stubs.o ABSOLUTE
    _printf_d                                0x00000000   Number         0  stubs.o ABSOLUTE
    _printf_e                                0x00000000   Number         0  stubs.o ABSOLUTE
    _printf_f                                0x00000000   Number         0  stubs.o ABSOLUTE
    _printf_flags                            0x00000000   Number         0  stubs.o ABSOLUTE
    _printf_fp_dec                           0x00000000   Number         0  stubs.o ABSOLUTE
    _printf_fp_hex                           0x00000000   Number         0  stubs.o ABSOLUTE
    _printf_g                                0x00000000   Number         0  stubs.o ABSOLUTE
    _printf_i                                0x00000000   Number         0  stubs.o ABSOLUTE
    _printf_int_dec                          0x00000000   Number         0  stubs.o ABSOLUTE
    _printf_l                                0x00000000   Number         0  stubs.o ABSOLUTE
    _printf_lc                               0x00000000   Number         0  stubs.o ABSOLUTE
    _printf_ll                               0x00000000   Number         0  stubs.o ABSOLUTE
    _printf_lld                              0x00000000   Number         0  stubs.o ABSOLUTE
    _printf_lli                              0x00000000   Number         0  stubs.o ABSOLUTE
    _printf_llo                              0x00000000   Number         0  stubs.o ABSOLUTE
    _printf_llu                              0x00000000   Number         0  stubs.o ABSOLUTE
    _printf_llx                              0x00000000   Number         0  stubs.o ABSOLUTE
    _printf_longlong_dec                     0x00000000   Number         0  stubs.o ABSOLUTE
    _printf_longlong_hex                     0x00000000   Number         0  stubs.o ABSOLUTE
    _printf_longlong_oct                     0x00000000   Number         0  stubs.o ABSOLUTE
    _printf_ls                               0x00000000   Number         0  stubs.o ABSOLUTE
    _printf_mbtowc                           0x00000000   Number         0  stubs.o ABSOLUTE
    _printf_n                                0x00000000   Number         0  stubs.o ABSOLUTE
    _printf_o                                0x00000000   Number         0  stubs.o ABSOLUTE
    _printf_p                                0x00000000   Number         0  stubs.o ABSOLUTE
    _printf_percent                          0x00000000   Number         0  stubs.o ABSOLUTE
    _printf_pre_padding                      0x00000000   Number         0  stubs.o ABSOLUTE
    _printf_return_value                     0x00000000   Number         0  stubs.o ABSOLUTE
    _printf_s                                0x00000000   Number         0  stubs.o ABSOLUTE
    _printf_sizespec                         0x00000000   Number         0  stubs.o ABSOLUTE
    _printf_str                              0x00000000   Number         0  stubs.o ABSOLUTE
    _printf_truncate_signed                  0x00000000   Number         0  stubs.o ABSOLUTE
    _printf_truncate_unsigned                0x00000000   Number         0  stubs.o ABSOLUTE
    _printf_u                                0x00000000   Number         0  stubs.o ABSOLUTE
    _printf_wc                               0x00000000   Number         0  stubs.o ABSOLUTE
    _printf_wctomb                           0x00000000   Number         0  stubs.o ABSOLUTE
    _printf_widthprec                        0x00000000   Number         0  stubs.o ABSOLUTE
    _printf_x                                0x00000000   Number         0  stubs.o ABSOLUTE
    __cpp_initialize__aeabi_                  - Undefined Weak Reference
    __cxa_finalize                            - Undefined Weak Reference
    __decompress                              - Undefined Weak Reference
    _clock_init                               - Undefined Weak Reference
    _microlib_exit                            - Undefined Weak Reference
    __Vectors_Size                           0x00000130   Number         0  startup_gd32f30x_hd.o ABSOLUTE
    __Vectors                                0x08000000   Data           4  startup_gd32f30x_hd.o(RESET)
    __Vectors_End                            0x08000130   Data           0  startup_gd32f30x_hd.o(RESET)
    __main                                   0x08000131   Thumb Code     0  entry.o(.ARM.Collect$$$$00000000)
    _main_stk                                0x08000131   Thumb Code     0  entry2.o(.ARM.Collect$$$$00000001)
    _main_scatterload                        0x08000135   Thumb Code     0  entry5.o(.ARM.Collect$$$$00000004)
    __main_after_scatterload                 0x08000139   Thumb Code     0  entry5.o(.ARM.Collect$$$$00000004)
    _main_clock                              0x08000139   Thumb Code     0  entry7b.o(.ARM.Collect$$$$00000008)
    _main_cpp_init                           0x08000139   Thumb Code     0  entry8b.o(.ARM.Collect$$$$0000000A)
    _main_init                               0x08000139   Thumb Code     0  entry9a.o(.ARM.Collect$$$$0000000B)
    __rt_final_cpp                           0x08000141   Thumb Code     0  entry10a.o(.ARM.Collect$$$$0000000D)
    __rt_final_exit                          0x08000141   Thumb Code     0  entry11a.o(.ARM.Collect$$$$0000000F)
    Reset_Handler                            0x08000145   Thumb Code     8  startup_gd32f30x_hd.o(.text)
    NMI_Handler                              0x0800014d   Thumb Code     2  startup_gd32f30x_hd.o(.text)
    HardFault_Handler                        0x0800014f   Thumb Code     2  startup_gd32f30x_hd.o(.text)
    MemManage_Handler                        0x08000151   Thumb Code     2  startup_gd32f30x_hd.o(.text)
    BusFault_Handler                         0x08000153   Thumb Code     2  startup_gd32f30x_hd.o(.text)
    UsageFault_Handler                       0x08000155   Thumb Code     2  startup_gd32f30x_hd.o(.text)
    SVC_Handler                              0x08000157   Thumb Code     2  startup_gd32f30x_hd.o(.text)
    DebugMon_Handler                         0x08000159   Thumb Code     2  startup_gd32f30x_hd.o(.text)
    PendSV_Handler                           0x0800015b   Thumb Code     2  startup_gd32f30x_hd.o(.text)
    SysTick_Handler                          0x0800015d   Thumb Code     2  startup_gd32f30x_hd.o(.text)
    ADC0_1_IRQHandler                        0x0800015f   Thumb Code     0  startup_gd32f30x_hd.o(.text)
    ADC2_IRQHandler                          0x0800015f   Thumb Code     0  startup_gd32f30x_hd.o(.text)
    CAN0_EWMC_IRQHandler                     0x0800015f   Thumb Code     0  startup_gd32f30x_hd.o(.text)
    CAN0_RX1_IRQHandler                      0x0800015f   Thumb Code     0  startup_gd32f30x_hd.o(.text)
    DMA0_Channel0_IRQHandler                 0x0800015f   Thumb Code     0  startup_gd32f30x_hd.o(.text)
    DMA0_Channel1_IRQHandler                 0x0800015f   Thumb Code     0  startup_gd32f30x_hd.o(.text)
    DMA0_Channel2_IRQHandler                 0x0800015f   Thumb Code     0  startup_gd32f30x_hd.o(.text)
    DMA0_Channel3_IRQHandler                 0x0800015f   Thumb Code     0  startup_gd32f30x_hd.o(.text)
    DMA0_Channel4_IRQHandler                 0x0800015f   Thumb Code     0  startup_gd32f30x_hd.o(.text)
    DMA0_Channel5_IRQHandler                 0x0800015f   Thumb Code     0  startup_gd32f30x_hd.o(.text)
    DMA0_Channel6_IRQHandler                 0x0800015f   Thumb Code     0  startup_gd32f30x_hd.o(.text)
    DMA1_Channel0_IRQHandler                 0x0800015f   Thumb Code     0  startup_gd32f30x_hd.o(.text)
    DMA1_Channel1_IRQHandler                 0x0800015f   Thumb Code     0  startup_gd32f30x_hd.o(.text)
    DMA1_Channel2_IRQHandler                 0x0800015f   Thumb Code     0  startup_gd32f30x_hd.o(.text)
    DMA1_Channel3_4_IRQHandler               0x0800015f   Thumb Code     0  startup_gd32f30x_hd.o(.text)
    EXMC_IRQHandler                          0x0800015f   Thumb Code     0  startup_gd32f30x_hd.o(.text)
    EXTI0_IRQHandler                         0x0800015f   Thumb Code     0  startup_gd32f30x_hd.o(.text)
    EXTI10_15_IRQHandler                     0x0800015f   Thumb Code     0  startup_gd32f30x_hd.o(.text)
    EXTI1_IRQHandler                         0x0800015f   Thumb Code     0  startup_gd32f30x_hd.o(.text)
    EXTI2_IRQHandler                         0x0800015f   Thumb Code     0  startup_gd32f30x_hd.o(.text)
    EXTI3_IRQHandler                         0x0800015f   Thumb Code     0  startup_gd32f30x_hd.o(.text)
    EXTI4_IRQHandler                         0x0800015f   Thumb Code     0  startup_gd32f30x_hd.o(.text)
    EXTI5_9_IRQHandler                       0x0800015f   Thumb Code     0  startup_gd32f30x_hd.o(.text)
    FMC_IRQHandler                           0x0800015f   Thumb Code     0  startup_gd32f30x_hd.o(.text)
    I2C0_ER_IRQHandler                       0x0800015f   Thumb Code     0  startup_gd32f30x_hd.o(.text)
    I2C0_EV_IRQHandler                       0x0800015f   Thumb Code     0  startup_gd32f30x_hd.o(.text)
    I2C1_ER_IRQHandler                       0x0800015f   Thumb Code     0  startup_gd32f30x_hd.o(.text)
    I2C1_EV_IRQHandler                       0x0800015f   Thumb Code     0  startup_gd32f30x_hd.o(.text)
    LVD_IRQHandler                           0x0800015f   Thumb Code     0  startup_gd32f30x_hd.o(.text)
    RCU_CTC_IRQHandler                       0x0800015f   Thumb Code     0  startup_gd32f30x_hd.o(.text)
    RTC_Alarm_IRQHandler                     0x0800015f   Thumb Code     0  startup_gd32f30x_hd.o(.text)
    RTC_IRQHandler                           0x0800015f   Thumb Code     0  startup_gd32f30x_hd.o(.text)
    SDIO_IRQHandler                          0x0800015f   Thumb Code     0  startup_gd32f30x_hd.o(.text)
    SPI0_IRQHandler                          0x0800015f   Thumb Code     0  startup_gd32f30x_hd.o(.text)
    SPI1_IRQHandler                          0x0800015f   Thumb Code     0  startup_gd32f30x_hd.o(.text)
    SPI2_IRQHandler                          0x0800015f   Thumb Code     0  startup_gd32f30x_hd.o(.text)
    TAMPER_IRQHandler                        0x0800015f   Thumb Code     0  startup_gd32f30x_hd.o(.text)
    TIMER0_BRK_IRQHandler                    0x0800015f   Thumb Code     0  startup_gd32f30x_hd.o(.text)
    TIMER0_Channel_IRQHandler                0x0800015f   Thumb Code     0  startup_gd32f30x_hd.o(.text)
    TIMER0_TRG_CMT_IRQHandler                0x0800015f   Thumb Code     0  startup_gd32f30x_hd.o(.text)
    TIMER0_UP_IRQHandler                     0x0800015f   Thumb Code     0  startup_gd32f30x_hd.o(.text)
    TIMER1_IRQHandler                        0x0800015f   Thumb Code     0  startup_gd32f30x_hd.o(.text)
    TIMER2_IRQHandler                        0x0800015f   Thumb Code     0  startup_gd32f30x_hd.o(.text)
    TIMER3_IRQHandler                        0x0800015f   Thumb Code     0  startup_gd32f30x_hd.o(.text)
    TIMER4_IRQHandler                        0x0800015f   Thumb Code     0  startup_gd32f30x_hd.o(.text)
    TIMER5_IRQHandler                        0x0800015f   Thumb Code     0  startup_gd32f30x_hd.o(.text)
    TIMER6_IRQHandler                        0x0800015f   Thumb Code     0  startup_gd32f30x_hd.o(.text)
    TIMER7_BRK_IRQHandler                    0x0800015f   Thumb Code     0  startup_gd32f30x_hd.o(.text)
    TIMER7_Channel_IRQHandler                0x0800015f   Thumb Code     0  startup_gd32f30x_hd.o(.text)
    TIMER7_TRG_CMT_IRQHandler                0x0800015f   Thumb Code     0  startup_gd32f30x_hd.o(.text)
    TIMER7_UP_IRQHandler                     0x0800015f   Thumb Code     0  startup_gd32f30x_hd.o(.text)
    UART3_IRQHandler                         0x0800015f   Thumb Code     0  startup_gd32f30x_hd.o(.text)
    UART4_IRQHandler                         0x0800015f   Thumb Code     0  startup_gd32f30x_hd.o(.text)
    USART0_IRQHandler                        0x0800015f   Thumb Code     0  startup_gd32f30x_hd.o(.text)
    USART1_IRQHandler                        0x0800015f   Thumb Code     0  startup_gd32f30x_hd.o(.text)
    USART2_IRQHandler                        0x0800015f   Thumb Code     0  startup_gd32f30x_hd.o(.text)
    USBD_HP_CAN0_TX_IRQHandler               0x0800015f   Thumb Code     0  startup_gd32f30x_hd.o(.text)
    USBD_LP_CAN0_RX0_IRQHandler              0x0800015f   Thumb Code     0  startup_gd32f30x_hd.o(.text)
    USBD_WKUP_IRQHandler                     0x0800015f   Thumb Code     0  startup_gd32f30x_hd.o(.text)
    WWDGT_IRQHandler                         0x0800015f   Thumb Code     0  startup_gd32f30x_hd.o(.text)
    __aeabi_memcpy                           0x08000169   Thumb Code    36  memcpya.o(.text)
    __aeabi_memcpy4                          0x08000169   Thumb Code     0  memcpya.o(.text)
    __aeabi_memcpy8                          0x08000169   Thumb Code     0  memcpya.o(.text)
    __aeabi_memset                           0x0800018d   Thumb Code    14  memseta.o(.text)
    __aeabi_memset4                          0x0800018d   Thumb Code     0  memseta.o(.text)
    __aeabi_memset8                          0x0800018d   Thumb Code     0  memseta.o(.text)
    __aeabi_memclr                           0x0800019b   Thumb Code     4  memseta.o(.text)
    __aeabi_memclr4                          0x0800019b   Thumb Code     0  memseta.o(.text)
    __aeabi_memclr8                          0x0800019b   Thumb Code     0  memseta.o(.text)
    _memset$wrapper                          0x0800019f   Thumb Code    18  memseta.o(.text)
    strcmp                                   0x080001b1   Thumb Code    28  strcmp.o(.text)
    strcpy                                   0x080001cd   Thumb Code    18  strcpy.o(.text)
    __aeabi_uldivmod                         0x080001df   Thumb Code    98  uldiv.o(.text)
    __scatterload                            0x08000241   Thumb Code    28  init.o(.text)
    __scatterload_rt2                        0x08000241   Thumb Code     0  init.o(.text)
    __aeabi_llsl                             0x08000265   Thumb Code    30  llshl.o(.text)
    _ll_shift_l                              0x08000265   Thumb Code     0  llshl.o(.text)
    __aeabi_llsr                             0x08000283   Thumb Code    32  llushr.o(.text)
    _ll_ushift_r                             0x08000283   Thumb Code     0  llushr.o(.text)
    BootToApp                                0x080002ad   Thumb Code    46  iap_drv.o(i.BootToApp)
    CheckNeedUpdate                          0x0800031f   Thumb Code    42  store_app.o(i.CheckNeedUpdate)
    ClearUpdateInfo                          0x08000349   Thumb Code    12  store_app.o(i.ClearUpdateInfo)
    DelayInit                                0x08000359   Thumb Code    60  delay.o(i.DelayInit)
    FlashErase                               0x080003b1   Thumb Code   180  inflash_drv.o(i.FlashErase)
    FlashRead                                0x08000469   Thumb Code    40  inflash_drv.o(i.FlashRead)
    FlashWrite                               0x08000495   Thumb Code   132  inflash_drv.o(i.FlashWrite)
    InitSysParam                             0x08000549   Thumb Code    34  store_app.o(i.InitSysParam)
    LedDrvInit                               0x08000575   Thumb Code    60  led_drv.o(i.LedDrvInit)
    MD5Decode                                0x080005b5   Thumb Code    50  md5.o(i.MD5Decode)
    MD5Encode                                0x080005e7   Thumb Code    62  md5.o(i.MD5Encode)
    MD5Final                                 0x08000625   Thumb Code    80  md5.o(i.MD5Final)
    MD5Init                                  0x08000679   Thumb Code    26  md5.o(i.MD5Init)
    MD5Transform                             0x0800069d   Thumb Code  1898  md5.o(i.MD5Transform)
    MD5Update                                0x08000e71   Thumb Code   140  md5.o(i.MD5Update)
    ReadUpdateInfo                           0x08000f85   Thumb Code    64  store_app.o(i.ReadUpdateInfo)
    SetSoftwareVersionParam                  0x08000fcd   Thumb Code    82  store_app.o(i.SetSoftwareVersionParam)
    SystemInit                               0x08001025   Thumb Code   316  system_gd32f30x.o(i.SystemInit)
    UpdateAppFromDownloadArea                0x0800119d   Thumb Code   176  store_app.o(i.UpdateAppFromDownloadArea)
    Usb2ComDrvInit                           0x080012ad   Thumb Code    16  usb2com_drv.o(i.Usb2ComDrvInit)
    __0printf$8                              0x080012fd   Thumb Code    22  printf8.o(i.__0printf$8)
    __1printf$8                              0x080012fd   Thumb Code     0  printf8.o(i.__0printf$8)
    __2printf                                0x080012fd   Thumb Code     0  printf8.o(i.__0printf$8)
    __0sprintf$8                             0x0800131d   Thumb Code    34  printf8.o(i.__0sprintf$8)
    __1sprintf$8                             0x0800131d   Thumb Code     0  printf8.o(i.__0sprintf$8)
    __2sprintf                               0x0800131d   Thumb Code     0  printf8.o(i.__0sprintf$8)
    __scatterload_copy                       0x08001345   Thumb Code    14  handlers.o(i.__scatterload_copy)
    __scatterload_null                       0x08001353   Thumb Code     2  handlers.o(i.__scatterload_null)
    __scatterload_zeroinit                   0x08001355   Thumb Code    14  handlers.o(i.__scatterload_zeroinit)
    fmc_bank0_ready_wait                     0x080017ed   Thumb Code    34  gd32f30x_fmc.o(i.fmc_bank0_ready_wait)
    fmc_bank0_state_get                      0x08001811   Thumb Code    44  gd32f30x_fmc.o(i.fmc_bank0_state_get)
    fmc_bank1_ready_wait                     0x08001841   Thumb Code    34  gd32f30x_fmc.o(i.fmc_bank1_ready_wait)
    fmc_bank1_state_get                      0x08001865   Thumb Code    44  gd32f30x_fmc.o(i.fmc_bank1_state_get)
    fmc_flag_clear                           0x08001895   Thumb Code    28  gd32f30x_fmc.o(i.fmc_flag_clear)
    fmc_halfword_program                     0x080018b5   Thumb Code   166  gd32f30x_fmc.o(i.fmc_halfword_program)
    fmc_lock                                 0x0800196d   Thumb Code    34  gd32f30x_fmc.o(i.fmc_lock)
    fmc_page_erase                           0x08001999   Thumb Code   222  gd32f30x_fmc.o(i.fmc_page_erase)
    fmc_unlock                               0x08001a89   Thumb Code    52  gd32f30x_fmc.o(i.fmc_unlock)
    fputc                                    0x08001acd   Thumb Code    32  usb2com_drv.o(i.fputc)
    gpio_init                                0x08001af1   Thumb Code   188  gd32f30x_gpio.o(i.gpio_init)
    main                                     0x08001bad   Thumb Code    82  main.o(i.main)
    nvic_vector_table_set                    0x08001c8d   Thumb Code    16  gd32f30x_misc.o(i.nvic_vector_table_set)
    rcu_clock_freq_get                       0x08001ca5   Thumb Code   310  gd32f30x_rcu.o(i.rcu_clock_freq_get)
    rcu_periph_clock_enable                  0x08001dfd   Thumb Code    28  gd32f30x_rcu.o(i.rcu_periph_clock_enable)
    rcu_periph_reset_disable                 0x08001e1d   Thumb Code    28  gd32f30x_rcu.o(i.rcu_periph_reset_disable)
    rcu_periph_reset_enable                  0x08001e3d   Thumb Code    28  gd32f30x_rcu.o(i.rcu_periph_reset_enable)
    usart_baudrate_set                       0x08001f81   Thumb Code   136  gd32f30x_usart.o(i.usart_baudrate_set)
    usart_data_transmit                      0x08002011   Thumb Code     8  gd32f30x_usart.o(i.usart_data_transmit)
    usart_deinit                             0x08002019   Thumb Code   136  gd32f30x_usart.o(i.usart_deinit)
    usart_enable                             0x080020a9   Thumb Code    10  gd32f30x_usart.o(i.usart_enable)
    usart_flag_get                           0x080020b3   Thumb Code    30  gd32f30x_usart.o(i.usart_flag_get)
    usart_transmit_config                    0x080020d1   Thumb Code    20  gd32f30x_usart.o(i.usart_transmit_config)
    Region$$Table$$Base                      0x08002108   Number         0  anon$$obj.o(Region$$Table)
    Region$$Table$$Limit                     0x08002128   Number         0  anon$$obj.o(Region$$Table)
    PADDING                                  0x20000014   Data          64  md5.o(.data)
    __stdout                                 0x20000054   Data           4  stdout.o(.data)
    __initial_sp                             0x20000868   Data           0  startup_gd32f30x_hd.o(STACK)



==============================================================================

Memory Map of the image

  Image Entry point : 0x08000131

  Load Region LR_IROM1 (Base: 0x08000000, Size: 0x00002180, Max: 0x00007000, ABSOLUTE)

    Execution Region ER_IROM1 (Exec base: 0x08000000, Load base: 0x08000000, Size: 0x00002128, Max: 0x00007000, ABSOLUTE)

    Exec Addr    Load Addr    Size         Type   Attr      Idx    E Section Name        Object

    0x08000000   0x08000000   0x00000130   Data   RO          476    RESET               startup_gd32f30x_hd.o
    0x08000130   0x08000130   0x00000000   Code   RO         1601  * .ARM.Collect$$$$00000000  mc_w.l(entry.o)
    0x08000130   0x08000130   0x00000004   Code   RO         1877    .ARM.Collect$$$$00000001  mc_w.l(entry2.o)
    0x08000134   0x08000134   0x00000004   Code   RO         1880    .ARM.Collect$$$$00000004  mc_w.l(entry5.o)
    0x08000138   0x08000138   0x00000000   Code   RO         1882    .ARM.Collect$$$$00000008  mc_w.l(entry7b.o)
    0x08000138   0x08000138   0x00000000   Code   RO         1884    .ARM.Collect$$$$0000000A  mc_w.l(entry8b.o)
    0x08000138   0x08000138   0x00000008   Code   RO         1885    .ARM.Collect$$$$0000000B  mc_w.l(entry9a.o)
    0x08000140   0x08000140   0x00000000   Code   RO         1887    .ARM.Collect$$$$0000000D  mc_w.l(entry10a.o)
    0x08000140   0x08000140   0x00000000   Code   RO         1889    .ARM.Collect$$$$0000000F  mc_w.l(entry11a.o)
    0x08000140   0x08000140   0x00000004   Code   RO         1878    .ARM.Collect$$$$00002712  mc_w.l(entry2.o)
    0x08000144   0x08000144   0x00000024   Code   RO          477    .text               startup_gd32f30x_hd.o
    0x08000168   0x08000168   0x00000024   Code   RO         1604    .text               mc_w.l(memcpya.o)
    0x0800018c   0x0800018c   0x00000024   Code   RO         1606    .text               mc_w.l(memseta.o)
    0x080001b0   0x080001b0   0x0000001c   Code   RO         1610    .text               mc_w.l(strcmp.o)
    0x080001cc   0x080001cc   0x00000012   Code   RO         1612    .text               mc_w.l(strcpy.o)
    0x080001de   0x080001de   0x00000062   Code   RO         1894    .text               mc_w.l(uldiv.o)
    0x08000240   0x08000240   0x00000024   Code   RO         1907    .text               mc_w.l(init.o)
    0x08000264   0x08000264   0x0000001e   Code   RO         1909    .text               mc_w.l(llshl.o)
    0x08000282   0x08000282   0x00000020   Code   RO         1911    .text               mc_w.l(llushr.o)
    0x080002a2   0x080002a2   0x00000008   Code   RO            1    i.AppInit           main.o
    0x080002aa   0x080002aa   0x00000002   PAD
    0x080002ac   0x080002ac   0x00000038   Code   RO          367    i.BootToApp         iap_drv.o
    0x080002e4   0x080002e4   0x0000003a   Code   RO           55    i.CalcCrc8          store_app.o
    0x0800031e   0x0800031e   0x0000002a   Code   RO           56    i.CheckNeedUpdate   store_app.o
    0x08000348   0x08000348   0x00000010   Code   RO           57    i.ClearUpdateInfo   store_app.o
    0x08000358   0x08000358   0x00000048   Code   RO          248    i.DelayInit         delay.o
    0x080003a0   0x080003a0   0x00000010   Code   RO            2    i.DrvInit           main.o
    0x080003b0   0x080003b0   0x000000b8   Code   RO          393    i.FlashErase        inflash_drv.o
    0x08000468   0x08000468   0x0000002c   Code   RO          394    i.FlashRead         inflash_drv.o
    0x08000494   0x08000494   0x00000088   Code   RO          395    i.FlashWrite        inflash_drv.o
    0x0800051c   0x0800051c   0x0000002c   Code   RO          285    i.GpioInit          usb2com_drv.o
    0x08000548   0x08000548   0x0000002c   Code   RO           59    i.InitSysParam      store_app.o
    0x08000574   0x08000574   0x00000040   Code   RO          327    i.LedDrvInit        led_drv.o
    0x080005b4   0x080005b4   0x00000032   Code   RO          423    i.MD5Decode         md5.o
    0x080005e6   0x080005e6   0x0000003e   Code   RO          424    i.MD5Encode         md5.o
    0x08000624   0x08000624   0x00000054   Code   RO          425    i.MD5Final          md5.o
    0x08000678   0x08000678   0x00000024   Code   RO          426    i.MD5Init           md5.o
    0x0800069c   0x0800069c   0x000007d4   Code   RO          427    i.MD5Transform      md5.o
    0x08000e70   0x08000e70   0x0000008c   Code   RO          428    i.MD5Update         md5.o
    0x08000efc   0x08000efc   0x00000048   Code   RO           60    i.Md5DigestMatch    store_app.o
    0x08000f44   0x08000f44   0x00000040   Code   RO           61    i.ReadSysParam      store_app.o
    0x08000f84   0x08000f84   0x00000048   Code   RO           62    i.ReadUpdateInfo    store_app.o
    0x08000fcc   0x08000fcc   0x00000058   Code   RO           63    i.SetSoftwareVersionParam  store_app.o
    0x08001024   0x08001024   0x00000148   Code   RO          484    i.SystemInit        system_gd32f30x.o
    0x0800116c   0x0800116c   0x00000030   Code   RO          286    i.UartInit          usb2com_drv.o
    0x0800119c   0x0800119c   0x00000110   Code   RO           64    i.UpdateAppFromDownloadArea  store_app.o
    0x080012ac   0x080012ac   0x00000010   Code   RO          287    i.Usb2ComDrvInit    usb2com_drv.o
    0x080012bc   0x080012bc   0x00000040   Code   RO           65    i.WriteSysParam     store_app.o
    0x080012fc   0x080012fc   0x00000020   Code   RO         1823    i.__0printf$8       mc_w.l(printf8.o)
    0x0800131c   0x0800131c   0x00000028   Code   RO         1825    i.__0sprintf$8      mc_w.l(printf8.o)
    0x08001344   0x08001344   0x0000000e   Code   RO         1919    i.__scatterload_copy  mc_w.l(handlers.o)
    0x08001352   0x08001352   0x00000002   Code   RO         1920    i.__scatterload_null  mc_w.l(handlers.o)
    0x08001354   0x08001354   0x0000000e   Code   RO         1921    i.__scatterload_zeroinit  mc_w.l(handlers.o)
    0x08001362   0x08001362   0x00000002   PAD
    0x08001364   0x08001364   0x00000410   Code   RO         1830    i._printf_core      mc_w.l(printf8.o)
    0x08001774   0x08001774   0x00000024   Code   RO         1831    i._printf_post_padding  mc_w.l(printf8.o)
    0x08001798   0x08001798   0x0000002e   Code   RO         1832    i._printf_pre_padding  mc_w.l(printf8.o)
    0x080017c6   0x080017c6   0x0000001c   Code   RO          485    i._soft_delay_      system_gd32f30x.o
    0x080017e2   0x080017e2   0x0000000a   Code   RO         1834    i._sputc            mc_w.l(printf8.o)
    0x080017ec   0x080017ec   0x00000022   Code   RO         1378    i.fmc_bank0_ready_wait  gd32f30x_fmc.o
    0x0800180e   0x0800180e   0x00000002   PAD
    0x08001810   0x08001810   0x00000030   Code   RO         1379    i.fmc_bank0_state_get  gd32f30x_fmc.o
    0x08001840   0x08001840   0x00000022   Code   RO         1383    i.fmc_bank1_ready_wait  gd32f30x_fmc.o
    0x08001862   0x08001862   0x00000002   PAD
    0x08001864   0x08001864   0x00000030   Code   RO         1384    i.fmc_bank1_state_get  gd32f30x_fmc.o
    0x08001894   0x08001894   0x00000020   Code   RO         1386    i.fmc_flag_clear    gd32f30x_fmc.o
    0x080018b4   0x080018b4   0x000000b8   Code   RO         1388    i.fmc_halfword_program  gd32f30x_fmc.o
    0x0800196c   0x0800196c   0x0000002c   Code   RO         1393    i.fmc_lock          gd32f30x_fmc.o
    0x08001998   0x08001998   0x000000f0   Code   RO         1395    i.fmc_page_erase    gd32f30x_fmc.o
    0x08001a88   0x08001a88   0x00000044   Code   RO         1396    i.fmc_unlock        gd32f30x_fmc.o
    0x08001acc   0x08001acc   0x00000024   Code   RO          288    i.fputc             usb2com_drv.o
    0x08001af0   0x08001af0   0x000000bc   Code   RO          560    i.gpio_init         gd32f30x_gpio.o
    0x08001bac   0x08001bac   0x000000e0   Code   RO            3    i.main              main.o
    0x08001c8c   0x08001c8c   0x00000018   Code   RO         1006    i.nvic_vector_table_set  gd32f30x_misc.o
    0x08001ca4   0x08001ca4   0x00000158   Code   RO          758    i.rcu_clock_freq_get  gd32f30x_rcu.o
    0x08001dfc   0x08001dfc   0x00000020   Code   RO          776    i.rcu_periph_clock_enable  gd32f30x_rcu.o
    0x08001e1c   0x08001e1c   0x00000020   Code   RO          779    i.rcu_periph_reset_disable  gd32f30x_rcu.o
    0x08001e3c   0x08001e3c   0x00000020   Code   RO          780    i.rcu_periph_reset_enable  gd32f30x_rcu.o
    0x08001e5c   0x08001e5c   0x0000011c   Code   RO          487    i.system_clock_120m_hxtal  system_gd32f30x.o
    0x08001f78   0x08001f78   0x00000008   Code   RO          488    i.system_clock_config  system_gd32f30x.o
    0x08001f80   0x08001f80   0x00000090   Code   RO         1060    i.usart_baudrate_set  gd32f30x_usart.o
    0x08002010   0x08002010   0x00000008   Code   RO         1064    i.usart_data_transmit  gd32f30x_usart.o
    0x08002018   0x08002018   0x00000090   Code   RO         1065    i.usart_deinit      gd32f30x_usart.o
    0x080020a8   0x080020a8   0x0000000a   Code   RO         1069    i.usart_enable      gd32f30x_usart.o
    0x080020b2   0x080020b2   0x0000001e   Code   RO         1071    i.usart_flag_get    gd32f30x_usart.o
    0x080020d0   0x080020d0   0x00000014   Code   RO         1107    i.usart_transmit_config  gd32f30x_usart.o
    0x080020e4   0x080020e4   0x00000024   Data   RO          331    .constdata          led_drv.o
    0x08002108   0x08002108   0x00000020   Data   RO         1917    Region$$Table       anon$$obj.o


    Execution Region RW_IRAM1 (Exec base: 0x20000000, Load base: 0x08002128, Size: 0x00000868, Max: 0x00010000, ABSOLUTE)

    Exec Addr    Load Addr    Size         Type   Attr      Idx    E Section Name        Object

    0x20000000   0x08002128   0x0000000f   Data   RW           68    .data               store_app.o
    0x2000000f   0x08002137   0x00000001   PAD
    0x20000010   0x08002138   0x00000004   Data   RW          251    .data               delay.o
    0x20000014   0x0800213c   0x00000040   Data   RW          429    .data               md5.o
    0x20000054   0x0800217c   0x00000004   Data   RW         1891    .data               mc_w.l(stdout.o)
    0x20000058        -       0x0000000f   Zero   RW           67    .bss                store_app.o
    0x20000067   0x08002180   0x00000001   PAD
    0x20000068        -       0x00000800   Zero   RW          474    STACK               startup_gd32f30x_hd.o


==============================================================================

Image component sizes


      Code (inc. data)   RO Data    RW Data    ZI Data      Debug   Object Name

        72         12          0          4          0        712   delay.o
       732         74          0          0          0      11279   gd32f30x_fmc.o
       188          0          0          0          0        896   gd32f30x_gpio.o
        24          8          0          0          0        608   gd32f30x_misc.o
       440         46          0          0          0      19980   gd32f30x_rcu.o
       356         16          0          0          0      10462   gd32f30x_usart.o
        56         10          0          0          0       2148   iap_drv.o
       364         12          0          0          0       3070   inflash_drv.o
        64          4         36          0          0       1281   led_drv.o
       248        142          0          0          0       7931   main.o
      2376        268          0         64          0       6214   md5.o
        36          8        304          0       2048        860   startup_gd32f30x_hd.o
       792        146          0         15         15      36054   store_app.o
       648         30          0          0          0       3541   system_gd32f30x.o
       144         14          0          0          0       2153   usb2com_drv.o

    ----------------------------------------------------------------------
      6546        790        372         84       2064     107189   Object Totals
         0          0         32          0          0          0   (incl. Generated)
         6          0          0          1          1          0   (incl. Padding)

    ----------------------------------------------------------------------

      Code (inc. data)   RO Data    RW Data    ZI Data      Debug   Library Member Name

         0          0          0          0          0          0   entry.o
         0          0          0          0          0          0   entry10a.o
         0          0          0          0          0          0   entry11a.o
         8          4          0          0          0          0   entry2.o
         4          0          0          0          0          0   entry5.o
         0          0          0          0          0          0   entry7b.o
         0          0          0          0          0          0   entry8b.o
         8          4          0          0          0          0   entry9a.o
        30          0          0          0          0          0   handlers.o
        36          8          0          0          0         68   init.o
        30          0          0          0          0         68   llshl.o
        32          0          0          0          0         68   llushr.o
        36          0          0          0          0         68   memcpya.o
        36          0          0          0          0        108   memseta.o
      1204         60          0          0          0        504   printf8.o
         0          0          0          4          0          0   stdout.o
        28          0          0          0          0         76   strcmp.o
        18          0          0          0          0         68   strcpy.o
        98          0          0          0          0         92   uldiv.o

    ----------------------------------------------------------------------
      1570         76          0          4          0       1120   Library Totals
         2          0          0          0          0          0   (incl. Padding)

    ----------------------------------------------------------------------

      Code (inc. data)   RO Data    RW Data    ZI Data      Debug   Library Name

      1568         76          0          4          0       1120   mc_w.l

    ----------------------------------------------------------------------
      1570         76          0          4          0       1120   Library Totals

    ----------------------------------------------------------------------

==============================================================================


      Code (inc. data)   RO Data    RW Data    ZI Data      Debug   

      8116        866        372         88       2064     102941   Grand Totals
      8116        866        372         88       2064     102941   ELF Image Totals
      8116        866        372         88          0          0   ROM Totals

==============================================================================

    Total RO  Size (Code + RO Data)                 8488 (   8.29kB)
    Total RW  Size (RW Data + ZI Data)              2152 (   2.10kB)
    Total ROM Size (Code + RO Data + RW Data)       8576 (   8.38kB)

==============================================================================

